<html>
<body>
<pre>
<h1>礦ision Build Log</h1>
<h2>Tool Versions:</h2>
IDE-Version: μVision V5.24.2.0
Copyright (C) 2017 ARM Ltd and ARM Germany GmbH. All rights reserved.
License Information: wu WIN10, tian, LIC=VGXG8-3BE98-MML9I-T4QED-4PU1Y-0HZVJ
 
Tool Versions:
Toolchain:       MDK-ARM Plus  Version: 5.24.1
Toolchain Path:  D:\keil5\ARM\ARMCLANG\Bin
C Compiler:      ArmClang.exe V6.7
Assembler:       Armasm.exe V6.7
Linker/Locator:  ArmLink.exe V6.7
Library Manager: ArmAr.exe V6.7
Hex Converter:   FromElf.exe V6.7
CPU DLL:         SARMCM3.DLL V5.24.1
Dialog DLL:      DARMCM1.DLL V1.18.0.0
Target DLL:      CMSIS_AGDI.dll V1.28.3.0
Dialog DLL:      TARMCM1.DLL V1.13.0.0
 
<h2>Project:</h2>
C:\Users\WIN10\Documents\电赛小车\H题_第1至3问_Keil5_K230_20260731\keil\CarMatch_MSPM0G3507.uvprojx
Project File Date:  07/30/2026

<h2>Output:</h2>
*** Using Compiler 'V6.7', folder: 'D:\keil5\ARM\ARMCLANG\Bin'
Rebuild target 'CarMatch_MSPM0G3507'
assembling startup_mspm0g350x_uvision.s...
compiling line_sensor.c...
compiling display.c...
compiling k230_protocol.c...
compiling main.c...
compiling pid.c...
compiling motor.c...
compiling ti_msp_dl_config.c...
compiling mpu6050.c...
compiling robot_app.c...
compiling hal_ti_mspm0.c...
compiling servo.c...
compiling oled.c...
linking...
Program Size: Code=16404 RO-data=1508 RW-data=4 ZI-data=5876  
FromELF: creating hex file...
".\Objects\CarMatch_MSPM0G3507.axf" - 0 Error(s), 0 Warning(s).

<h2>Software Packages used:</h2>

<h2>Collection of Component include folders:</h2>
  .\RTE\_CarMatch_MSPM0G3507

<h2>Collection of Component Files used:</h2>
Build Time Elapsed:  00:00:02
</pre>
</body>
</html>
