*** Using Compiler 'V6.7', folder: 'D:\keil5\ARM\ARMCLANG\Bin'
Rebuild target 'CarMatch_MSPM0G3507'
assembling startup_mspm0g350x_uvision.s...
compiling mpu6050.c...
compiling display.c...
compiling motor.c...
compiling k230_protocol.c...
compiling line_sensor.c...
compiling oled.c...
compiling servo.c...
compiling pid.c...
compiling main.c...
compiling robot_app.c...
compiling hal_ti_mspm0.c...
compiling ti_msp_dl_config.c...
linking...
Program Size: Code=16404 RO-data=1508 RW-data=4 ZI-data=5876
FromELF: creating hex file...
".\Objects\CarMatch_MSPM0G3507.axf" - 0 Error(s), 0 Warning(s).
Build Time Elapsed: 00:00:02
