Component: ARM Compiler 6.7 Tool: armlink [5c9ef700]

==============================================================================

Section Cross References

    startup_mspm0g350x_uvision.o(RESET) refers to startup_mspm0g350x_uvision.o(STACK) for __initial_sp
    startup_mspm0g350x_uvision.o(RESET) refers to startup_mspm0g350x_uvision.o(.text) for Reset_Handler
    startup_mspm0g350x_uvision.o(RESET) refers to hal_ti_mspm0.o(.text.SysTick_Handler) for SysTick_Handler
    startup_mspm0g350x_uvision.o(RESET) refers to hal_ti_mspm0.o(.text.UART0_IRQHandler) for UART0_IRQHandler
    startup_mspm0g350x_uvision.o(.text) refers to entry.o(.ARM.Collect$$$$00000000) for __main
    ti_msp_dl_config.o(.text.SYSCFG_DL_init) refers to ti_msp_dl_config.o(.text.SYSCFG_DL_initPower) for SYSCFG_DL_initPower
    ti_msp_dl_config.o(.text.SYSCFG_DL_init) refers to ti_msp_dl_config.o(.text.SYSCFG_DL_GPIO_init) for SYSCFG_DL_GPIO_init
    ti_msp_dl_config.o(.text.SYSCFG_DL_init) refers to ti_msp_dl_config.o(.text.SYSCFG_DL_SYSCTL_init) for SYSCFG_DL_SYSCTL_init
    ti_msp_dl_config.o(.text.SYSCFG_DL_init) refers to ti_msp_dl_config.o(.text.SYSCFG_DL_Motor_init) for SYSCFG_DL_Motor_init
    ti_msp_dl_config.o(.text.SYSCFG_DL_init) refers to ti_msp_dl_config.o(.text.SYSCFG_DL_Servo_init) for SYSCFG_DL_Servo_init
    ti_msp_dl_config.o(.text.SYSCFG_DL_init) refers to ti_msp_dl_config.o(.text.SYSCFG_DL_UART_K230_init) for SYSCFG_DL_UART_K230_init
    ti_msp_dl_config.o(.text.SYSCFG_DL_init) refers to ti_msp_dl_config.o(.bss.gMotorBackup) for gMotorBackup
    ti_msp_dl_config.o(.text.SYSCFG_DL_init) refers to ti_msp_dl_config.o(.bss.gServoBackup) for gServoBackup
    ti_msp_dl_config.o(.ARM.exidx.text.SYSCFG_DL_init) refers to ti_msp_dl_config.o(.text.SYSCFG_DL_init) for [Anonymous Symbol]
    ti_msp_dl_config.o(.text.SYSCFG_DL_initPower) refers to ti_msp_dl_config.o(.text.DL_GPIO_reset) for DL_GPIO_reset
    ti_msp_dl_config.o(.text.SYSCFG_DL_initPower) refers to ti_msp_dl_config.o(.text.DL_Timer_reset) for DL_Timer_reset
    ti_msp_dl_config.o(.text.SYSCFG_DL_initPower) refers to ti_msp_dl_config.o(.text.DL_UART_reset) for DL_UART_reset
    ti_msp_dl_config.o(.text.SYSCFG_DL_initPower) refers to ti_msp_dl_config.o(.text.DL_GPIO_enablePower) for DL_GPIO_enablePower
    ti_msp_dl_config.o(.text.SYSCFG_DL_initPower) refers to ti_msp_dl_config.o(.text.DL_Timer_enablePower) for DL_Timer_enablePower
    ti_msp_dl_config.o(.text.SYSCFG_DL_initPower) refers to ti_msp_dl_config.o(.text.DL_UART_enablePower) for DL_UART_enablePower
    ti_msp_dl_config.o(.text.SYSCFG_DL_initPower) refers to dl_common.o(.text.DL_Common_delayCycles) for DL_Common_delayCycles
    ti_msp_dl_config.o(.ARM.exidx.text.SYSCFG_DL_initPower) refers to ti_msp_dl_config.o(.text.SYSCFG_DL_initPower) for [Anonymous Symbol]
    ti_msp_dl_config.o(.text.SYSCFG_DL_GPIO_init) refers to ti_msp_dl_config.o(.text.DL_GPIO_initPeripheralOutputFunction) for DL_GPIO_initPeripheralOutputFunction
    ti_msp_dl_config.o(.text.SYSCFG_DL_GPIO_init) refers to ti_msp_dl_config.o(.text.DL_GPIO_enableOutput) for DL_GPIO_enableOutput
    ti_msp_dl_config.o(.text.SYSCFG_DL_GPIO_init) refers to ti_msp_dl_config.o(.text.DL_GPIO_initPeripheralInputFunction) for DL_GPIO_initPeripheralInputFunction
    ti_msp_dl_config.o(.text.SYSCFG_DL_GPIO_init) refers to ti_msp_dl_config.o(.text.DL_GPIO_initDigitalOutput) for DL_GPIO_initDigitalOutput
    ti_msp_dl_config.o(.text.SYSCFG_DL_GPIO_init) refers to ti_msp_dl_config.o(.text.DL_GPIO_clearPins) for DL_GPIO_clearPins
    ti_msp_dl_config.o(.text.SYSCFG_DL_GPIO_init) refers to ti_msp_dl_config.o(.text.DL_GPIO_initDigitalInputFeatures) for DL_GPIO_initDigitalInputFeatures
    ti_msp_dl_config.o(.ARM.exidx.text.SYSCFG_DL_GPIO_init) refers to ti_msp_dl_config.o(.text.SYSCFG_DL_GPIO_init) for [Anonymous Symbol]
    ti_msp_dl_config.o(.text.SYSCFG_DL_SYSCTL_init) refers to ti_msp_dl_config.o(.text.DL_SYSCTL_setBORThreshold) for DL_SYSCTL_setBORThreshold
    ti_msp_dl_config.o(.text.SYSCFG_DL_SYSCTL_init) refers to ti_msp_dl_config.o(.text.DL_SYSCTL_setFlashWaitState) for DL_SYSCTL_setFlashWaitState
    ti_msp_dl_config.o(.text.SYSCFG_DL_SYSCTL_init) refers to ti_msp_dl_config.o(.text.DL_SYSCTL_setSYSOSCFreq) for DL_SYSCTL_setSYSOSCFreq
    ti_msp_dl_config.o(.text.SYSCFG_DL_SYSCTL_init) refers to dl_sysctl_mspm0g1x0x_g3x0x.o(.text.DL_SYSCTL_configSYSPLL) for DL_SYSCTL_configSYSPLL
    ti_msp_dl_config.o(.text.SYSCFG_DL_SYSCTL_init) refers to ti_msp_dl_config.o(.text.DL_SYSCTL_setULPCLKDivider) for DL_SYSCTL_setULPCLKDivider
    ti_msp_dl_config.o(.text.SYSCFG_DL_SYSCTL_init) refers to ti_msp_dl_config.o(.text.DL_SYSCTL_enableMFCLK) for DL_SYSCTL_enableMFCLK
    ti_msp_dl_config.o(.text.SYSCFG_DL_SYSCTL_init) refers to dl_sysctl_mspm0g1x0x_g3x0x.o(.text.DL_SYSCTL_switchMCLKfromSYSOSCtoHSCLK) for DL_SYSCTL_switchMCLKfromSYSOSCtoHSCLK
[...]
    [Anonymous Symbol]                       0x00001dac   Section        0  hal_ti_mspm0.o(.text.hal_uart_debug_write)
    [Anonymous Symbol]                       0x00001db0   Section        0  hal_ti_mspm0.o(.text.hal_uart_k230_read_byte)
    __arm_cp.26_0                            0x00001dd4   Number         4  hal_ti_mspm0.o(.text.hal_uart_k230_read_byte)
    __arm_cp.26_1                            0x00001dd8   Number         4  hal_ti_mspm0.o(.text.hal_uart_k230_read_byte)
    __arm_cp.26_2                            0x00001ddc   Number         4  hal_ti_mspm0.o(.text.hal_uart_k230_read_byte)
    [Anonymous Symbol]                       0x00001de0   Section        0  robot_app.o(.text.handle_button_events)
    handle_button_events                     0x00001de1   Thumb Code   104  robot_app.o(.text.handle_button_events)
    __arm_cp.3_1                             0x00001e38   Number         4  robot_app.o(.text.handle_button_events)
    __arm_cp.3_2                             0x00001e3c   Number         4  robot_app.o(.text.handle_button_events)
    __arm_cp.3_3                             0x00001e40   Number         4  robot_app.o(.text.handle_button_events)
    [Anonymous Symbol]                       0x00001e44   Section        0  hal_ti_mspm0.o(.text.i2c_delay)
    i2c_delay                                0x00001e45   Thumb Code    10  hal_ti_mspm0.o(.text.i2c_delay)
    [Anonymous Symbol]                       0x00001e4e   Section        0  hal_ti_mspm0.o(.text.i2c_drive_low)
    i2c_drive_low                            0x00001e4f   Thumb Code    26  hal_ti_mspm0.o(.text.i2c_drive_low)
    [Anonymous Symbol]                       0x00001e68   Section        0  hal_ti_mspm0.o(.text.i2c_read_byte)
    i2c_read_byte                            0x00001e69   Thumb Code   118  hal_ti_mspm0.o(.text.i2c_read_byte)
    [Anonymous Symbol]                       0x00001ede   Section        0  hal_ti_mspm0.o(.text.i2c_release)
    i2c_release                              0x00001edf   Thumb Code    18  hal_ti_mspm0.o(.text.i2c_release)
    [Anonymous Symbol]                       0x00001ef0   Section        0  hal_ti_mspm0.o(.text.i2c_scl_low)
    i2c_scl_low                              0x00001ef1   Thumb Code    14  hal_ti_mspm0.o(.text.i2c_scl_low)
    [Anonymous Symbol]                       0x00001f00   Section        0  hal_ti_mspm0.o(.text.i2c_scl_release_and_wait)
    i2c_scl_release_and_wait                 0x00001f01   Thumb Code    48  hal_ti_mspm0.o(.text.i2c_scl_release_and_wait)
    __arm_cp.29_0                            0x00001f28   Number         4  hal_ti_mspm0.o(.text.i2c_scl_release_and_wait)
    [Anonymous Symbol]                       0x00001f2c   Section        0  hal_ti_mspm0.o(.text.i2c_sda_is_high)
    i2c_sda_is_high                          0x00001f2d   Thumb Code    24  hal_ti_mspm0.o(.text.i2c_sda_is_high)
    __arm_cp.31_0                            0x00001f40   Number         4  hal_ti_mspm0.o(.text.i2c_sda_is_high)
    [Anonymous Symbol]                       0x00001f44   Section        0  hal_ti_mspm0.o(.text.i2c_sda_low)
    i2c_sda_low                              0x00001f45   Thumb Code    14  hal_ti_mspm0.o(.text.i2c_sda_low)
    [Anonymous Symbol]                       0x00001f52   Section        0  hal_ti_mspm0.o(.text.i2c_sda_release)
    i2c_sda_release                          0x00001f53   Thumb Code    14  hal_ti_mspm0.o(.text.i2c_sda_release)
    [Anonymous Symbol]                       0x00001f60   Section        0  hal_ti_mspm0.o(.text.i2c_start)
    i2c_start                                0x00001f61   Thumb Code    50  hal_ti_mspm0.o(.text.i2c_start)
    [Anonymous Symbol]                       0x00001f92   Section        0  hal_ti_mspm0.o(.text.i2c_stop)
    i2c_stop                                 0x00001f93   Thumb Code    28  hal_ti_mspm0.o(.text.i2c_stop)
    [Anonymous Symbol]                       0x00001fae   Section        0  hal_ti_mspm0.o(.text.i2c_write_byte)
    i2c_write_byte                           0x00001faf   Thumb Code    96  hal_ti_mspm0.o(.text.i2c_write_byte)
    [Anonymous Symbol]                       0x00002010   Section        0  k230_protocol.o(.text.k230_protocol_get)
    [Anonymous Symbol]                       0x00002020   Section        0  k230_protocol.o(.text.k230_protocol_init)
    [Anonymous Symbol]                       0x00002040   Section        0  k230_protocol.o(.text.k230_protocol_poll)
    __arm_cp.1_0                             0x000020ac   Number         4  k230_protocol.o(.text.k230_protocol_poll)
    __arm_cp.1_1                             0x000020b0   Number         4  k230_protocol.o(.text.k230_protocol_poll)
    __arm_cp.1_2                             0x000020b4   Number         4  k230_protocol.o(.text.k230_protocol_poll)
    [Anonymous Symbol]                       0x000020b8   Section        0  robot_app.o(.text.line_ready_for_start)
    line_ready_for_start                     0x000020b9   Thumb Code    52  robot_app.o(.text.line_ready_for_start)
    __arm_cp.11_0                            0x000020e4   Number         4  robot_app.o(.text.line_ready_for_start)
    __arm_cp.11_1                            0x000020e8   Number         4  robot_app.o(.text.line_ready_for_start)
    [Anonymous Symbol]                       0x000020ec   Section        0  line_sensor.o(.text.line_sensor_init)
    [Anonymous Symbol]                       0x000020f8   Section        0  line_sensor.o(.text.line_sensor_read)
    line_sensor_read.weights                 0x000021c0   Number         0  line_sensor.o(.text.line_sensor_read)
    line_sensor_read.pins                    0x000021c8   Number         0  line_sensor.o(.text.line_sensor_read)
    __arm_cp.1_2                             0x000021cc   Number         4  line_sensor.o(.text.line_sensor_read)
    __arm_cp.1_3                             0x000021d0   Number         4  line_sensor.o(.text.line_sensor_read)
    __arm_cp.1_4                             0x000021d4   Number         4  line_sensor.o(.text.line_sensor_read)
    [Anonymous Symbol]                       0x000021d8   Section        0  main.o(.text.main)
    [Anonymous Symbol]                       0x000021ec   Section        0  motor.o(.text.motor_get_left)
    [Anonymous Symbol]                       0x000021f4   Section        0  motor.o(.text.motor_get_right)
    [Anonymous Symbol]                       0x000021fc   Section        0  motor.o(.text.motor_init)
    [Anonymous Symbol]                       0x00002210   Section        0  motor.o(.text.motor_set_raw)
    [Anonymous Symbol]                       0x00002268   Section        0  motor.o(.text.motor_stop)
    __arm_cp.1_0                             0x000022b0   Number         4  motor.o(.text.motor_stop)
    __arm_cp.1_1                             0x000022b4   Number         4  motor.o(.text.motor_stop)
    [Anonymous Symbol]                       0x000022b8   Section        0  mpu6050.o(.text.mpu6050_calibrate_gyro)
    __arm_cp.2_1                             0x0000231c   Number         4  mpu6050.o(.text.mpu6050_calibrate_gyro)
    __arm_cp.2_2                             0x00002320   Number         4  mpu6050.o(.text.mpu6050_calibrate_gyro)
    [Anonymous Symbol]                       0x00002324   Section        0  mpu6050.o(.text.mpu6050_get_state)
    [Anonymous Symbol]                       0x00002334   Section        0  mpu6050.o(.text.mpu6050_init)
    [Anonymous Symbol]                       0x000023a0   Section        0  mpu6050.o(.text.mpu6050_update)
    __arm_cp.6_1                             0x00002430   Number         4  mpu6050.o(.text.mpu6050_update)
    __arm_cp.6_2                             0x00002434   Number         4  mpu6050.o(.text.mpu6050_update)
    [Anonymous Symbol]                       0x00002438   Section        0  mpu6050.o(.text.mpu6050_zero_yaw)
    __arm_cp.3_0                             0x00002440   Number         4  mpu6050.o(.text.mpu6050_zero_yaw)
    [Anonymous Symbol]                       0x00002444   Section        0  oled.o(.text.oled_clear)
    [Anonymous Symbol]                       0x00002454   Section        0  oled.o(.text.oled_draw_char)
    __arm_cp.4_0                             0x000024a4   Number         4  oled.o(.text.oled_draw_char)
    [Anonymous Symbol]                       0x000024a8   Section        0  oled.o(.text.oled_draw_string)
    [Anonymous Symbol]                       0x000024d4   Section        0  oled.o(.text.oled_flush)
    __arm_cp.3_0                             0x00002510   Number         4  oled.o(.text.oled_flush)
    [Anonymous Symbol]                       0x00002514   Section        0  oled.o(.text.oled_init)
    oled_init.init_cmds                      0x00002534   Number         0  oled.o(.text.oled_init)
    [Anonymous Symbol]                       0x00002550   Section        0  display.o(.text.oled_render)
    oled_render                              0x00002551   Thumb Code   524  display.o(.text.oled_render)
    __arm_cp.2_0                             0x000026d8   Number         4  display.o(.text.oled_render)
    __arm_cp.2_1                             0x000026dc   Number         4  display.o(.text.oled_render)
    __arm_cp.2_4                             0x000026fc   Number         4  display.o(.text.oled_render)
    [Anonymous Symbol]                       0x0000275c   Section        0  oled.o(.text.oled_set_pixel)
    oled_set_pixel                           0x0000275d   Thumb Code    44  oled.o(.text.oled_set_pixel)
    __arm_cp.5_0                             0x00002784   Number         4  oled.o(.text.oled_set_pixel)
    [Anonymous Symbol]                       0x00002788   Section        0  oled.o(.text.oled_write_cmd)
    oled_write_cmd                           0x00002789   Thumb Code    24  oled.o(.text.oled_write_cmd)
    [Anonymous Symbol]                       0x000027a0   Section        0  k230_protocol.o(.text.parse_float_after_prefix)
    parse_float_after_prefix                 0x000027a1   Thumb Code    60  k230_protocol.o(.text.parse_float_after_prefix)
    __arm_cp.4_0                             0x000027d4   Number         4  k230_protocol.o(.text.parse_float_after_prefix)
    [Anonymous Symbol]                       0x000027dc   Section        0  k230_protocol.o(.text.parse_line)
    parse_line                               0x000027dd   Thumb Code   176  k230_protocol.o(.text.parse_line)
    __arm_cp.2_0                             0x0000287c   Number         4  k230_protocol.o(.text.parse_line)
    __arm_cp.2_2                             0x00002888   Number         4  k230_protocol.o(.text.parse_line)
    [Anonymous Symbol]                       0x0000288c   Section        0  pid.o(.text.pid_init)
    [Anonymous Symbol]                       0x000028a0   Section        0  pid.o(.text.pid_reset)
    [Anonymous Symbol]                       0x000028ac   Section        0  pid.o(.text.pid_update)
    __arm_cp.2_0                             0x00002948   Number         4  pid.o(.text.pid_update)
    [Anonymous Symbol]                       0x0000294c   Section        0  robot_app.o(.text.poll_buttons)
    poll_buttons                             0x0000294d   Thumb Code    48  robot_app.o(.text.poll_buttons)
    __arm_cp.2_0                             0x00002970   Number         4  robot_app.o(.text.poll_buttons)
    __arm_cp.2_1                             0x00002974   Number         4  robot_app.o(.text.poll_buttons)
    __arm_cp.2_2                             0x00002978   Number         4  robot_app.o(.text.poll_buttons)
    [Anonymous Symbol]                       0x0000297c   Section        0  motor.o(.text.ramp_to)
    ramp_to                                  0x0000297d   Thumb Code    24  motor.o(.text.ramp_to)
    [Anonymous Symbol]                       0x00002994   Section        0  mpu6050.o(.text.read_regs)
    read_regs                                0x00002995   Thumb Code    30  mpu6050.o(.text.read_regs)
    [Anonymous Symbol]                       0x000029b4   Section        0  robot_app.o(.text.reset_controllers)
    reset_controllers                        0x000029b5   Thumb Code    52  robot_app.o(.text.reset_controllers)
    [Anonymous Symbol]                       0x000029d4   Section        0  robot_app.o(.text.robot_app_init)
    __arm_cp.0_1                             0x00002a30   Number         4  robot_app.o(.text.robot_app_init)
    __arm_cp.0_2                             0x00002a34   Number         4  robot_app.o(.text.robot_app_init)
    __arm_cp.0_4                             0x00002a38   Number         4  robot_app.o(.text.robot_app_init)
    __arm_cp.0_5                             0x00002a3c   Number         4  robot_app.o(.text.robot_app_init)
    __arm_cp.0_6                             0x00002a40   Number         4  robot_app.o(.text.robot_app_init)
    __arm_cp.0_8                             0x00002a44   Number         4  robot_app.o(.text.robot_app_init)
    __arm_cp.0_9                             0x00002a48   Number         4  robot_app.o(.text.robot_app_init)
    [Anonymous Symbol]                       0x00002a4c   Section        0  robot_app.o(.text.robot_app_tick)
    __arm_cp.1_0                             0x00002b60   Number         4  robot_app.o(.text.robot_app_tick)
    __arm_cp.1_2                             0x00002b64   Number         4  robot_app.o(.text.robot_app_tick)
    __arm_cp.1_4                             0x00002b68   Number         4  robot_app.o(.text.robot_app_tick)
    __arm_cp.1_5                             0x00002b6c   Number         4  robot_app.o(.text.robot_app_tick)
    [Anonymous Symbol]                       0x00002b70   Section        0  robot_app.o(.text.run_ball_control)
    run_ball_control                         0x00002b71   Thumb Code   188  robot_app.o(.text.run_ball_control)
    __arm_cp.7_1                             0x00002c14   Number         4  robot_app.o(.text.run_ball_control)
    __arm_cp.7_2                             0x00002c18   Number         4  robot_app.o(.text.run_ball_control)
    __arm_cp.7_3                             0x00002c1c   Number         4  robot_app.o(.text.run_ball_control)
    __arm_cp.7_5                             0x00002c20   Number         4  robot_app.o(.text.run_ball_control)
    [Anonymous Symbol]                       0x00002c24   Section        0  robot_app.o(.text.run_line_control)
    run_line_control                         0x00002c25   Thumb Code   240  robot_app.o(.text.run_line_control)
    __arm_cp.6_1                             0x00002cf4   Number         4  robot_app.o(.text.run_line_control)
    __arm_cp.6_2                             0x00002cf8   Number         4  robot_app.o(.text.run_line_control)
    __arm_cp.6_3                             0x00002cfc   Number         4  robot_app.o(.text.run_line_control)
    __arm_cp.6_5                             0x00002d00   Number         4  robot_app.o(.text.run_line_control)
    __arm_cp.6_6                             0x00002d04   Number         4  robot_app.o(.text.run_line_control)
    __arm_cp.6_7                             0x00002d08   Number         4  robot_app.o(.text.run_line_control)
    [Anonymous Symbol]                       0x00002d0c   Section        0  servo.o(.text.servo_center)
    [Anonymous Symbol]                       0x00002d18   Section        0  servo.o(.text.servo_get_pulse_us)
    [Anonymous Symbol]                       0x00002d20   Section        0  servo.o(.text.servo_init)
    [Anonymous Symbol]                       0x00002d28   Section        0  servo.o(.text.servo_set_delta_us)
    __arm_cp.4_0                             0x00002d48   Number         4  servo.o(.text.servo_set_delta_us)
    __arm_cp.4_1                             0x00002d4c   Number         4  servo.o(.text.servo_set_delta_us)
    [Anonymous Symbol]                       0x00002d50   Section        0  servo.o(.text.servo_set_pulse_us)
    __arm_cp.2_0                             0x00002d64   Number         4  servo.o(.text.servo_set_pulse_us)
    [Anonymous Symbol]                       0x00002d68   Section        0  robot_app.o(.text.set_finished)
    set_finished                             0x00002d69   Thumb Code    24  robot_app.o(.text.set_finished)
    __arm_cp.14_0                            0x00002d7c   Number         4  robot_app.o(.text.set_finished)
    [Anonymous Symbol]                       0x00002d80   Section        0  robot_app.o(.text.start_task)
    start_task                               0x00002d81   Thumb Code    80  robot_app.o(.text.start_task)
    __arm_cp.10_1                            0x00002dbc   Number         4  robot_app.o(.text.start_task)
    __arm_cp.10_2                            0x00002dc0   Number         4  robot_app.o(.text.start_task)
    __arm_cp.10_3                            0x00002dc4   Number         4  robot_app.o(.text.start_task)
    __arm_cp.10_4                            0x00002dc8   Number         4  robot_app.o(.text.start_task)
    [Anonymous Symbol]                       0x00002dcc   Section        0  display.o(.text.state_text)
    state_text                               0x00002dcd   Thumb Code    32  display.o(.text.state_text)
    __arm_cp.3_1                             0x00002de8   Number         4  display.o(.text.state_text)
    [Anonymous Symbol]                       0x00002dec   Section        0  robot_app.o(.text.stop_task)
    stop_task                                0x00002ded   Thumb Code    28  robot_app.o(.text.stop_task)
    __arm_cp.5_0                             0x00002e04   Number         4  robot_app.o(.text.stop_task)
    [Anonymous Symbol]                       0x00002e08   Section        0  robot_app.o(.text.update_button)
    update_button                            0x00002e09   Thumb Code    56  robot_app.o(.text.update_button)
    [Anonymous Symbol]                       0x00002e40   Section        0  mpu6050.o(.text.write_reg)
    write_reg                                0x00002e41   Thumb Code    24  mpu6050.o(.text.write_reg)
    i.__0snprintf                            0x00002e58   Section        0  printfa.o(i.__0snprintf)
    i.__ARM_clz                              0x00002e8c   Section        0  depilogue.o(i.__ARM_clz)
    i.__aeabi_errno_addr                     0x00002ebc   Section        0  errno.o(i.__aeabi_errno_addr)
    i.__mathlib_narrow                       0x00002ec4   Section        0  narrow.o(i.__mathlib_narrow)
    i.__mathlib_tofloat                      0x00002ed4   Section        0  narrow.o(i.__mathlib_tofloat)
    i.__scatterload_copy                     0x00002fa0   Section       14  handlers.o(i.__scatterload_copy)
    i.__scatterload_null                     0x00002fb0   Section        2  handlers.o(i.__scatterload_null)
    i.__scatterload_zeroinit                 0x00002fb8   Section       14  handlers.o(i.__scatterload_zeroinit)
    i.__set_errno                            0x00002fc8   Section        0  errno.o(i.__set_errno)
    i._fp_digits                             0x00002fd4   Section        0  printfa.o(i._fp_digits)
    _fp_digits                               0x00002fd5   Thumb Code   344  printfa.o(i._fp_digits)
    i._is_digit                              0x00003148   Section        0  scanf_fp.o(i._is_digit)
    i._printf_core                           0x00003158   Section        0  printfa.o(i._printf_core)
    _printf_core                             0x00003159   Thumb Code  1754  printfa.o(i._printf_core)
    i._printf_post_padding                   0x00003844   Section        0  printfa.o(i._printf_post_padding)
    _printf_post_padding                     0x00003845   Thumb Code    32  printfa.o(i._printf_post_padding)
    i._printf_pre_padding                    0x00003864   Section        0  printfa.o(i._printf_pre_padding)
    _printf_pre_padding                      0x00003865   Thumb Code    44  printfa.o(i._printf_pre_padding)
    i._snputc                                0x00003890   Section        0  printfa.o(i._snputc)
    _snputc                                  0x00003891   Thumb Code    22  printfa.o(i._snputc)
    i.frexp                                  0x000038a8   Section        0  frexp.o(i.frexp)
    i.strtof                                 0x00003900   Section        0  strtof.o(i.strtof)
    .constdata                               0x00003914   Section      129  ctype_o.o(.constdata)
    .constdata                               0x00003998   Section        4  ctype_o.o(.constdata)
    table                                    0x00003998   Data           4  ctype_o.o(.constdata)
    [Anonymous Symbol]                       0x0000399c   Section        0  display.o(.rodata..Lswitch.table)
    [Anonymous Symbol]                       0x000039a8   Section        0  ti_msp_dl_config.o(.rodata.gMotorClockConfig)
    gMotorClockConfig                        0x000039a8   Data           3  ti_msp_dl_config.o(.rodata.gMotorClockConfig)
    [Anonymous Symbol]                       0x000039ac   Section        0  ti_msp_dl_config.o(.rodata.gMotorConfig)
    gMotorConfig                             0x000039ac   Data           8  ti_msp_dl_config.o(.rodata.gMotorConfig)
    [Anonymous Symbol]                       0x000039b4   Section        0  ti_msp_dl_config.o(.rodata.gSYSPLLConfig)
    gSYSPLLConfig                            0x000039b4   Data          40  ti_msp_dl_config.o(.rodata.gSYSPLLConfig)
    [Anonymous Symbol]                       0x000039dc   Section        0  ti_msp_dl_config.o(.rodata.gServoClockConfig)
    gServoClockConfig                        0x000039dc   Data           3  ti_msp_dl_config.o(.rodata.gServoClockConfig)
    [Anonymous Symbol]                       0x000039e0   Section        0  ti_msp_dl_config.o(.rodata.gServoConfig)
    gServoConfig                             0x000039e0   Data           8  ti_msp_dl_config.o(.rodata.gServoConfig)
    [Anonymous Symbol]                       0x000039e8   Section        0  ti_msp_dl_config.o(.rodata.gUARTK230ClockConfig)
    gUARTK230ClockConfig                     0x000039e8   Data           2  ti_msp_dl_config.o(.rodata.gUARTK230ClockConfig)
    [Anonymous Symbol]                       0x000039ea   Section        0  ti_msp_dl_config.o(.rodata.gUARTK230Config)
    gUARTK230Config                          0x000039ea   Data          10  ti_msp_dl_config.o(.rodata.gUARTK230Config)
    [Anonymous Symbol]                       0x000039f4   Section        0  oled.o(.rodata.oled_flush.addr_window)
    oled_flush.addr_window                   0x000039f4   Data           7  oled.o(.rodata.oled_flush.addr_window)
    [Anonymous Symbol]                       0x000039fb   Section        0  oled.o(.rodata.s_font8x8)
    s_font8x8                                0x000039fb   Data         760  oled.o(.rodata.s_font8x8)
    [Anonymous Symbol]                       0x00003cf3   Section        0  display.o(.rodata.str1.1)
    .L.str.1                                 0x00003cf3   Data          89  display.o(.rodata.str1.1)
    .L.str.12                                0x00003d4c   Data           5  display.o(.rodata.str1.1)
    .L.str.11                                0x00003d51   Data           5  display.o(.rodata.str1.1)
    .L.str.13                                0x00003d56   Data           5  display.o(.rodata.str1.1)
    .data                                    0x20200000   Section        4  errno.o(.data)
    _errno                                   0x20200000   Data           4  errno.o(.data)
    [Anonymous Symbol]                       0x20200008   Section        0  display.o(.bss.display_update.s_last_print_ms)
    display_update.s_last_print_ms           0x20200008   Data           4  display.o(.bss.display_update.s_last_print_ms)
    [Anonymous Symbol]                       0x2020016c   Section        0  robot_app.o(.bss.s_ball_pid)
    s_ball_pid                               0x2020016c   Data          32  robot_app.o(.bss.s_ball_pid)
    [Anonymous Symbol]                       0x2020018c   Section        0  robot_app.o(.bss.s_ball_stable_since_ms)
    s_ball_stable_since_ms                   0x2020018c   Data           4  robot_app.o(.bss.s_ball_stable_since_ms)
    [Anonymous Symbol]                       0x20200190   Section        0  robot_app.o(.bss.s_ball_stage)
    s_ball_stage                             0x20200190   Data           1  robot_app.o(.bss.s_ball_stage)
    [Anonymous Symbol]                       0x20200194   Section        0  robot_app.o(.bss.s_ball_stage_start_ms)
    s_ball_stage_start_ms                    0x20200194   Data           4  robot_app.o(.bss.s_ball_stage_start_ms)
    [Anonymous Symbol]                       0x20200198   Section        0  line_sensor.o(.bss.s_black_history)
    s_black_history                          0x20200198   Data           4  line_sensor.o(.bss.s_black_history)
    [Anonymous Symbol]                       0x2020019c   Section        0  oled.o(.bss.s_fb)
    s_fb                                     0x2020019c   Data        1024  oled.o(.bss.s_fb)
    [Anonymous Symbol]                       0x2020059c   Section        0  robot_app.o(.bss.s_key_calib)
    s_key_calib                              0x2020059c   Data           8  robot_app.o(.bss.s_key_calib)
    [Anonymous Symbol]                       0x202005a4   Section        0  robot_app.o(.bss.s_key_mode)
    s_key_mode                               0x202005a4   Data           8  robot_app.o(.bss.s_key_mode)
    [Anonymous Symbol]                       0x202005ac   Section        0  robot_app.o(.bss.s_key_start)
    s_key_start                              0x202005ac   Data           8  robot_app.o(.bss.s_key_start)
    [Anonymous Symbol]                       0x202005b4   Section        0  line_sensor.o(.bss.s_last_error)
    s_last_error                             0x202005b4   Data           4  line_sensor.o(.bss.s_last_error)
    [Anonymous Symbol]                       0x202005b8   Section        0  robot_app.o(.bss.s_last_tick_ms)
    s_last_tick_ms                           0x202005b8   Data           4  robot_app.o(.bss.s_last_tick_ms)
    [Anonymous Symbol]                       0x202005bc   Section        0  motor.o(.bss.s_left_pwm)
    s_left_pwm                               0x202005bc   Data           2  motor.o(.bss.s_left_pwm)
    [Anonymous Symbol]                       0x202005c0   Section        0  robot_app.o(.bss.s_line_all_black_since_ms)
    s_line_all_black_since_ms                0x202005c0   Data           4  robot_app.o(.bss.s_line_all_black_since_ms)
    [Anonymous Symbol]                       0x202005c4   Section        0  k230_protocol.o(.bss.s_line_buf)
    s_line_buf                               0x202005c4   Data          64  k230_protocol.o(.bss.s_line_buf)
    [Anonymous Symbol]                       0x20200604   Section        0  k230_protocol.o(.bss.s_line_len)
    s_line_len                               0x20200604   Data           1  k230_protocol.o(.bss.s_line_len)
    [Anonymous Symbol]                       0x20200608   Section        0  robot_app.o(.bss.s_line_lost_since_ms)
    s_line_lost_since_ms                     0x20200608   Data           4  robot_app.o(.bss.s_line_lost_since_ms)
    [Anonymous Symbol]                       0x2020060c   Section        0  robot_app.o(.bss.s_line_pid)
    s_line_pid                               0x2020060c   Data          32  robot_app.o(.bss.s_line_pid)
    [Anonymous Symbol]                       0x2020062c   Section        0  mpu6050.o(.bss.s_mpu)
    s_mpu                                    0x2020062c   Data          24  mpu6050.o(.bss.s_mpu)
    [Anonymous Symbol]                       0x20200644   Section        0  motor.o(.bss.s_right_pwm)
    s_right_pwm                              0x20200644   Data           2  motor.o(.bss.s_right_pwm)
    [Anonymous Symbol]                       0x20200646   Section        0  servo.o(.bss.s_servo_us)
    s_servo_us                               0x20200646   Data           2  servo.o(.bss.s_servo_us)
    [Anonymous Symbol]                       0x20200648   Section        0  robot_app.o(.bss.s_task_start_ms)
    s_task_start_ms                          0x20200648   Data           4  robot_app.o(.bss.s_task_start_ms)
    [Anonymous Symbol]                       0x2020064c   Section        0  robot_app.o(.bss.s_tel)
    s_tel                                    0x2020064c   Data          40  robot_app.o(.bss.s_tel)
    [Anonymous Symbol]                       0x20200674   Section        0  hal_ti_mspm0.o(.bss.s_uart_rx_buffer)
    s_uart_rx_buffer                         0x20200674   Data         128  hal_ti_mspm0.o(.bss.s_uart_rx_buffer)
    [Anonymous Symbol]                       0x202006f4   Section        0  hal_ti_mspm0.o(.bss.s_uart_rx_head)
    s_uart_rx_head                           0x202006f4   Data           1  hal_ti_mspm0.o(.bss.s_uart_rx_head)
    [Anonymous Symbol]                       0x202006f5   Section        0  hal_ti_mspm0.o(.bss.s_uart_rx_tail)
    s_uart_rx_tail                           0x202006f5   Data           1  hal_ti_mspm0.o(.bss.s_uart_rx_tail)
    [Anonymous Symbol]                       0x202006f8   Section        0  k230_protocol.o(.bss.s_vision)
    s_vision                                 0x202006f8   Data          24  k230_protocol.o(.bss.s_vision)
    STACK                                    0x20200710   Section     4096  startup_mspm0g350x_uvision.o(STACK)

    Global Symbols

    Symbol Name                              Value     Ov Type        Size  Object(Section)

    BuildAttributes$$THM_ISAv3M$S$PE$A:L22$X:L11$S22$IEEE1$IW$~IW$USESV6$~STKCKD$USESV7$~SHL$OTIME$ROPI$IEEEJ$EBA8$MICROLIB$REQ8$PRES8$EABIv2 0x00000000   Number         0  anon$$obj.o ABSOLUTE
    __Vectors                                0x00000000   Data           4  startup_mspm0g350x_uvision.o(RESET)
    _printf_a                                0x00000000   Number         0  stubs.o ABSOLUTE
    _printf_c                                0x00000000   Number         0  stubs.o ABSOLUTE
    _printf_charcount                        0x00000000   Number         0  stubs.o ABSOLUTE
    _printf_d                                0x00000000   Number         0  stubs.o ABSOLUTE
    _printf_e                                0x00000000   Number         0  stubs.o ABSOLUTE
    _printf_f                                0x00000000   Number         0  stubs.o ABSOLUTE
    _printf_flags                            0x00000000   Number         0  stubs.o ABSOLUTE
    _printf_fp_dec                           0x00000000   Number         0  stubs.o ABSOLUTE
    _printf_fp_hex                           0x00000000   Number         0  stubs.o ABSOLUTE
    _printf_g                                0x00000000   Number         0  stubs.o ABSOLUTE
    _printf_i                                0x00000000   Number         0  stubs.o ABSOLUTE
    _printf_int_dec                          0x00000000   Number         0  stubs.o ABSOLUTE
    _printf_l                                0x00000000   Number         0  stubs.o ABSOLUTE
    _printf_lc                               0x00000000   Number         0  stubs.o ABSOLUTE
    _printf_ll                               0x00000000   Number         0  stubs.o ABSOLUTE
    _printf_lld                              0x00000000   Number         0  stubs.o ABSOLUTE
    _printf_lli                              0x00000000   Number         0  stubs.o ABSOLUTE
    _printf_llo                              0x00000000   Number         0  stubs.o ABSOLUTE
    _printf_llu                              0x00000000   Number         0  stubs.o ABSOLUTE
    _printf_llx                              0x00000000   Number         0  stubs.o ABSOLUTE
    _printf_longlong_dec                     0x00000000   Number         0  stubs.o ABSOLUTE
    _printf_longlong_hex                     0x00000000   Number         0  stubs.o ABSOLUTE
    _printf_longlong_oct                     0x00000000   Number         0  stubs.o ABSOLUTE
    _printf_ls                               0x00000000   Number         0  stubs.o ABSOLUTE
    _printf_mbtowc                           0x00000000   Number         0  stubs.o ABSOLUTE
    _printf_n                                0x00000000   Number         0  stubs.o ABSOLUTE
    _printf_o                                0x00000000   Number         0  stubs.o ABSOLUTE
    _printf_p                                0x00000000   Number         0  stubs.o ABSOLUTE
    _printf_percent                          0x00000000   Number         0  stubs.o ABSOLUTE
    _printf_pre_padding                      0x00000000   Number         0  stubs.o ABSOLUTE
    _printf_return_value                     0x00000000   Number         0  stubs.o ABSOLUTE
    _printf_s                                0x00000000   Number         0  stubs.o ABSOLUTE
    _printf_sizespec                         0x00000000   Number         0  stubs.o ABSOLUTE
    _printf_str                              0x00000000   Number         0  stubs.o ABSOLUTE
    _printf_truncate_signed                  0x00000000   Number         0  stubs.o ABSOLUTE
    _printf_truncate_unsigned                0x00000000   Number         0  stubs.o ABSOLUTE
    _printf_u                                0x00000000   Number         0  stubs.o ABSOLUTE
    _printf_wc                               0x00000000   Number         0  stubs.o ABSOLUTE
    _printf_wctomb                           0x00000000   Number         0  stubs.o ABSOLUTE
    _printf_widthprec                        0x00000000   Number         0  stubs.o ABSOLUTE
    _printf_x                                0x00000000   Number         0  stubs.o ABSOLUTE
    __cpp_initialize__aeabi_                  - Undefined Weak Reference
    __cxa_finalize                            - Undefined Weak Reference
    __decompress                              - Undefined Weak Reference
    _clock_init                               - Undefined Weak Reference
    _microlib_exit                            - Undefined Weak Reference
    __Vectors_End                            0x000000c0   Data           0  startup_mspm0g350x_uvision.o(RESET)
    __Vectors_Size                           0x000000c0   Number         0  startup_mspm0g350x_uvision.o ABSOLUTE
    __main                                   0x000000c1   Thumb Code     0  entry.o(.ARM.Collect$$$$00000000)
    _main_stk                                0x000000c1   Thumb Code     0  entry2.o(.ARM.Collect$$$$00000001)
    _main_scatterload                        0x000000c5   Thumb Code     0  entry5.o(.ARM.Collect$$$$00000004)
    __main_after_scatterload                 0x000000c9   Thumb Code     0  entry5.o(.ARM.Collect$$$$00000004)
    _main_clock                              0x000000c9   Thumb Code     0  entry7b.o(.ARM.Collect$$$$00000008)
    _main_cpp_init                           0x000000c9   Thumb Code     0  entry8b.o(.ARM.Collect$$$$0000000A)
    _main_init                               0x000000c9   Thumb Code     0  entry9a.o(.ARM.Collect$$$$0000000B)
    __rt_final_cpp                           0x000000d1   Thumb Code     0  entry10a.o(.ARM.Collect$$$$0000000D)
    __rt_final_exit                          0x000000d1   Thumb Code     0  entry11a.o(.ARM.Collect$$$$0000000F)
    Reset_Handler                            0x000000d5   Thumb Code     4  startup_mspm0g350x_uvision.o(.text)
    NMI_Handler                              0x000000d9   Thumb Code     2  startup_mspm0g350x_uvision.o(.text)
    HardFault_Handler                        0x000000db   Thumb Code     2  startup_mspm0g350x_uvision.o(.text)
    SVC_Handler                              0x000000dd   Thumb Code     2  startup_mspm0g350x_uvision.o(.text)
    PendSV_Handler                           0x000000df   Thumb Code     2  startup_mspm0g350x_uvision.o(.text)
    ADC0_IRQHandler                          0x000000e3   Thumb Code     0  startup_mspm0g350x_uvision.o(.text)
    ADC1_IRQHandler                          0x000000e3   Thumb Code     0  startup_mspm0g350x_uvision.o(.text)
    AES_IRQHandler                           0x000000e3   Thumb Code     0  startup_mspm0g350x_uvision.o(.text)
    CANFD0_IRQHandler                        0x000000e3   Thumb Code     0  startup_mspm0g350x_uvision.o(.text)
    DAC0_IRQHandler                          0x000000e3   Thumb Code     0  startup_mspm0g350x_uvision.o(.text)
    DMA_IRQHandler                           0x000000e3   Thumb Code     0  startup_mspm0g350x_uvision.o(.text)
    Default_Handler                          0x000000e3   Thumb Code     2  startup_mspm0g350x_uvision.o(.text)
    GROUP0_IRQHandler                        0x000000e3   Thumb Code     0  startup_mspm0g350x_uvision.o(.text)
    GROUP1_IRQHandler                        0x000000e3   Thumb Code     0  startup_mspm0g350x_uvision.o(.text)
    I2C0_IRQHandler                          0x000000e3   Thumb Code     0  startup_mspm0g350x_uvision.o(.text)
    I2C1_IRQHandler                          0x000000e3   Thumb Code     0  startup_mspm0g350x_uvision.o(.text)
    RTC_IRQHandler                           0x000000e3   Thumb Code     0  startup_mspm0g350x_uvision.o(.text)
    SPI0_IRQHandler                          0x000000e3   Thumb Code     0  startup_mspm0g350x_uvision.o(.text)
    SPI1_IRQHandler                          0x000000e3   Thumb Code     0  startup_mspm0g350x_uvision.o(.text)
    TIMA0_IRQHandler                         0x000000e3   Thumb Code     0  startup_mspm0g350x_uvision.o(.text)
    TIMA1_IRQHandler                         0x000000e3   Thumb Code     0  startup_mspm0g350x_uvision.o(.text)
    TIMG0_IRQHandler                         0x000000e3   Thumb Code     0  startup_mspm0g350x_uvision.o(.text)
    TIMG12_IRQHandler                        0x000000e3   Thumb Code     0  startup_mspm0g350x_uvision.o(.text)
    TIMG6_IRQHandler                         0x000000e3   Thumb Code     0  startup_mspm0g350x_uvision.o(.text)
    TIMG7_IRQHandler                         0x000000e3   Thumb Code     0  startup_mspm0g350x_uvision.o(.text)
    TIMG8_IRQHandler                         0x000000e3   Thumb Code     0  startup_mspm0g350x_uvision.o(.text)
    UART1_IRQHandler                         0x000000e3   Thumb Code     0  startup_mspm0g350x_uvision.o(.text)
    UART2_IRQHandler                         0x000000e3   Thumb Code     0  startup_mspm0g350x_uvision.o(.text)
    UART3_IRQHandler                         0x000000e3   Thumb Code     0  startup_mspm0g350x_uvision.o(.text)
    __aeabi_uidiv                            0x000000e9   Thumb Code     0  uidiv.o(.text)
    __aeabi_uidivmod                         0x000000e9   Thumb Code    44  uidiv.o(.text)
    __aeabi_idiv                             0x00000115   Thumb Code     0  idiv.o(.text)
    __aeabi_idivmod                          0x00000115   Thumb Code    40  idiv.o(.text)
    __aeabi_memcpy                           0x0000013d   Thumb Code    36  memcpya.o(.text)
    __aeabi_memcpy4                          0x0000013d   Thumb Code     0  memcpya.o(.text)
    __aeabi_memcpy8                          0x0000013d   Thumb Code     0  memcpya.o(.text)
    __aeabi_memset                           0x00000161   Thumb Code    14  memseta.o(.text)
    __aeabi_memset4                          0x00000161   Thumb Code     0  memseta.o(.text)
    __aeabi_memset8                          0x00000161   Thumb Code     0  memseta.o(.text)
    __aeabi_memclr                           0x0000016f   Thumb Code     4  memseta.o(.text)
    __aeabi_memclr4                          0x0000016f   Thumb Code     0  memseta.o(.text)
    __aeabi_memclr8                          0x0000016f   Thumb Code     0  memseta.o(.text)
    _memset$wrapper                          0x00000173   Thumb Code    18  memseta.o(.text)
    strncmp                                  0x00000185   Thumb Code    30  strncmp.o(.text)
    strtol                                   0x000001a5   Thumb Code   108  strtol.o(.text)
    __aeabi_fadd                             0x00000215   Thumb Code   162  fadd.o(.text)
    __aeabi_fsub                             0x000002b7   Thumb Code     8  fadd.o(.text)
    __aeabi_frsub                            0x000002bf   Thumb Code     8  fadd.o(.text)
    __aeabi_fmul                             0x000002c7   Thumb Code   122  fmul.o(.text)
    __aeabi_fdiv                             0x00000341   Thumb Code   124  fdiv.o(.text)
    __aeabi_ddiv                             0x000003bd   Thumb Code   234  ddiv.o(.text)
    __aeabi_fcmple                           0x000004ad   Thumb Code    28  fcmple.o(.text)
    __aeabi_fcmplt                           0x000004c9   Thumb Code    28  fcmplt.o(.text)
    __aeabi_fcmpge                           0x000004e5   Thumb Code    28  fcmpge.o(.text)
    __aeabi_fcmpgt                           0x00000501   Thumb Code    28  fcmpgt.o(.text)
    __aeabi_i2f                              0x0000051d   Thumb Code    22  fflti.o(.text)
    __aeabi_ui2f                             0x00000533   Thumb Code    14  ffltui.o(.text)
    __aeabi_ui2d                             0x00000541   Thumb Code    24  dfltui.o(.text)
    __aeabi_f2iz                             0x0000055d   Thumb Code    50  ffixi.o(.text)
    __aeabi_f2d                              0x0000058f   Thumb Code    40  f2d.o(.text)
    __aeabi_uldivmod                         0x000005b7   Thumb Code    96  uldiv.o(.text)
    __rt_ctype_table                         0x00000619   Thumb Code     4  ctype_o.o(.text)
    isspace                                  0x00000621   Thumb Code    18  isspace_o.o(.text)
    _strtoul                                 0x00000633   Thumb Code   166  _strtoul.o(.text)
    __strtof_int                             0x000006d9   Thumb Code    26  strtof.o(.text)
    __I$use$fp                               0x000006f3   Thumb Code     0  iusefp.o(.text)
    _float_round                             0x000006f3   Thumb Code    16  fepilogue.o(.text)
    _float_epilogue                          0x00000703   Thumb Code   114  fepilogue.o(.text)
    _double_round                            0x00000775   Thumb Code    26  depilogue.o(.text)
    _double_epilogue                         0x0000078f   Thumb Code   164  depilogue.o(.text)
    __aeabi_dadd                             0x00000835   Thumb Code   328  dadd.o(.text)
    __aeabi_dsub                             0x0000097d   Thumb Code    12  dadd.o(.text)
    __aeabi_drsub                            0x00000989   Thumb Code    12  dadd.o(.text)
    __aeabi_dmul                             0x00000999   Thumb Code   202  dmul.o(.text)
    __aeabi_d2ulz                            0x00000a69   Thumb Code    54  dfixul.o(.text)
    __aeabi_cdrcmple                         0x00000aa9   Thumb Code    38  cdrcmple.o(.text)
    __scatterload                            0x00000ad1   Thumb Code    28  init.o(.text)
    __scatterload_rt2                        0x00000ad1   Thumb Code     0  init.o(.text)
    __aeabi_llsl                             0x00000af5   Thumb Code    32  llshl.o(.text)
    _ll_shift_l                              0x00000af5   Thumb Code     0  llshl.o(.text)
    __aeabi_llsr                             0x00000b15   Thumb Code    34  llushr.o(.text)
    _ll_ushift_r                             0x00000b15   Thumb Code     0  llushr.o(.text)
    __aeabi_lasr                             0x00000b37   Thumb Code    38  llsshr.o(.text)
    _ll_sshift_r                             0x00000b37   Thumb Code     0  llsshr.o(.text)
    _chval                                   0x00000b5d   Thumb Code    30  _chval.o(.text)
    __strtod_int                             0x00000bb3   Thumb Code    92  strtod.o(.text)
    _scanf_real                              0x00000d3f   Thumb Code     0  scanf_fp.o(.text)
    _scanf_really_real                       0x00000d3f   Thumb Code   586  scanf_fp.o(.text)
    _sgetc                                   0x00000f95   Thumb Code    32  _sgetc.o(.text)
    _sbackspace                              0x00000fb5   Thumb Code    36  _sgetc.o(.text)
    __aeabi_cdcmpeq                          0x00000fd9   Thumb Code     0  cdcmple.o(.text)
    __aeabi_cdcmple                          0x00000fd9   Thumb Code    38  cdcmple.o(.text)
    __aeabi_d2f                              0x00001001   Thumb Code    56  d2f.o(.text)
    __fp_status                              0x00001039   Thumb Code     4  fpstat.o(.text)
    __ieee_status                            0x00001039   Thumb Code     0  fpstat.o(.text)
    __aeabi_lmul                             0x0000103d   Thumb Code   122  llmul.o(.text)
    _ll_mul                                  0x0000103d   Thumb Code     0  llmul.o(.text)
    __ARM_scalbn                             0x000010b7   Thumb Code    44  dscalb.o(.text)
    scalbn                                   0x000010b7   Thumb Code     0  dscalb.o(.text)
    __aeabi_ul2d                             0x000010e5   Thumb Code    22  dfltul.o(.text)
    DL_Common_delayCycles                    0x00001101   Thumb Code    10  dl_common.o(.text.DL_Common_delayCycles)
    DL_SYSCTL_configSYSPLL                   0x000011d1   Thumb Code   200  dl_sysctl_mspm0g1x0x_g3x0x.o(.text.DL_SYSCTL_configSYSPLL)
    DL_SYSCTL_switchMCLKfromSYSOSCtoHSCLK    0x000012e9   Thumb Code    40  dl_sysctl_mspm0g1x0x_g3x0x.o(.text.DL_SYSCTL_switchMCLKfromSYSOSCtoHSCLK)
    DL_Timer_initFourCCPWMMode               0x00001329   Thumb Code   272  dl_timer.o(.text.DL_Timer_initFourCCPWMMode)
    DL_Timer_setCaptCompUpdateMethod         0x00001449   Thumb Code    28  dl_timer.o(.text.DL_Timer_setCaptCompUpdateMethod)
    DL_Timer_setCaptureCompareOutCtl         0x00001465   Thumb Code    24  dl_timer.o(.text.DL_Timer_setCaptureCompareOutCtl)
    DL_Timer_setCaptureCompareValue          0x0000147d   Thumb Code    16  dl_timer.o(.text.DL_Timer_setCaptureCompareValue)
    DL_Timer_setClockConfig                  0x0000148d   Thumb Code    28  dl_timer.o(.text.DL_Timer_setClockConfig)
    DL_UART_init                             0x00001509   Thumb Code    72  dl_uart.o(.text.DL_UART_init)
    DL_UART_setClockConfig                   0x000015b1   Thumb Code    18  dl_uart.o(.text.DL_UART_setClockConfig)
    SYSCFG_DL_GPIO_init                      0x000015d9   Thumb Code   164  ti_msp_dl_config.o(.text.SYSCFG_DL_GPIO_init)
    SYSCFG_DL_Motor_init                     0x0000167d   Thumb Code   140  ti_msp_dl_config.o(.text.SYSCFG_DL_Motor_init)
    SYSCFG_DL_SYSCTL_init                    0x00001705   Thumb Code    40  ti_msp_dl_config.o(.text.SYSCFG_DL_SYSCTL_init)
    SYSCFG_DL_Servo_init                     0x0000172d   Thumb Code   100  ti_msp_dl_config.o(.text.SYSCFG_DL_Servo_init)
    SYSCFG_DL_UART_K230_init                 0x0000178d   Thumb Code    52  ti_msp_dl_config.o(.text.SYSCFG_DL_UART_K230_init)
    SYSCFG_DL_init                           0x000017c1   Thumb Code    52  ti_msp_dl_config.o(.text.SYSCFG_DL_init)
    SYSCFG_DL_initPower                      0x000017f5   Thumb Code    96  ti_msp_dl_config.o(.text.SYSCFG_DL_initPower)
    SysTick_Handler                          0x0000186d   Thumb Code    16  hal_ti_mspm0.o(.text.SysTick_Handler)
    UART0_IRQHandler                         0x0000187d   Thumb Code    72  hal_ti_mspm0.o(.text.UART0_IRQHandler)
    display_init                             0x00001a5d   Thumb Code    48  display.o(.text.display_init)
    display_update                           0x00001a8d   Thumb Code   188  display.o(.text.display_update)
    hal_delay_ms                             0x00001b49   Thumb Code    22  hal_ti_mspm0.o(.text.hal_delay_ms)
    hal_gpio_read                            0x00001b61   Thumb Code    96  hal_ti_mspm0.o(.text.hal_gpio_read)
    hal_gpio_write                           0x00001bc1   Thumb Code    56  hal_ti_mspm0.o(.text.hal_gpio_write)
    hal_i2c_write                            0x00001bf9   Thumb Code    84  hal_ti_mspm0.o(.text.hal_i2c_write)
    hal_i2c_write_read                       0x00001c4d   Thumb Code   180  hal_ti_mspm0.o(.text.hal_i2c_write_read)
    hal_init                                 0x00001d01   Thumb Code    72  hal_ti_mspm0.o(.text.hal_init)
    hal_millis                               0x00001d35   Thumb Code    12  hal_ti_mspm0.o(.text.hal_millis)
    hal_pwm_set_duty_permille                0x00001d41   Thumb Code    64  hal_ti_mspm0.o(.text.hal_pwm_set_duty_permille)
    hal_pwm_set_servo_us                     0x00001d81   Thumb Code    44  hal_ti_mspm0.o(.text.hal_pwm_set_servo_us)
    hal_uart_debug_write                     0x00001dad   Thumb Code     2  hal_ti_mspm0.o(.text.hal_uart_debug_write)
    hal_uart_k230_read_byte                  0x00001db1   Thumb Code    48  hal_ti_mspm0.o(.text.hal_uart_k230_read_byte)
    k230_protocol_get                        0x00002011   Thumb Code    20  k230_protocol.o(.text.k230_protocol_get)
    k230_protocol_init                       0x00002021   Thumb Code    44  k230_protocol.o(.text.k230_protocol_init)
    k230_protocol_poll                       0x00002041   Thumb Code   120  k230_protocol.o(.text.k230_protocol_poll)
    line_sensor_init                         0x000020ed   Thumb Code    20  line_sensor.o(.text.line_sensor_init)
    line_sensor_read                         0x000020f9   Thumb Code   224  line_sensor.o(.text.line_sensor_read)
    main                                     0x000021d9   Thumb Code    20  main.o(.text.main)
    motor_get_left                           0x000021ed   Thumb Code    12  motor.o(.text.motor_get_left)
    motor_get_right                          0x000021f5   Thumb Code    12  motor.o(.text.motor_get_right)
    motor_init                               0x000021fd   Thumb Code    28  motor.o(.text.motor_init)
    motor_set_raw                            0x00002211   Thumb Code    96  motor.o(.text.motor_set_raw)
    motor_stop                               0x00002269   Thumb Code    80  motor.o(.text.motor_stop)
    mpu6050_calibrate_gyro                   0x000022b9   Thumb Code   116  mpu6050.o(.text.mpu6050_calibrate_gyro)
    mpu6050_get_state                        0x00002325   Thumb Code    20  mpu6050.o(.text.mpu6050_get_state)
    mpu6050_init                             0x00002335   Thumb Code   112  mpu6050.o(.text.mpu6050_init)
    mpu6050_update                           0x000023a1   Thumb Code   156  mpu6050.o(.text.mpu6050_update)
    mpu6050_zero_yaw                         0x00002439   Thumb Code    12  mpu6050.o(.text.mpu6050_zero_yaw)
    oled_clear                               0x00002445   Thumb Code    20  oled.o(.text.oled_clear)
    oled_draw_char                           0x00002455   Thumb Code    84  oled.o(.text.oled_draw_char)
    oled_draw_string                         0x000024a9   Thumb Code    44  oled.o(.text.oled_draw_string)
    oled_flush                               0x000024d5   Thumb Code    68  oled.o(.text.oled_flush)
    oled_init                                0x00002515   Thumb Code    60  oled.o(.text.oled_init)
    pid_init                                 0x0000288d   Thumb Code    20  pid.o(.text.pid_init)
    pid_reset                                0x000028a1   Thumb Code    10  pid.o(.text.pid_reset)
    pid_update                               0x000028ad   Thumb Code   160  pid.o(.text.pid_update)
    robot_app_init                           0x000029d5   Thumb Code   132  robot_app.o(.text.robot_app_init)
    robot_app_tick                           0x00002a4d   Thumb Code   300  robot_app.o(.text.robot_app_tick)
    servo_center                             0x00002d0d   Thumb Code    16  servo.o(.text.servo_center)
    servo_get_pulse_us                       0x00002d19   Thumb Code    12  servo.o(.text.servo_get_pulse_us)
    servo_init                               0x00002d21   Thumb Code     8  servo.o(.text.servo_init)
    servo_set_delta_us                       0x00002d29   Thumb Code    40  servo.o(.text.servo_set_delta_us)
    servo_set_pulse_us                       0x00002d51   Thumb Code    24  servo.o(.text.servo_set_pulse_us)
    __0snprintf                              0x00002e59   Thumb Code    46  printfa.o(i.__0snprintf)
    __1snprintf                              0x00002e59   Thumb Code     0  printfa.o(i.__0snprintf)
    __2snprintf                              0x00002e59   Thumb Code     0  printfa.o(i.__0snprintf)
    __c89snprintf                            0x00002e59   Thumb Code     0  printfa.o(i.__0snprintf)
    snprintf                                 0x00002e59   Thumb Code     0  printfa.o(i.__0snprintf)
    __ARM_clz                                0x00002e8d   Thumb Code    46  depilogue.o(i.__ARM_clz)
    __aeabi_errno_addr                       0x00002ebd   Thumb Code     4  errno.o(i.__aeabi_errno_addr)
    __rt_errno_addr                          0x00002ebd   Thumb Code     0  errno.o(i.__aeabi_errno_addr)
    __mathlib_narrow                         0x00002ec5   Thumb Code    16  narrow.o(i.__mathlib_narrow)
    __mathlib_tofloat                        0x00002ed5   Thumb Code   190  narrow.o(i.__mathlib_tofloat)
    __scatterload_copy                       0x00002fa1   Thumb Code    14  handlers.o(i.__scatterload_copy)
    __scatterload_null                       0x00002fb1   Thumb Code     2  handlers.o(i.__scatterload_null)
    __scatterload_zeroinit                   0x00002fb9   Thumb Code    14  handlers.o(i.__scatterload_zeroinit)
    __set_errno                              0x00002fc9   Thumb Code     6  errno.o(i.__set_errno)
    _is_digit                                0x00003149   Thumb Code    14  scanf_fp.o(i._is_digit)
    frexp                                    0x000038a9   Thumb Code    72  frexp.o(i.frexp)
    strtof                                   0x00003901   Thumb Code    20  strtof.o(i.strtof)
    __ctype_table                            0x00003914   Data         129  ctype_o.o(.constdata)
    Region$$Table$$Base                      0x00003d5c   Number         0  anon$$obj.o(Region$$Table)
    Region$$Table$$Limit                     0x00003d7c   Number         0  anon$$obj.o(Region$$Table)
    gMotorBackup                             0x2020000c   Data         188  ti_msp_dl_config.o(.bss.gMotorBackup)
    gServoBackup                             0x202000c8   Data         160  ti_msp_dl_config.o(.bss.gServoBackup)
    g_systick_ms                             0x20200168   Data           4  hal_ti_mspm0.o(.bss.g_systick_ms)
    __initial_sp                             0x20201710   Data           0  startup_mspm0g350x_uvision.o(STACK)



==============================================================================

Memory Map of the image

  Image Entry point : 0x000000c1

  Load Region LR_IROM1 (Base: 0x00000000, Size: 0x00003d88, Max: 0x00020000, ABSOLUTE)

    Execution Region ER_IROM1 (Exec base: 0x00000000, Load base: 0x00000000, Size: 0x00003d7c, Max: 0x00020000, ABSOLUTE)

    Exec Addr    Load Addr    Size         Type   Attr      Idx    E Section Name        Object

    0x00000000   0x00000000   0x000000c0   Data   RO            3    RESET               startup_mspm0g350x_uvision.o
    0x000000c0   0x000000c0   0x00000000   Code   RO          638  * .ARM.Collect$$$$00000000  mc_p.l(entry.o)
    0x000000c0   0x000000c0   0x00000004   Code   RO          942    .ARM.Collect$$$$00000001  mc_p.l(entry2.o)
    0x000000c4   0x000000c4   0x00000004   Code   RO          945    .ARM.Collect$$$$00000004  mc_p.l(entry5.o)
    0x000000c8   0x000000c8   0x00000000   Code   RO          947    .ARM.Collect$$$$00000008  mc_p.l(entry7b.o)
    0x000000c8   0x000000c8   0x00000000   Code   RO          949    .ARM.Collect$$$$0000000A  mc_p.l(entry8b.o)
    0x000000c8   0x000000c8   0x00000008   Code   RO          950    .ARM.Collect$$$$0000000B  mc_p.l(entry9a.o)
    0x000000d0   0x000000d0   0x00000000   Code   RO          952    .ARM.Collect$$$$0000000D  mc_p.l(entry10a.o)
    0x000000d0   0x000000d0   0x00000000   Code   RO          954    .ARM.Collect$$$$0000000F  mc_p.l(entry11a.o)
    0x000000d0   0x000000d0   0x00000004   Code   RO          943    .ARM.Collect$$$$00002712  mc_p.l(entry2.o)
    0x000000d4   0x000000d4   0x00000014   Code   RO            4    .text               startup_mspm0g350x_uvision.o
    0x000000e8   0x000000e8   0x0000002c   Code   RO          641    .text               mc_p.l(uidiv.o)
    0x00000114   0x00000114   0x00000028   Code   RO          643    .text               mc_p.l(idiv.o)
    0x0000013c   0x0000013c   0x00000024   Code   RO          645    .text               mc_p.l(memcpya.o)
    0x00000160   0x00000160   0x00000024   Code   RO          647    .text               mc_p.l(memseta.o)
    0x00000184   0x00000184   0x0000001e   Code   RO          649    .text               mc_p.l(strncmp.o)
    0x000001a2   0x000001a2   0x00000002   PAD
    0x000001a4   0x000001a4   0x00000070   Code   RO          914    .text               mc_p.l(strtol.o)
    0x00000214   0x00000214   0x000000b2   Code   RO          916    .text               mf_p.l(fadd.o)
    0x000002c6   0x000002c6   0x0000007a   Code   RO          918    .text               mf_p.l(fmul.o)
    0x00000340   0x00000340   0x0000007c   Code   RO          920    .text               mf_p.l(fdiv.o)
    0x000003bc   0x000003bc   0x000000f0   Code   RO          922    .text               mf_p.l(ddiv.o)
    0x000004ac   0x000004ac   0x0000001c   Code   RO          924    .text               mf_p.l(fcmple.o)
    0x000004c8   0x000004c8   0x0000001c   Code   RO          926    .text               mf_p.l(fcmplt.o)
    0x000004e4   0x000004e4   0x0000001c   Code   RO          928    .text               mf_p.l(fcmpge.o)
    0x00000500   0x00000500   0x0000001c   Code   RO          930    .text               mf_p.l(fcmpgt.o)
    0x0000051c   0x0000051c   0x00000016   Code   RO          932    .text               mf_p.l(fflti.o)
    0x00000532   0x00000532   0x0000000e   Code   RO          934    .text               mf_p.l(ffltui.o)
    0x00000540   0x00000540   0x0000001c   Code   RO          936    .text               mf_p.l(dfltui.o)
    0x0000055c   0x0000055c   0x00000032   Code   RO          938    .text               mf_p.l(ffixi.o)
    0x0000058e   0x0000058e   0x00000028   Code   RO          940    .text               mf_p.l(f2d.o)
    0x000005b6   0x000005b6   0x00000060   Code   RO          961    .text               mc_p.l(uldiv.o)
    0x00000616   0x00000616   0x00000002   PAD
    0x00000618   0x00000618   0x00000008   Code   RO          963    .text               mc_p.l(ctype_o.o)
    0x00000620   0x00000620   0x00000012   Code   RO          985    .text               mc_p.l(isspace_o.o)
    0x00000632   0x00000632   0x000000a6   Code   RO          998    .text               mc_p.l(_strtoul.o)
    0x000006d8   0x000006d8   0x0000001a   Code   RO         1000    .text               mc_p.l(strtof.o)
    0x000006f2   0x000006f2   0x00000000   Code   RO         1002    .text               mc_p.l(iusefp.o)
    0x000006f2   0x000006f2   0x00000082   Code   RO         1003    .text               mf_p.l(fepilogue.o)
    0x00000774   0x00000774   0x000000be   Code   RO         1005    .text               mf_p.l(depilogue.o)
    0x00000832   0x00000832   0x00000002   PAD
    0x00000834   0x00000834   0x00000164   Code   RO         1009    .text               mf_p.l(dadd.o)
    0x00000998   0x00000998   0x000000d0   Code   RO         1011    .text               mf_p.l(dmul.o)
    0x00000a68   0x00000a68   0x00000040   Code   RO         1013    .text               mf_p.l(dfixul.o)
    0x00000aa8   0x00000aa8   0x00000028   Code   RO         1015    .text               mf_p.l(cdrcmple.o)
    0x00000ad0   0x00000ad0   0x00000024   Code   RO         1023    .text               mc_p.l(init.o)
    0x00000af4   0x00000af4   0x00000020   Code   RO         1026    .text               mc_p.l(llshl.o)
    0x00000b14   0x00000b14   0x00000022   Code   RO         1028    .text               mc_p.l(llushr.o)
    0x00000b36   0x00000b36   0x00000026   Code   RO         1030    .text               mc_p.l(llsshr.o)
    0x00000b5c   0x00000b5c   0x0000001e   Code   RO         1032    .text               mc_p.l(_chval.o)
    0x00000b7a   0x00000b7a   0x00000002   PAD
    0x00000b7c   0x00000b7c   0x000000a4   Code   RO         1034    .text               mc_p.l(strtod.o)
    0x00000c20   0x00000c20   0x00000374   Code   RO         1043    .text               mc_p.l(scanf_fp.o)
    0x00000f94   0x00000f94   0x00000044   Code   RO         1047    .text               mc_p.l(_sgetc.o)
    0x00000fd8   0x00000fd8   0x00000028   Code   RO         1049    .text               mf_p.l(cdcmple.o)
    0x00001000   0x00001000   0x00000038   Code   RO         1051    .text               mf_p.l(d2f.o)
    0x00001038   0x00001038   0x00000004   Code   RO         1053    .text               mf_p.l(fpstat.o)
    0x0000103c   0x0000103c   0x0000007a   Code   RO         1055    .text               mc_p.l(llmul.o)
    0x000010b6   0x000010b6   0x0000002c   Code   RO         1060    .text               mf_p.l(dscalb.o)
    0x000010e2   0x000010e2   0x00000002   PAD
    0x000010e4   0x000010e4   0x0000001c   Code   RO         1062    .text               mf_p.l(dfltul.o)
    0x00001100   0x00001100   0x0000000a   Code   RO          457    .text.DL_Common_delayCycles  driverlib.a(dl_common.o)
    0x0000110a   0x0000110a   0x0000000c   Code   RO           77    .text.DL_Common_updateReg  ti_msp_dl_config.o
    0x00001116   0x00001116   0x00000002   PAD
    0x00001118   0x00001118   0x0000000c   Code   RO           49    .text.DL_GPIO_clearPins  ti_msp_dl_config.o
    0x00001124   0x00001124   0x0000000c   Code   RO          392    .text.DL_GPIO_clearPins  hal_ti_mspm0.o
    0x00001130   0x00001130   0x0000000c   Code   RO          432    .text.DL_GPIO_disableOutput  hal_ti_mspm0.o
    0x0000113c   0x0000113c   0x00000008   Code   RO           43    .text.DL_GPIO_enableOutput  ti_msp_dl_config.o
    0x00001144   0x00001144   0x0000000c   Code   RO          440    .text.DL_GPIO_enableOutput  hal_ti_mspm0.o
    0x00001150   0x00001150   0x0000000c   Code   RO           35    .text.DL_GPIO_enablePower  ti_msp_dl_config.o
    0x0000115c   0x0000115c   0x0000000c   Code   RO           51    .text.DL_GPIO_initDigitalInputFeatures  ti_msp_dl_config.o
    0x00001168   0x00001168   0x00000010   Code   RO          434    .text.DL_GPIO_initDigitalInputFeatures  hal_ti_mspm0.o
    0x00001178   0x00001178   0x0000000c   Code   RO           47    .text.DL_GPIO_initDigitalOutput  ti_msp_dl_config.o
    0x00001184   0x00001184   0x0000000c   Code   RO          438    .text.DL_GPIO_initDigitalOutput  hal_ti_mspm0.o
    0x00001190   0x00001190   0x00000010   Code   RO           45    .text.DL_GPIO_initPeripheralInputFunction  ti_msp_dl_config.o
    0x000011a0   0x000011a0   0x00000010   Code   RO           41    .text.DL_GPIO_initPeripheralOutputFunction  ti_msp_dl_config.o
    0x000011b0   0x000011b0   0x0000000a   Code   RO          396    .text.DL_GPIO_readPins  hal_ti_mspm0.o
    0x000011ba   0x000011ba   0x00000002   PAD
    0x000011bc   0x000011bc   0x00000008   Code   RO           29    .text.DL_GPIO_reset  ti_msp_dl_config.o
    0x000011c4   0x000011c4   0x0000000c   Code   RO          390    .text.DL_GPIO_setPins  hal_ti_mspm0.o
    0x000011d0   0x000011d0   0x000000c4   Code   RO          603    .text.DL_SYSCTL_configSYSPLL  driverlib.a(dl_sysctl_mspm0g1x0x_g3x0x.o)
    0x00001294   0x00001294   0x00000010   Code   RO           61    .text.DL_SYSCTL_enableMFCLK  ti_msp_dl_config.o
    0x000012a4   0x000012a4   0x0000000c   Code   RO           53    .text.DL_SYSCTL_setBORThreshold  ti_msp_dl_config.o
    0x000012b0   0x000012b0   0x00000014   Code   RO           55    .text.DL_SYSCTL_setFlashWaitState  ti_msp_dl_config.o
    0x000012c4   0x000012c4   0x00000014   Code   RO           57    .text.DL_SYSCTL_setSYSOSCFreq  ti_msp_dl_config.o
    0x000012d8   0x000012d8   0x00000010   Code   RO           59    .text.DL_SYSCTL_setULPCLKDivider  ti_msp_dl_config.o
    0x000012e8   0x000012e8   0x00000028   Code   RO          611    .text.DL_SYSCTL_switchMCLKfromSYSOSCtoHSCLK  driverlib.a(dl_sysctl_mspm0g1x0x_g3x0x.o)
    0x00001310   0x00001310   0x0000000c   Code   RO           65    .text.DL_Timer_enableClock  ti_msp_dl_config.o
    0x0000131c   0x0000131c   0x0000000c   Code   RO           37    .text.DL_Timer_enablePower  ti_msp_dl_config.o
    0x00001328   0x00001328   0x0000010c   Code   RO          542    .text.DL_Timer_initFourCCPWMMode  driverlib.a(dl_timer.o)
    0x00001434   0x00001434   0x0000000c   Code   RO           31    .text.DL_Timer_reset  ti_msp_dl_config.o
    0x00001440   0x00001440   0x00000008   Code   RO           67    .text.DL_Timer_setCCPDirection  ti_msp_dl_config.o
    0x00001448   0x00001448   0x0000001c   Code   RO          512    .text.DL_Timer_setCaptCompUpdateMethod  driverlib.a(dl_timer.o)
    0x00001464   0x00001464   0x00000018   Code   RO          516    .text.DL_Timer_setCaptureCompareOutCtl  driverlib.a(dl_timer.o)
    0x0000147c   0x0000147c   0x00000010   Code   RO          472    .text.DL_Timer_setCaptureCompareValue  driverlib.a(dl_timer.o)
    0x0000148c   0x0000148c   0x0000001c   Code   RO          466    .text.DL_Timer_setClockConfig  driverlib.a(dl_timer.o)
    0x000014a8   0x000014a8   0x00000014   Code   RO           63    .text.DL_Timer_setCounterControl  ti_msp_dl_config.o
    0x000014bc   0x000014bc   0x00000010   Code   RO          374    .text.DL_Timer_startCounter  hal_ti_mspm0.o
    0x000014cc   0x000014cc   0x0000000c   Code   RO           75    .text.DL_UART_enable  ti_msp_dl_config.o
    0x000014d8   0x000014d8   0x00000014   Code   RO           73    .text.DL_UART_enableInterrupt  ti_msp_dl_config.o
    0x000014ec   0x000014ec   0x00000010   Code   RO           39    .text.DL_UART_enablePower  ti_msp_dl_config.o
    0x000014fc   0x000014fc   0x0000000c   Code   RO          366    .text.DL_UART_getPendingInterrupt  hal_ti_mspm0.o
    0x00001508   0x00001508   0x00000048   Code   RO          563    .text.DL_UART_init  driverlib.a(dl_uart.o)
    0x00001550   0x00001550   0x00000010   Code   RO          368    .text.DL_UART_isRXFIFOEmpty  hal_ti_mspm0.o
    0x00001560   0x00001560   0x0000000c   Code   RO          370    .text.DL_UART_receiveData  hal_ti_mspm0.o
    0x0000156c   0x0000156c   0x00000010   Code   RO           33    .text.DL_UART_reset  ti_msp_dl_config.o
    0x0000157c   0x0000157c   0x00000034   Code   RO           71    .text.DL_UART_setBaudRateDivisor  ti_msp_dl_config.o
    0x000015b0   0x000015b0   0x00000012   Code   RO          565    .text.DL_UART_setClockConfig  driverlib.a(dl_uart.o)
    0x000015c2   0x000015c2   0x00000002   PAD
    0x000015c4   0x000015c4   0x00000014   Code   RO           69    .text.DL_UART_setOversampling  ti_msp_dl_config.o
    0x000015d8   0x000015d8   0x000000a4   Code   RO           15    .text.SYSCFG_DL_GPIO_init  ti_msp_dl_config.o
    0x0000167c   0x0000167c   0x00000088   Code   RO           19    .text.SYSCFG_DL_Motor_init  ti_msp_dl_config.o
    0x00001704   0x00001704   0x00000028   Code   RO           17    .text.SYSCFG_DL_SYSCTL_init  ti_msp_dl_config.o
    0x0000172c   0x0000172c   0x00000060   Code   RO           21    .text.SYSCFG_DL_Servo_init  ti_msp_dl_config.o
    0x0000178c   0x0000178c   0x00000034   Code   RO           23    .text.SYSCFG_DL_UART_K230_init  ti_msp_dl_config.o
    0x000017c0   0x000017c0   0x00000034   Code   RO           11    .text.SYSCFG_DL_init  ti_msp_dl_config.o
    0x000017f4   0x000017f4   0x00000058   Code   RO           13    .text.SYSCFG_DL_initPower  ti_msp_dl_config.o
    0x0000184c   0x0000184c   0x00000020   Code   RO          380    .text.SysTick_Config  hal_ti_mspm0.o
    0x0000186c   0x0000186c   0x00000010   Code   RO          362    .text.SysTick_Handler  hal_ti_mspm0.o
    0x0000187c   0x0000187c   0x00000048   Code   RO          364    .text.UART0_IRQHandler  hal_ti_mspm0.o
    0x000018c4   0x000018c4   0x00000010   Code   RO          376    .text.__NVIC_ClearPendingIRQ  hal_ti_mspm0.o
    0x000018d4   0x000018d4   0x00000010   Code   RO          378    .text.__NVIC_EnableIRQ  hal_ti_mspm0.o
    0x000018e4   0x000018e4   0x00000018   Code   RO          382    .text.__NVIC_SetPriority  hal_ti_mspm0.o
    0x000018fc   0x000018fc   0x00000008   Code   RO          121    .text.absf_local    robot_app.o
    0x00001904   0x00001904   0x0000004c   Code   RO          143    .text.advance_ball_stage  robot_app.o
    0x00001950   0x00001950   0x00000064   Code   RO          291    .text.apply_one_motor  motor.o
    0x000019b4   0x000019b4   0x0000000c   Code   RO          320    .text.be16          mpu6050.o
    0x000019c0   0x000019c0   0x0000003c   Code   RO          139    .text.clamp_motor_command  robot_app.o
    0x000019fc   0x000019fc   0x00000018   Code   RO          287    .text.clamp_pwm     motor.o
    0x00001a14   0x00001a14   0x0000001c   Code   RO          344    .text.clamp_servo_us  servo.o
    0x00001a30   0x00001a30   0x0000002a   Code   RO          175    .text.clampf        pid.o
    0x00001a5a   0x00001a5a   0x00000002   PAD
    0x00001a5c   0x00001a5c   0x00000030   Code   RO          188    .text.display_init  display.o
    0x00001a8c   0x00001a8c   0x000000bc   Code   RO          190    .text.display_update  display.o
    0x00001b48   0x00001b48   0x00000016   Code   RO          386    .text.hal_delay_ms  hal_ti_mspm0.o
    0x00001b5e   0x00001b5e   0x00000002   PAD
    0x00001b60   0x00001b60   0x00000060   Code   RO          394    .text.hal_gpio_read  hal_ti_mspm0.o
    0x00001bc0   0x00001bc0   0x00000038   Code   RO          388    .text.hal_gpio_write  hal_ti_mspm0.o
    0x00001bf8   0x00001bf8   0x00000054   Code   RO          402    .text.hal_i2c_write  hal_ti_mspm0.o
    0x00001c4c   0x00001c4c   0x000000b4   Code   RO          410    .text.hal_i2c_write_read  hal_ti_mspm0.o
    0x00001d00   0x00001d00   0x00000034   Code   RO          372    .text.hal_init      hal_ti_mspm0.o
    0x00001d34   0x00001d34   0x0000000c   Code   RO          384    .text.hal_millis    hal_ti_mspm0.o
    0x00001d40   0x00001d40   0x00000040   Code   RO          398    .text.hal_pwm_set_duty_permille  hal_ti_mspm0.o
    0x00001d80   0x00001d80   0x0000002c   Code   RO          400    .text.hal_pwm_set_servo_us  hal_ti_mspm0.o
    0x00001dac   0x00001dac   0x00000002   Code   RO          416    .text.hal_uart_debug_write  hal_ti_mspm0.o
    0x00001dae   0x00001dae   0x00000002   PAD
    0x00001db0   0x00001db0   0x00000030   Code   RO          414    .text.hal_uart_k230_read_byte  hal_ti_mspm0.o
    0x00001de0   0x00001de0   0x00000064   Code   RO          119    .text.handle_button_events  robot_app.o
    0x00001e44   0x00001e44   0x0000000a   Code   RO          422    .text.i2c_delay     hal_ti_mspm0.o
    0x00001e4e   0x00001e4e   0x0000001a   Code   RO          436    .text.i2c_drive_low  hal_ti_mspm0.o
    0x00001e68   0x00001e68   0x00000076   Code   RO          412    .text.i2c_read_byte  hal_ti_mspm0.o
    0x00001ede   0x00001ede   0x00000012   Code   RO          430    .text.i2c_release   hal_ti_mspm0.o
    0x00001ef0   0x00001ef0   0x0000000e   Code   RO          428    .text.i2c_scl_low   hal_ti_mspm0.o
    0x00001efe   0x00001efe   0x00000002   PAD
    0x00001f00   0x00001f00   0x0000002c   Code   RO          420    .text.i2c_scl_release_and_wait  hal_ti_mspm0.o
    0x00001f2c   0x00001f2c   0x00000018   Code   RO          424    .text.i2c_sda_is_high  hal_ti_mspm0.o
    0x00001f44   0x00001f44   0x0000000e   Code   RO          426    .text.i2c_sda_low   hal_ti_mspm0.o
    0x00001f52   0x00001f52   0x0000000e   Code   RO          418    .text.i2c_sda_release  hal_ti_mspm0.o
    0x00001f60   0x00001f60   0x00000032   Code   RO          404    .text.i2c_start     hal_ti_mspm0.o
    0x00001f92   0x00001f92   0x0000001c   Code   RO          408    .text.i2c_stop      hal_ti_mspm0.o
    0x00001fae   0x00001fae   0x00000060   Code   RO          406    .text.i2c_write_byte  hal_ti_mspm0.o
    0x0000200e   0x0000200e   0x00000002   PAD
    0x00002010   0x00002010   0x00000010   Code   RO          246    .text.k230_protocol_get  k230_protocol.o
    0x00002020   0x00002020   0x00000020   Code   RO          240    .text.k230_protocol_init  k230_protocol.o
    0x00002040   0x00002040   0x00000078   Code   RO          242    .text.k230_protocol_poll  k230_protocol.o
    0x000020b8   0x000020b8   0x00000034   Code   RO          135    .text.line_ready_for_start  robot_app.o
    0x000020ec   0x000020ec   0x0000000c   Code   RO          264    .text.line_sensor_init  line_sensor.o
    0x000020f8   0x000020f8   0x000000e0   Code   RO          266    .text.line_sensor_read  line_sensor.o
    0x000021d8   0x000021d8   0x00000014   Code   RO           99    .text.main          main.o
    0x000021ec   0x000021ec   0x00000008   Code   RO          293    .text.motor_get_left  motor.o
    0x000021f4   0x000021f4   0x00000008   Code   RO          295    .text.motor_get_right  motor.o
    0x000021fc   0x000021fc   0x00000014   Code   RO          281    .text.motor_init    motor.o
    0x00002210   0x00002210   0x00000058   Code   RO          285    .text.motor_set_raw  motor.o
    0x00002268   0x00002268   0x00000050   Code   RO          283    .text.motor_stop    motor.o
    0x000022b8   0x000022b8   0x0000006c   Code   RO          314    .text.mpu6050_calibrate_gyro  mpu6050.o
    0x00002324   0x00002324   0x00000010   Code   RO          324    .text.mpu6050_get_state  mpu6050.o
    0x00002334   0x00002334   0x0000006c   Code   RO          310    .text.mpu6050_init  mpu6050.o
    0x000023a0   0x000023a0   0x00000098   Code   RO          322    .text.mpu6050_update  mpu6050.o
    0x00002438   0x00002438   0x0000000c   Code   RO          316    .text.mpu6050_zero_yaw  mpu6050.o
    0x00002444   0x00002444   0x00000010   Code   RO          214    .text.oled_clear    oled.o
    0x00002454   0x00002454   0x00000054   Code   RO          218    .text.oled_draw_char  oled.o
    0x000024a8   0x000024a8   0x0000002c   Code   RO          222    .text.oled_draw_string  oled.o
    0x000024d4   0x000024d4   0x00000040   Code   RO          216    .text.oled_flush    oled.o
    0x00002514   0x00002514   0x0000003c   Code   RO          210    .text.oled_init     oled.o
    0x00002550   0x00002550   0x0000020c   Code   RO          192    .text.oled_render   display.o
    0x0000275c   0x0000275c   0x0000002c   Code   RO          220    .text.oled_set_pixel  oled.o
    0x00002788   0x00002788   0x00000018   Code   RO          212    .text.oled_write_cmd  oled.o
    0x000027a0   0x000027a0   0x0000003c   Code   RO          248    .text.parse_float_after_prefix  k230_protocol.o
    0x000027dc   0x000027dc   0x000000b0   Code   RO          244    .text.parse_line    k230_protocol.o
    0x0000288c   0x0000288c   0x00000014   Code   RO          169    .text.pid_init      pid.o
    0x000028a0   0x000028a0   0x0000000a   Code   RO          171    .text.pid_reset     pid.o
    0x000028aa   0x000028aa   0x00000002   PAD
    0x000028ac   0x000028ac   0x000000a0   Code   RO          173    .text.pid_update    pid.o
    0x0000294c   0x0000294c   0x00000030   Code   RO          117    .text.poll_buttons  robot_app.o
    0x0000297c   0x0000297c   0x00000018   Code   RO          289    .text.ramp_to       motor.o
    0x00002994   0x00002994   0x0000001e   Code   RO          318    .text.read_regs     mpu6050.o
    0x000029b2   0x000029b2   0x00000002   PAD
    0x000029b4   0x000029b4   0x00000020   Code   RO          137    .text.reset_controllers  robot_app.o
    0x000029d4   0x000029d4   0x00000078   Code   RO          113    .text.robot_app_init  robot_app.o
    0x00002a4c   0x00002a4c   0x00000124   Code   RO          115    .text.robot_app_tick  robot_app.o
    0x00002b70   0x00002b70   0x000000b4   Code   RO          127    .text.run_ball_control  robot_app.o
    0x00002c24   0x00002c24   0x000000e8   Code   RO          125    .text.run_line_control  robot_app.o
    0x00002d0c   0x00002d0c   0x0000000c   Code   RO          340    .text.servo_center  servo.o
    0x00002d18   0x00002d18   0x00000008   Code   RO          348    .text.servo_get_pulse_us  servo.o
    0x00002d20   0x00002d20   0x00000008   Code   RO          338    .text.servo_init    servo.o
    0x00002d28   0x00002d28   0x00000028   Code   RO          346    .text.servo_set_delta_us  servo.o
    0x00002d50   0x00002d50   0x00000018   Code   RO          342    .text.servo_set_pulse_us  servo.o
    0x00002d68   0x00002d68   0x00000018   Code   RO          141    .text.set_finished  robot_app.o
    0x00002d80   0x00002d80   0x0000004c   Code   RO          133    .text.start_task    robot_app.o
    0x00002dcc   0x00002dcc   0x00000020   Code   RO          194    .text.state_text    display.o
    0x00002dec   0x00002dec   0x0000001c   Code   RO          123    .text.stop_task     robot_app.o
    0x00002e08   0x00002e08   0x00000038   Code   RO          131    .text.update_button  robot_app.o
    0x00002e40   0x00002e40   0x00000018   Code   RO          312    .text.write_reg     mpu6050.o
    0x00002e58   0x00002e58   0x00000034   Code   RO          887    i.__0snprintf       mc_p.l(printfa.o)
    0x00002e8c   0x00002e8c   0x0000002e   Code   RO         1007    i.__ARM_clz         mf_p.l(depilogue.o)
    0x00002eba   0x00002eba   0x00000002   PAD
    0x00002ebc   0x00002ebc   0x00000008   Code   RO          991    i.__aeabi_errno_addr  mc_p.l(errno.o)
    0x00002ec4   0x00002ec4   0x00000010   Code   RO         1017    i.__mathlib_narrow  m_ps.l(narrow.o)
    0x00002ed4   0x00002ed4   0x000000c8   Code   RO         1018    i.__mathlib_tofloat  m_ps.l(narrow.o)
    0x00002f9c   0x00002f9c   0x00000004   PAD
    0x00002fa0   0x00002fa0   0x0000000e   Code   RO         1066    i.__scatterload_copy  mc_p.l(handlers.o)
    0x00002fae   0x00002fae   0x00000002   PAD
    0x00002fb0   0x00002fb0   0x00000002   Code   RO         1067    i.__scatterload_null  mc_p.l(handlers.o)
    0x00002fb2   0x00002fb2   0x00000006   PAD
    0x00002fb8   0x00002fb8   0x0000000e   Code   RO         1068    i.__scatterload_zeroinit  mc_p.l(handlers.o)
    0x00002fc6   0x00002fc6   0x00000002   PAD
    0x00002fc8   0x00002fc8   0x0000000c   Code   RO          993    i.__set_errno       mc_p.l(errno.o)
    0x00002fd4   0x00002fd4   0x00000174   Code   RO          893    i._fp_digits        mc_p.l(printfa.o)
    0x00003148   0x00003148   0x0000000e   Code   RO         1045    i._is_digit         mc_p.l(scanf_fp.o)
    0x00003156   0x00003156   0x00000002   PAD
    0x00003158   0x00003158   0x000006ec   Code   RO          894    i._printf_core      mc_p.l(printfa.o)
    0x00003844   0x00003844   0x00000020   Code   RO          895    i._printf_post_padding  mc_p.l(printfa.o)
    0x00003864   0x00003864   0x0000002c   Code   RO          896    i._printf_pre_padding  mc_p.l(printfa.o)
    0x00003890   0x00003890   0x00000016   Code   RO          897    i._snputc           mc_p.l(printfa.o)
    0x000038a6   0x000038a6   0x00000002   PAD
    0x000038a8   0x000038a8   0x00000058   Code   RO         1038    i.frexp             m_ps.l(frexp.o)
    0x00003900   0x00003900   0x00000014   Code   RO          635    i.strtof            m_ps.l(strtof.o)
    0x00003914   0x00003914   0x00000081   Data   RO          964    .constdata          mc_p.l(ctype_o.o)
    0x00003995   0x00003995   0x00000003   PAD
    0x00003998   0x00003998   0x00000004   Data   RO          965    .constdata          mc_p.l(ctype_o.o)
    0x0000399c   0x0000399c   0x0000000c   Data   RO          198    .rodata..Lswitch.table  display.o
    0x000039a8   0x000039a8   0x00000003   Data   RO           82    .rodata.gMotorClockConfig  ti_msp_dl_config.o
    0x000039ab   0x000039ab   0x00000001   PAD
    0x000039ac   0x000039ac   0x00000008   Data   RO           83    .rodata.gMotorConfig  ti_msp_dl_config.o
    0x000039b4   0x000039b4   0x00000028   Data   RO           81    .rodata.gSYSPLLConfig  ti_msp_dl_config.o
    0x000039dc   0x000039dc   0x00000003   Data   RO           84    .rodata.gServoClockConfig  ti_msp_dl_config.o
    0x000039df   0x000039df   0x00000001   PAD
    0x000039e0   0x000039e0   0x00000008   Data   RO           85    .rodata.gServoConfig  ti_msp_dl_config.o
    0x000039e8   0x000039e8   0x00000002   Data   RO           86    .rodata.gUARTK230ClockConfig  ti_msp_dl_config.o
    0x000039ea   0x000039ea   0x0000000a   Data   RO           87    .rodata.gUARTK230Config  ti_msp_dl_config.o
    0x000039f4   0x000039f4   0x00000007   Data   RO          228    .rodata.oled_flush.addr_window  oled.o
    0x000039fb   0x000039fb   0x000002f8   Data   RO          227    .rodata.s_font8x8   oled.o
    0x00003cf3   0x00003cf3   0x00000068   Data   RO          197    .rodata.str1.1      display.o
    0x00003d5b   0x00003d5b   0x00000001   PAD
    0x00003d5c   0x00003d5c   0x00000020   Data   RO         1064    Region$$Table       anon$$obj.o


    Execution Region RW_IRAM2 (Exec base: 0x20200000, Load base: 0x00003d80, Size: 0x00001710, Max: 0x00008000, ABSOLUTE)

    Exec Addr    Load Addr    Size         Type   Attr      Idx    E Section Name        Object

    0x20200000   0x00003d80   0x00000004   Data   RW          994    .data               mc_p.l(errno.o)
    0x20200004   0x00003d84   0x00000004   PAD
    0x20200008        -       0x00000004   Zero   RW          196    .bss.display_update.s_last_print_ms  display.o
    0x2020000c        -       0x000000bc   Zero   RW           79    .bss.gMotorBackup   ti_msp_dl_config.o
    0x202000c8        -       0x000000a0   Zero   RW           80    .bss.gServoBackup   ti_msp_dl_config.o
    0x20200168        -       0x00000004   Zero   RW          442    .bss.g_systick_ms   hal_ti_mspm0.o
    0x2020016c        -       0x00000020   Zero   RW          147    .bss.s_ball_pid     robot_app.o
    0x2020018c        -       0x00000004   Zero   RW          157    .bss.s_ball_stable_since_ms  robot_app.o
    0x20200190        -       0x00000001   Zero   RW          154    .bss.s_ball_stage   robot_app.o
    0x20200191   0x00003d84   0x00000003   PAD
    0x20200194        -       0x00000004   Zero   RW          153    .bss.s_ball_stage_start_ms  robot_app.o
    0x20200198        -       0x00000004   Zero   RW          269    .bss.s_black_history  line_sensor.o
    0x2020019c        -       0x00000400   Zero   RW          226    .bss.s_fb           oled.o
    0x2020059c        -       0x00000008   Zero   RW          152    .bss.s_key_calib    robot_app.o
    0x202005a4        -       0x00000008   Zero   RW          150    .bss.s_key_mode     robot_app.o
    0x202005ac        -       0x00000008   Zero   RW          151    .bss.s_key_start    robot_app.o
    0x202005b4        -       0x00000004   Zero   RW          268    .bss.s_last_error   line_sensor.o
    0x202005b8        -       0x00000004   Zero   RW          148    .bss.s_last_tick_ms  robot_app.o
    0x202005bc        -       0x00000002   Zero   RW          297    .bss.s_left_pwm     motor.o
    0x202005be   0x00003d84   0x00000002   PAD
    0x202005c0        -       0x00000004   Zero   RW          155    .bss.s_line_all_black_since_ms  robot_app.o
    0x202005c4        -       0x00000040   Zero   RW          250    .bss.s_line_buf     k230_protocol.o
    0x20200604        -       0x00000001   Zero   RW          251    .bss.s_line_len     k230_protocol.o
    0x20200605   0x00003d84   0x00000003   PAD
    0x20200608        -       0x00000004   Zero   RW          156    .bss.s_line_lost_since_ms  robot_app.o
    0x2020060c        -       0x00000020   Zero   RW          146    .bss.s_line_pid     robot_app.o
    0x2020062c        -       0x00000018   Zero   RW          326    .bss.s_mpu          mpu6050.o
    0x20200644        -       0x00000002   Zero   RW          298    .bss.s_right_pwm    motor.o
    0x20200646        -       0x00000002   Zero   RW          350    .bss.s_servo_us     servo.o
    0x20200648        -       0x00000004   Zero   RW          149    .bss.s_task_start_ms  robot_app.o
    0x2020064c        -       0x00000028   Zero   RW          145    .bss.s_tel          robot_app.o
    0x20200674        -       0x00000080   Zero   RW          445    .bss.s_uart_rx_buffer  hal_ti_mspm0.o
    0x202006f4        -       0x00000001   Zero   RW          443    .bss.s_uart_rx_head  hal_ti_mspm0.o
    0x202006f5        -       0x00000001   Zero   RW          444    .bss.s_uart_rx_tail  hal_ti_mspm0.o
    0x202006f6   0x00003d84   0x00000002   PAD
    0x202006f8        -       0x00000018   Zero   RW          252    .bss.s_vision       k230_protocol.o
    0x20200710        -       0x00001000   Zero   RW            1    STACK               startup_mspm0g350x_uvision.o



  Load Region LR_BCR (Base: 0x41c00000, Size: 0x00000000, Max: 0x00000100, ABSOLUTE)

    Execution Region BCR_CONFIG (Exec base: 0x41c00000, Load base: 0x41c00000, Size: 0x00000000, Max: 0x00000080, ABSOLUTE)

    **** No section assigned to this execution region ****



  Load Region LR_BSL (Base: 0x41c00100, Size: 0x00000000, Max: 0x00000100, ABSOLUTE)

    Execution Region BSL_CONFIG (Exec base: 0x41c00100, Load base: 0x41c00100, Size: 0x00000000, Max: 0x00000080, ABSOLUTE)

    **** No section assigned to this execution region ****


==============================================================================

Image component sizes


      Code (inc. data)   RO Data    RW Data    ZI Data      Debug   Object Name

       792        188        116          0          4       2948   display.o
      1434        148          0          0        134      20800   hal_ti_mspm0.o
       404         36          0          0         89       3103   k230_protocol.o
       236         24          0          0          8       2216   line_sensor.o
        20          0          0          0          0        523   main.o
       352         16          0          0          4       2761   motor.o
       462         20          0          0         24       3042   mpu6050.o
       336         40        767          0       1024       3020   oled.o
       232          4          0          0          0       1946   pid.o
      1384        176          0          0        153       7844   robot_app.o
       120         16          0          0          2       1824   servo.o
        20          4        192          0       4096        704   startup_mspm0g350x_uvision.o
      1020        124         74          0        348      32097   ti_msp_dl_config.o

    ----------------------------------------------------------------------
      6830        796       1184          0       5896      82828   Object Totals
         0          0         32          0          0          0   (incl. Generated)
        18          0          3          0         10          0   (incl. Padding)

    ----------------------------------------------------------------------

      Code (inc. data)   RO Data    RW Data    ZI Data      Debug   Library Member Name

        10          0          0          0          0        803   dl_common.o
       236         24          0          0          0      12867   dl_sysctl_mspm0g1x0x_g3x0x.o
       364         40          0          0          0      39888   dl_timer.o
        90          8          0          0          0      14127   dl_uart.o
        88         16          0          0          0         72   frexp.o
       216         10          0          0          0        144   narrow.o
        20          0          0          0          0         68   strtof.o
        30          0          0          0          0         60   _chval.o
        68          0          0          0          0         76   _sgetc.o
       166          0          0          0          0         84   _strtoul.o
         8          4        133          0          0         60   ctype_o.o
         0          0          0          0          0          0   entry.o
         0          0          0          0          0          0   entry10a.o
         0          0          0          0          0          0   entry11a.o
         8          4          0          0          0          0   entry2.o
         4          0          0          0          0          0   entry5.o
         0          0          0          0          0          0   entry7b.o
         0          0          0          0          0          0   entry8b.o
         8          4          0          0          0          0   entry9a.o
        20         10          0          4          0        120   errno.o
        30          0          0          0          0          0   handlers.o
        40          0          0          0          0         72   idiv.o
        36          8          0          0          0         68   init.o
        18          0          0          0          0         68   isspace_o.o
         0          0          0          0          0          0   iusefp.o
       122          0          0          0          0         84   llmul.o
        32          0          0          0          0         68   llshl.o
        38          0          0          0          0         68   llsshr.o
        34          0          0          0          0         68   llushr.o
        36          0          0          0          0         60   memcpya.o
        36          0          0          0          0        100   memseta.o
      2294         96          0          0          0        472   printfa.o
       898         12          0          0          0        184   scanf_fp.o
        30          0          0          0          0         72   strncmp.o
       164         18          0          0          0        120   strtod.o
        26          0          0          0          0         72   strtof.o
       112          4          0          0          0         76   strtol.o
        44          0          0          0          0         72   uidiv.o
        96          0          0          0          0         84   uldiv.o
        40          2          0          0          0         68   cdcmple.o
        40          2          0          0          0         68   cdrcmple.o
        56          0          0          0          0         68   d2f.o
       356          4          0          0          0        140   dadd.o
       240          6          0          0          0         84   ddiv.o
       236          0          0          0          0        216   depilogue.o
        64         10          0          0          0         68   dfixul.o
        28          4          0          0          0         68   dfltui.o
        28          6          0          0          0         68   dfltul.o
       208          6          0          0          0         88   dmul.o
        44          0          0          0          0         72   dscalb.o
        40          0          0          0          0         60   f2d.o
       178          0          0          0          0        108   fadd.o
        28          0          0          0          0         60   fcmpge.o
        28          0          0          0          0         60   fcmpgt.o
        28          0          0          0          0         60   fcmple.o
        28          0          0          0          0         60   fcmplt.o
       124          0          0          0          0         72   fdiv.o
       130          0          0          0          0        144   fepilogue.o
        50          0          0          0          0         60   ffixi.o
        22          0          0          0          0         68   fflti.o
        14          0          0          0          0         68   ffltui.o
       122          0          0          0          0         72   fmul.o
         4          0          0          0          0         60   fpstat.o

    ----------------------------------------------------------------------
      7590        302        136          4          4      72137   Library Totals
        32          4          3          0          4          0   (incl. Padding)

    ----------------------------------------------------------------------

      Code (inc. data)   RO Data    RW Data    ZI Data      Debug   Library Name

       700         72          0          0          0      67685   driverlib.a
       324         26          0          0          0        284   m_ps.l
      4398        160        133          4          0       2208   mc_p.l
      2136         40          0          0          0       1960   mf_p.l

    ----------------------------------------------------------------------
      7590        302        136          4          4      72137   Library Totals

    ----------------------------------------------------------------------

==============================================================================


      Code (inc. data)   RO Data    RW Data    ZI Data      Debug   

     14420       1098       1320          4       5900     152489   Grand Totals
     14420       1098       1320          4       5900     152489   ELF Image Totals
     14420       1098       1320          4          0          0   ROM Totals

==============================================================================

    Total RO  Size (Code + RO Data)                15740 (  15.37kB)
    Total RW  Size (RW Data + ZI Data)              5904 (   5.77kB)
    Total ROM Size (Code + RO Data + RW Data)      15744 (  15.38kB)

==============================================================================

