Component: ARM Compiler 6.7 Tool: armlink [5c9ef700]

==============================================================================

Section Cross References

    startup_mspm0g350x_uvision.o(RESET) refers to startup_mspm0g350x_uvision.o(STACK) for __initial_sp
    startup_mspm0g350x_uvision.o(RESET) refers to startup_mspm0g350x_uvision.o(.text) for Reset_Handler
    startup_mspm0g350x_uvision.o(RESET) refers to hal_ti_mspm0.o(.text.SysTick_Handler) for SysTick_Handler
    startup_mspm0g350x_uvision.o(RESET) refers to hal_ti_mspm0.o(.text.UART0_IRQHandler) for UART0_IRQHandler
    startup_mspm0g350x_uvision.o(.text) refers to entry.o(.ARM.Collect$$$$00000000) for __main
    ti_msp_dl_config.o(.text.SYSCFG_DL_init) refers to ti_msp_dl_config.o(.text.SYSCFG_DL_initPower) for SYSCFG_DL_initPower
    ti_msp_dl_config.o(.text.SYSCFG_DL_init) refers to ti_msp_dl_config.o(.text.SYSCFG_DL_GPIO_init) for SYSCFG_DL_GPIO_init
    ti_msp_dl_config.o(.text.SYSCFG_DL_init) refers to ti_msp_dl_config.o(.text.SYSCFG_DL_SYSCTL_init) for SYSCFG_DL_SYSCTL_init
    ti_msp_dl_config.o(.text.SYSCFG_DL_init) refers to ti_msp_dl_config.o(.text.SYSCFG_DL_Motor_init) for SYSCFG_DL_Motor_init
    ti_msp_dl_config.o(.text.SYSCFG_DL_init) refers to ti_msp_dl_config.o(.text.SYSCFG_DL_UART_K230_init) for SYSCFG_DL_UART_K230_init
    ti_msp_dl_config.o(.text.SYSCFG_DL_init) refers to ti_msp_dl_config.o(.bss.gMotorBackup) for gMotorBackup
    ti_msp_dl_config.o(.ARM.exidx.text.SYSCFG_DL_init) refers to ti_msp_dl_config.o(.text.SYSCFG_DL_init) for [Anonymous Symbol]
    ti_msp_dl_config.o(.text.SYSCFG_DL_initPower) refers to ti_msp_dl_config.o(.text.DL_GPIO_reset) for DL_GPIO_reset
    ti_msp_dl_config.o(.text.SYSCFG_DL_initPower) refers to ti_msp_dl_config.o(.text.DL_Timer_reset) for DL_Timer_reset
    ti_msp_dl_config.o(.text.SYSCFG_DL_initPower) refers to ti_msp_dl_config.o(.text.DL_UART_reset) for DL_UART_reset
    ti_msp_dl_config.o(.text.SYSCFG_DL_initPower) refers to ti_msp_dl_config.o(.text.DL_GPIO_enablePower) for DL_GPIO_enablePower
    ti_msp_dl_config.o(.text.SYSCFG_DL_initPower) refers to ti_msp_dl_config.o(.text.DL_Timer_enablePower) for DL_Timer_enablePower
    ti_msp_dl_config.o(.text.SYSCFG_DL_initPower) refers to ti_msp_dl_config.o(.text.DL_UART_enablePower) for DL_UART_enablePower
    ti_msp_dl_config.o(.text.SYSCFG_DL_initPower) refers to dl_common.o(.text.DL_Common_delayCycles) for DL_Common_delayCycles
    ti_msp_dl_config.o(.ARM.exidx.text.SYSCFG_DL_initPower) refers to ti_msp_dl_config.o(.text.SYSCFG_DL_initPower) for [Anonymous Symbol]
    ti_msp_dl_config.o(.text.SYSCFG_DL_GPIO_init) refers to ti_msp_dl_config.o(.text.DL_GPIO_initPeripheralOutputFunction) for DL_GPIO_initPeripheralOutputFunction
    ti_msp_dl_config.o(.text.SYSCFG_DL_GPIO_init) refers to ti_msp_dl_config.o(.text.DL_GPIO_enableOutput) for DL_GPIO_enableOutput
    ti_msp_dl_config.o(.text.SYSCFG_DL_GPIO_init) refers to ti_msp_dl_config.o(.text.DL_GPIO_initPeripheralInputFunction) for DL_GPIO_initPeripheralInputFunction
    ti_msp_dl_config.o(.text.SYSCFG_DL_GPIO_init) refers to ti_msp_dl_config.o(.text.DL_GPIO_initDigitalOutput) for DL_GPIO_initDigitalOutput
    ti_msp_dl_config.o(.text.SYSCFG_DL_GPIO_init) refers to ti_msp_dl_config.o(.text.DL_GPIO_clearPins) for DL_GPIO_clearPins
    ti_msp_dl_config.o(.text.SYSCFG_DL_GPIO_init) refers to ti_msp_dl_config.o(.text.DL_GPIO_initDigitalInputFeatures) for DL_GPIO_initDigitalInputFeatures
    ti_msp_dl_config.o(.ARM.exidx.text.SYSCFG_DL_GPIO_init) refers to ti_msp_dl_config.o(.text.SYSCFG_DL_GPIO_init) for [Anonymous Symbol]
    ti_msp_dl_config.o(.text.SYSCFG_DL_SYSCTL_init) refers to ti_msp_dl_config.o(.text.DL_SYSCTL_setBORThreshold) for DL_SYSCTL_setBORThreshold
    ti_msp_dl_config.o(.text.SYSCFG_DL_SYSCTL_init) refers to ti_msp_dl_config.o(.text.DL_SYSCTL_setFlashWaitState) for DL_SYSCTL_setFlashWaitState
    ti_msp_dl_config.o(.text.SYSCFG_DL_SYSCTL_init) refers to ti_msp_dl_config.o(.text.DL_SYSCTL_setSYSOSCFreq) for DL_SYSCTL_setSYSOSCFreq
    ti_msp_dl_config.o(.text.SYSCFG_DL_SYSCTL_init) refers to dl_sysctl_mspm0g1x0x_g3x0x.o(.text.DL_SYSCTL_configSYSPLL) for DL_SYSCTL_configSYSPLL
    ti_msp_dl_config.o(.text.SYSCFG_DL_SYSCTL_init) refers to ti_msp_dl_config.o(.text.DL_SYSCTL_setULPCLKDivider) for DL_SYSCTL_setULPCLKDivider
    ti_msp_dl_config.o(.text.SYSCFG_DL_SYSCTL_init) refers to ti_msp_dl_config.o(.text.DL_SYSCTL_enableMFCLK) for DL_SYSCTL_enableMFCLK
    ti_msp_dl_config.o(.text.SYSCFG_DL_SYSCTL_init) refers to dl_sysctl_mspm0g1x0x_g3x0x.o(.text.DL_SYSCTL_switchMCLKfromSYSOSCtoHSCLK) for DL_SYSCTL_switchMCLKfromSYSOSCtoHSCLK
    ti_msp_dl_config.o(.text.SYSCFG_DL_SYSCTL_init) refers to ti_msp_dl_config.o(.rodata.gSYSPLLConfig) for [Anonymous Symbol]
    ti_msp_dl_config.o(.ARM.exidx.text.SYSCFG_DL_SYSCTL_init) refers to ti_msp_dl_config.o(.text.SYSCFG_DL_SYSCTL_init) for [Anonymous Symbol]
[...]
    __arm_cp.0_7                             0x0000306c   Number         4  robot_app.o(.text.robot_app_init)
    [Anonymous Symbol]                       0x00003070   Section        0  robot_app.o(.text.robot_app_tick)
    __arm_cp.1_0                             0x000031ac   Number         4  robot_app.o(.text.robot_app_tick)
    __arm_cp.1_3                             0x000031b0   Number         4  robot_app.o(.text.robot_app_tick)
    __arm_cp.1_6                             0x000031b4   Number         4  robot_app.o(.text.robot_app_tick)
    __arm_cp.1_7                             0x000031b8   Number         4  robot_app.o(.text.robot_app_tick)
    [Anonymous Symbol]                       0x000031bc   Section        0  robot_app.o(.text.run_line_control)
    run_line_control                         0x000031bd   Thumb Code   288  robot_app.o(.text.run_line_control)
    __arm_cp.28_3                            0x000032b0   Number         4  robot_app.o(.text.run_line_control)
    __arm_cp.28_4                            0x000032b4   Number         4  robot_app.o(.text.run_line_control)
    __arm_cp.28_5                            0x000032b8   Number         4  robot_app.o(.text.run_line_control)
    __arm_cp.28_6                            0x000032bc   Number         4  robot_app.o(.text.run_line_control)
    __arm_cp.28_7                            0x000032c0   Number         4  robot_app.o(.text.run_line_control)
    __arm_cp.28_8                            0x000032c4   Number         4  robot_app.o(.text.run_line_control)
    __arm_cp.28_9                            0x000032c8   Number         4  robot_app.o(.text.run_line_control)
    __arm_cp.28_10                           0x000032cc   Number         4  robot_app.o(.text.run_line_control)
    [Anonymous Symbol]                       0x000032d0   Section        0  robot_app.o(.text.start_q2)
    start_q2                                 0x000032d1   Thumb Code   160  robot_app.o(.text.start_q2)
    __arm_cp.16_0                            0x00003358   Number         4  robot_app.o(.text.start_q2)
    __arm_cp.16_1                            0x0000335c   Number         4  robot_app.o(.text.start_q2)
    __arm_cp.16_2                            0x00003360   Number         4  robot_app.o(.text.start_q2)
    __arm_cp.16_4                            0x00003364   Number         4  robot_app.o(.text.start_q2)
    __arm_cp.16_5                            0x00003368   Number         4  robot_app.o(.text.start_q2)
    [Anonymous Symbol]                       0x0000336c   Section        0  robot_app.o(.text.start_q3)
    start_q3                                 0x0000336d   Thumb Code   204  robot_app.o(.text.start_q3)
    __arm_cp.17_2                            0x00003410   Number         4  robot_app.o(.text.start_q3)
    __arm_cp.17_3                            0x00003414   Number         4  robot_app.o(.text.start_q3)
    __arm_cp.17_5                            0x00003418   Number         4  robot_app.o(.text.start_q3)
    __arm_cp.17_6                            0x0000341c   Number         4  robot_app.o(.text.start_q3)
    __arm_cp.17_7                            0x00003420   Number         4  robot_app.o(.text.start_q3)
    [Anonymous Symbol]                       0x00003424   Section        0  robot_app.o(.text.start_selected_task)
    start_selected_task                      0x00003425   Thumb Code    28  robot_app.o(.text.start_selected_task)
    __arm_cp.13_0                            0x0000343c   Number         4  robot_app.o(.text.start_selected_task)
    [Anonymous Symbol]                       0x00003440   Section        0  robot_app.o(.text.stop_running_task)
    stop_running_task                        0x00003441   Thumb Code    52  robot_app.o(.text.stop_running_task)
    __arm_cp.12_0                            0x0000346c   Number         4  robot_app.o(.text.stop_running_task)
    [Anonymous Symbol]                       0x00003470   Section        0  robot_app.o(.text.supervise_q3_hold)
    supervise_q3_hold                        0x00003471   Thumb Code   288  robot_app.o(.text.supervise_q3_hold)
    __arm_cp.8_0                             0x00003578   Number         4  robot_app.o(.text.supervise_q3_hold)
    __arm_cp.8_1                             0x0000357c   Number         4  robot_app.o(.text.supervise_q3_hold)
    __arm_cp.8_2                             0x00003580   Number         4  robot_app.o(.text.supervise_q3_hold)
    __arm_cp.8_3                             0x00003584   Number         4  robot_app.o(.text.supervise_q3_hold)
    __arm_cp.8_4                             0x00003588   Number         4  robot_app.o(.text.supervise_q3_hold)
    __arm_cp.8_5                             0x0000358c   Number         4  robot_app.o(.text.supervise_q3_hold)
    [Anonymous Symbol]                       0x00003590   Section        0  k230_protocol.o(.text.take_float)
    take_float                               0x00003591   Thumb Code    62  k230_protocol.o(.text.take_float)
    [Anonymous Symbol]                       0x000035ce   Section        0  k230_protocol.o(.text.take_long)
    take_long                                0x000035cf   Thumb Code    64  k230_protocol.o(.text.take_long)
    [Anonymous Symbol]                       0x0000360e   Section        0  robot_app.o(.text.update_button)
    update_button                            0x0000360f   Thumb Code    56  robot_app.o(.text.update_button)
    [Anonymous Symbol]                       0x00003648   Section        0  robot_app.o(.text.update_q2)
    update_q2                                0x00003649   Thumb Code   128  robot_app.o(.text.update_q2)
    __arm_cp.6_0                             0x000036bc   Number         4  robot_app.o(.text.update_q2)
    __arm_cp.6_1                             0x000036c0   Number         4  robot_app.o(.text.update_q2)
    [Anonymous Symbol]                       0x000036c4   Section        0  robot_app.o(.text.update_q2_brake)
    update_q2_brake                          0x000036c5   Thumb Code   112  robot_app.o(.text.update_q2_brake)
    __arm_cp.24_0                            0x00003724   Number         4  robot_app.o(.text.update_q2_brake)
    __arm_cp.24_1                            0x00003728   Number         4  robot_app.o(.text.update_q2_brake)
    __arm_cp.24_2                            0x0000372c   Number         4  robot_app.o(.text.update_q2_brake)
    __arm_cp.24_3                            0x00003730   Number         4  robot_app.o(.text.update_q2_brake)
    [Anonymous Symbol]                       0x00003734   Section        0  robot_app.o(.text.update_q2_follow)
    update_q2_follow                         0x00003735   Thumb Code   172  robot_app.o(.text.update_q2_follow)
    __arm_cp.23_1                            0x000037c8   Number         4  robot_app.o(.text.update_q2_follow)
    __arm_cp.23_2                            0x000037cc   Number         4  robot_app.o(.text.update_q2_follow)
    __arm_cp.23_3                            0x000037d0   Number         4  robot_app.o(.text.update_q2_follow)
    __arm_cp.23_4                            0x000037d4   Number         4  robot_app.o(.text.update_q2_follow)
    [Anonymous Symbol]                       0x000037d8   Section        0  robot_app.o(.text.update_q2_leave)
    update_q2_leave                          0x000037d9   Thumb Code   148  robot_app.o(.text.update_q2_leave)
    __arm_cp.22_0                            0x0000384c   Number         4  robot_app.o(.text.update_q2_leave)
    __arm_cp.22_1                            0x00003850   Number         4  robot_app.o(.text.update_q2_leave)
    __arm_cp.22_2                            0x00003854   Number         4  robot_app.o(.text.update_q2_leave)
    __arm_cp.22_3                            0x00003858   Number         4  robot_app.o(.text.update_q2_leave)
    __arm_cp.22_4                            0x0000385c   Number         4  robot_app.o(.text.update_q2_leave)
    __arm_cp.22_5                            0x00003860   Number         4  robot_app.o(.text.update_q2_leave)
    __arm_cp.22_7                            0x00003864   Number         4  robot_app.o(.text.update_q2_leave)
    [Anonymous Symbol]                       0x00003868   Section        0  robot_app.o(.text.update_q3)
    update_q3                                0x00003869   Thumb Code   468  robot_app.o(.text.update_q3)
    __arm_cp.7_0                             0x00003a18   Number         4  robot_app.o(.text.update_q3)
    __arm_cp.7_1                             0x00003a1c   Number         4  robot_app.o(.text.update_q3)
    __arm_cp.7_2                             0x00003a20   Number         4  robot_app.o(.text.update_q3)
    __arm_cp.7_3                             0x00003a24   Number         4  robot_app.o(.text.update_q3)
    __arm_cp.7_4                             0x00003a28   Number         4  robot_app.o(.text.update_q3)
    __arm_cp.7_5                             0x00003a2c   Number         4  robot_app.o(.text.update_q3)
    __arm_cp.7_6                             0x00003a30   Number         4  robot_app.o(.text.update_q3)
    __arm_cp.7_7                             0x00003a34   Number         4  robot_app.o(.text.update_q3)
    __arm_cp.7_8                             0x00003a38   Number         4  robot_app.o(.text.update_q3)
    [Anonymous Symbol]                       0x00003a3c   Section        0  mpu6050.o(.text.write_reg)
    write_reg                                0x00003a3d   Thumb Code    24  mpu6050.o(.text.write_reg)
    i.__0snprintf$8                          0x00003a54   Section        0  printf8.o(i.__0snprintf$8)
    i.__ARM_clz                              0x00003a88   Section        0  depilogue.o(i.__ARM_clz)
    i.__aeabi_errno_addr                     0x00003ab8   Section        0  errno.o(i.__aeabi_errno_addr)
    i.__mathlib_narrow                       0x00003ac0   Section        0  narrow.o(i.__mathlib_narrow)
    i.__mathlib_tofloat                      0x00003ad0   Section        0  narrow.o(i.__mathlib_tofloat)
    i.__scatterload_copy                     0x00003b98   Section       14  handlers.o(i.__scatterload_copy)
    i.__scatterload_null                     0x00003ba8   Section        2  handlers.o(i.__scatterload_null)
    i.__scatterload_zeroinit                 0x00003bb0   Section       14  handlers.o(i.__scatterload_zeroinit)
    i.__set_errno                            0x00003bc0   Section        0  errno.o(i.__set_errno)
    i._is_digit                              0x00003bcc   Section        0  scanf_fp.o(i._is_digit)
    i._printf_core                           0x00003bdc   Section        0  printf8.o(i._printf_core)
    _printf_core                             0x00003bdd   Thumb Code  1020  printf8.o(i._printf_core)
    i._printf_post_padding                   0x00004004   Section        0  printf8.o(i._printf_post_padding)
    _printf_post_padding                     0x00004005   Thumb Code    32  printf8.o(i._printf_post_padding)
    i._printf_pre_padding                    0x00004024   Section        0  printf8.o(i._printf_pre_padding)
    _printf_pre_padding                      0x00004025   Thumb Code    44  printf8.o(i._printf_pre_padding)
    i._snputc                                0x00004050   Section        0  printf8.o(i._snputc)
    _snputc                                  0x00004051   Thumb Code    22  printf8.o(i._snputc)
    i.frexp                                  0x00004068   Section        0  frexp.o(i.frexp)
    i.strtof                                 0x000040c0   Section        0  strtof.o(i.strtof)
    .constdata                               0x000040d4   Section      129  ctype_o.o(.constdata)
    .constdata                               0x00004158   Section        4  ctype_o.o(.constdata)
    table                                    0x00004158   Data           4  ctype_o.o(.constdata)
    [Anonymous Symbol]                       0x00004160   Section        0  display.o(.rodata..Lswitch.table)
    [Anonymous Symbol]                       0x00004190   Section        0  display.o(.rodata..Lswitch.table.44)
    [Anonymous Symbol]                       0x000041b8   Section        0  ti_msp_dl_config.o(.rodata.gMotorClockConfig)
    gMotorClockConfig                        0x000041b8   Data           3  ti_msp_dl_config.o(.rodata.gMotorClockConfig)
    [Anonymous Symbol]                       0x000041bc   Section        0  ti_msp_dl_config.o(.rodata.gMotorConfig)
    gMotorConfig                             0x000041bc   Data           8  ti_msp_dl_config.o(.rodata.gMotorConfig)
    [Anonymous Symbol]                       0x000041c4   Section        0  ti_msp_dl_config.o(.rodata.gSYSPLLConfig)
    gSYSPLLConfig                            0x000041c4   Data          40  ti_msp_dl_config.o(.rodata.gSYSPLLConfig)
    [Anonymous Symbol]                       0x000041ec   Section        0  ti_msp_dl_config.o(.rodata.gUARTK230ClockConfig)
    gUARTK230ClockConfig                     0x000041ec   Data           2  ti_msp_dl_config.o(.rodata.gUARTK230ClockConfig)
    [Anonymous Symbol]                       0x000041ee   Section        0  ti_msp_dl_config.o(.rodata.gUARTK230Config)
    gUARTK230Config                          0x000041ee   Data          10  ti_msp_dl_config.o(.rodata.gUARTK230Config)
    [Anonymous Symbol]                       0x000041f8   Section        0  oled.o(.rodata.oled_flush.addr_window)
    oled_flush.addr_window                   0x000041f8   Data           7  oled.o(.rodata.oled_flush.addr_window)
    [Anonymous Symbol]                       0x000041ff   Section        0  oled.o(.rodata.s_font8x8)
    s_font8x8                                0x000041ff   Data         760  oled.o(.rodata.s_font8x8)
    [Anonymous Symbol]                       0x000044f7   Section        0  display.o(.rodata.str1.1)
    .L.str.17                                0x000044f7   Data          10  display.o(.rodata.str1.1)
    .L.str.20                                0x00004501   Data           8  display.o(.rodata.str1.1)
    .L.str.13                                0x00004509   Data           8  display.o(.rodata.str1.1)
    .L.str.28                                0x00004511   Data          11  display.o(.rodata.str1.1)
    .L.str.15                                0x0000451c   Data           6  display.o(.rodata.str1.1)
    .L.str.21                                0x00004522   Data          10  display.o(.rodata.str1.1)
    .L.str.16                                0x0000452c   Data           9  display.o(.rodata.str1.1)
    .L.str.27                                0x00004535   Data          12  display.o(.rodata.str1.1)
    .L.str.30                                0x00004541   Data          12  display.o(.rodata.str1.1)
    .L.str.29                                0x0000454d   Data          13  display.o(.rodata.str1.1)
    .L.str.18                                0x0000455a   Data           8  display.o(.rodata.str1.1)
    .L.str.19                                0x00004562   Data           8  display.o(.rodata.str1.1)
    .L.str.11                                0x0000456a   Data          14  display.o(.rodata.str1.1)
    .L.str.33                                0x00004578   Data          11  display.o(.rodata.str1.1)
    .L.str.25                                0x00004583   Data          10  display.o(.rodata.str1.1)
    .L.str.31                                0x0000458d   Data          14  display.o(.rodata.str1.1)
    .L.str.24                                0x0000459b   Data          14  display.o(.rodata.str1.1)
    .L.str.32                                0x000045a9   Data          13  display.o(.rodata.str1.1)
    .L.str.26                                0x000045b6   Data          12  display.o(.rodata.str1.1)
    .L.str.14                                0x000045c2   Data           7  display.o(.rodata.str1.1)
    .L.str.12                                0x000045c9   Data           6  display.o(.rodata.str1.1)
    .L.str.6                                 0x000045cf   Data           8  display.o(.rodata.str1.1)
    .data                                    0x20200000   Section        4  errno.o(.data)
    _errno                                   0x20200000   Data           4  errno.o(.data)
    [Anonymous Symbol]                       0x20200008   Section        0  display.o(.bss.display_update.s_have_last_frame)
    display_update.s_have_last_frame         0x20200008   Data           1  display.o(.bss.display_update.s_have_last_frame)
    [Anonymous Symbol]                       0x20200009   Section        0  display.o(.bss.display_update.s_last_mode)
    display_update.s_last_mode               0x20200009   Data           1  display.o(.bss.display_update.s_last_mode)
    [Anonymous Symbol]                       0x2020000a   Section        0  display.o(.bss.display_update.s_last_phase)
    display_update.s_last_phase              0x2020000a   Data           1  display.o(.bss.display_update.s_last_phase)
    [Anonymous Symbol]                       0x2020000c   Section        0  display.o(.bss.display_update.s_last_refresh_ms)
    display_update.s_last_refresh_ms         0x2020000c   Data           4  display.o(.bss.display_update.s_last_refresh_ms)
    [Anonymous Symbol]                       0x20200010   Section        0  display.o(.bss.display_update.s_last_state)
    display_update.s_last_state              0x20200010   Data           1  display.o(.bss.display_update.s_last_state)
    [Anonymous Symbol]                       0x202000d4   Section        0  line_sensor.o(.bss.s_black_history)
    s_black_history                          0x202000d4   Data           4  line_sensor.o(.bss.s_black_history)
    [Anonymous Symbol]                       0x202000d8   Section        0  robot_app.o(.bss.s_brake_start_ms)
    s_brake_start_ms                         0x202000d8   Data           4  robot_app.o(.bss.s_brake_start_ms)
    [Anonymous Symbol]                       0x202000dc   Section        0  oled.o(.bss.s_fb)
    s_fb                                     0x202000dc   Data        1024  oled.o(.bss.s_fb)
    [Anonymous Symbol]                       0x202004dc   Section        0  robot_app.o(.bss.s_have_previous_yaw)
    s_have_previous_yaw                      0x202004dc   Data           1  robot_app.o(.bss.s_have_previous_yaw)
    [Anonymous Symbol]                       0x202004dd   Section        0  robot_app.o(.bss.s_imu_online)
    s_imu_online                             0x202004dd   Data           1  robot_app.o(.bss.s_imu_online)
    [Anonymous Symbol]                       0x202004e0   Section        0  robot_app.o(.bss.s_key_calib)
    s_key_calib                              0x202004e0   Data           8  robot_app.o(.bss.s_key_calib)
    [Anonymous Symbol]                       0x202004e8   Section        0  robot_app.o(.bss.s_key_mode)
    s_key_mode                               0x202004e8   Data           8  robot_app.o(.bss.s_key_mode)
    [Anonymous Symbol]                       0x202004f0   Section        0  robot_app.o(.bss.s_key_start)
    s_key_start                              0x202004f0   Data           8  robot_app.o(.bss.s_key_start)
    [Anonymous Symbol]                       0x202004f8   Section        0  line_sensor.o(.bss.s_last_error)
    s_last_error                             0x202004f8   Data           4  line_sensor.o(.bss.s_last_error)
    [Anonymous Symbol]                       0x202004fc   Section        0  robot_app.o(.bss.s_last_line_seen_ms)
    s_last_line_seen_ms                      0x202004fc   Data           4  robot_app.o(.bss.s_last_line_seen_ms)
    [Anonymous Symbol]                       0x20200500   Section        0  robot_app.o(.bss.s_last_tick_ms)
    s_last_tick_ms                           0x20200500   Data           4  robot_app.o(.bss.s_last_tick_ms)
    [Anonymous Symbol]                       0x20200504   Section        0  robot_app.o(.bss.s_last_valid_line_error)
    s_last_valid_line_error                  0x20200504   Data           4  robot_app.o(.bss.s_last_valid_line_error)
    [Anonymous Symbol]                       0x20200508   Section        0  motor.o(.bss.s_left_pwm)
    s_left_pwm                               0x20200508   Data           2  motor.o(.bss.s_left_pwm)
    [Anonymous Symbol]                       0x2020050c   Section        0  k230_protocol.o(.bss.s_line_buf)
    s_line_buf                               0x2020050c   Data         128  k230_protocol.o(.bss.s_line_buf)
    [Anonymous Symbol]                       0x2020058c   Section        0  k230_protocol.o(.bss.s_line_len)
    s_line_len                               0x2020058c   Data           1  k230_protocol.o(.bss.s_line_len)
    [Anonymous Symbol]                       0x20200590   Section        0  robot_app.o(.bss.s_line_lost_since_ms)
    s_line_lost_since_ms                     0x20200590   Data           4  robot_app.o(.bss.s_line_lost_since_ms)
    [Anonymous Symbol]                       0x20200594   Section        0  robot_app.o(.bss.s_line_pid)
    s_line_pid                               0x20200594   Data          32  robot_app.o(.bss.s_line_pid)
    [Anonymous Symbol]                       0x202005b4   Section        0  robot_app.o(.bss.s_marker_clear_since_ms)
    s_marker_clear_since_ms                  0x202005b4   Data           4  robot_app.o(.bss.s_marker_clear_since_ms)
    [Anonymous Symbol]                       0x202005b8   Section        0  robot_app.o(.bss.s_marker_since_ms)
    s_marker_since_ms                        0x202005b8   Data           4  robot_app.o(.bss.s_marker_since_ms)
    [Anonymous Symbol]                       0x202005bc   Section        0  mpu6050.o(.bss.s_mpu)
    s_mpu                                    0x202005bc   Data          24  mpu6050.o(.bss.s_mpu)
    [Anonymous Symbol]                       0x202005d4   Section        0  robot_app.o(.bss.s_previous_yaw_deg)
    s_previous_yaw_deg                       0x202005d4   Data           4  robot_app.o(.bss.s_previous_yaw_deg)
    [Anonymous Symbol]                       0x202005d8   Section        0  robot_app.o(.bss.s_q2_brake_reason)
    s_q2_brake_reason                        0x202005d8   Data           1  robot_app.o(.bss.s_q2_brake_reason)
    [Anonymous Symbol]                       0x202005d9   Section        0  robot_app.o(.bss.s_q2_finish_armed)
    s_q2_finish_armed                        0x202005d9   Data           1  robot_app.o(.bss.s_q2_finish_armed)
    [Anonymous Symbol]                       0x202005da   Section        0  robot_app.o(.bss.s_q2_marker)
    s_q2_marker                              0x202005da   Data           1  robot_app.o(.bss.s_q2_marker)
    [Anonymous Symbol]                       0x202005db   Section        0  robot_app.o(.bss.s_q2_start_mask_count)
    s_q2_start_mask_count                    0x202005db   Data           1  robot_app.o(.bss.s_q2_start_mask_count)
    [Anonymous Symbol]                       0x202005dc   Section        0  robot_app.o(.bss.s_q2_start_mask_index)
    s_q2_start_mask_index                    0x202005dc   Data           1  robot_app.o(.bss.s_q2_start_mask_index)
    [Anonymous Symbol]                       0x202005e0   Section        0  robot_app.o(.bss.s_q2_start_masks)
    s_q2_start_masks                         0x202005e0   Data          16  robot_app.o(.bss.s_q2_start_masks)
    [Anonymous Symbol]                       0x202005f0   Section        0  robot_app.o(.bss.s_q3_attempts)
    s_q3_attempts                            0x202005f0   Data           1  robot_app.o(.bss.s_q3_attempts)
    [Anonymous Symbol]                       0x202005f4   Section        0  robot_app.o(.bss.s_q3_hold_bad_since_ms)
    s_q3_hold_bad_since_ms                   0x202005f4   Data           4  robot_app.o(.bss.s_q3_hold_bad_since_ms)
    [Anonymous Symbol]                       0x202005f8   Section        0  robot_app.o(.bss.s_q3_last_command_ms)
    s_q3_last_command_ms                     0x202005f8   Data           4  robot_app.o(.bss.s_q3_last_command_ms)
    [Anonymous Symbol]                       0x202005fc   Section        0  robot_app.o(.bss.s_q3_last_keepalive_ms)
    s_q3_last_keepalive_ms                   0x202005fc   Data           4  robot_app.o(.bss.s_q3_last_keepalive_ms)
    [Anonymous Symbol]                       0x20200600   Section        0  robot_app.o(.bss.s_q3_last_status_ms)
    s_q3_last_status_ms                      0x20200600   Data           4  robot_app.o(.bss.s_q3_last_status_ms)
    [Anonymous Symbol]                       0x20200604   Section        0  robot_app.o(.bss.s_q3_seq)
    s_q3_seq                                 0x20200604   Data           2  robot_app.o(.bss.s_q3_seq)
    [Anonymous Symbol]                       0x20200606   Section        0  motor.o(.bss.s_right_pwm)
    s_right_pwm                              0x20200606   Data           2  motor.o(.bss.s_right_pwm)
    [Anonymous Symbol]                       0x20200608   Section        0  k230_protocol.o(.bss.s_status)
    s_status                                 0x20200608   Data          44  k230_protocol.o(.bss.s_status)
    [Anonymous Symbol]                       0x20200634   Section        0  robot_app.o(.bss.s_task_start_ms)
    s_task_start_ms                          0x20200634   Data           4  robot_app.o(.bss.s_task_start_ms)
    [Anonymous Symbol]                       0x20200638   Section        0  robot_app.o(.bss.s_tel)
    s_tel                                    0x20200638   Data          56  robot_app.o(.bss.s_tel)
    [Anonymous Symbol]                       0x20200670   Section        0  hal_ti_mspm0.o(.bss.s_uart_rx_buffer)
    s_uart_rx_buffer                         0x20200670   Data         128  hal_ti_mspm0.o(.bss.s_uart_rx_buffer)
    [Anonymous Symbol]                       0x202006f0   Section        0  hal_ti_mspm0.o(.bss.s_uart_rx_head)
    s_uart_rx_head                           0x202006f0   Data           1  hal_ti_mspm0.o(.bss.s_uart_rx_head)
    [Anonymous Symbol]                       0x202006f1   Section        0  hal_ti_mspm0.o(.bss.s_uart_rx_tail)
    s_uart_rx_tail                           0x202006f1   Data           1  hal_ti_mspm0.o(.bss.s_uart_rx_tail)
    STACK                                    0x202006f8   Section     4096  startup_mspm0g350x_uvision.o(STACK)

    Global Symbols

    Symbol Name                              Value     Ov Type        Size  Object(Section)

    BuildAttributes$$THM_ISAv3M$S$PE$A:L22$X:L11$S22$IEEE1$IW$~IW$USESV6$~STKCKD$USESV7$~SHL$OTIME$ROPI$IEEEJ$EBA8$MICROLIB$REQ8$PRES8$EABIv2 0x00000000   Number         0  anon$$obj.o ABSOLUTE
    __Vectors                                0x00000000   Data           4  startup_mspm0g350x_uvision.o(RESET)
    _printf_a                                0x00000000   Number         0  stubs.o ABSOLUTE
    _printf_c                                0x00000000   Number         0  stubs.o ABSOLUTE
    _printf_charcount                        0x00000000   Number         0  stubs.o ABSOLUTE
    _printf_d                                0x00000000   Number         0  stubs.o ABSOLUTE
    _printf_e                                0x00000000   Number         0  stubs.o ABSOLUTE
    _printf_f                                0x00000000   Number         0  stubs.o ABSOLUTE
    _printf_flags                            0x00000000   Number         0  stubs.o ABSOLUTE
    _printf_fp_dec                           0x00000000   Number         0  stubs.o ABSOLUTE
    _printf_fp_hex                           0x00000000   Number         0  stubs.o ABSOLUTE
    _printf_g                                0x00000000   Number         0  stubs.o ABSOLUTE
    _printf_i                                0x00000000   Number         0  stubs.o ABSOLUTE
    _printf_int_dec                          0x00000000   Number         0  stubs.o ABSOLUTE
    _printf_l                                0x00000000   Number         0  stubs.o ABSOLUTE
    _printf_lc                               0x00000000   Number         0  stubs.o ABSOLUTE
    _printf_ll                               0x00000000   Number         0  stubs.o ABSOLUTE
    _printf_lld                              0x00000000   Number         0  stubs.o ABSOLUTE
    _printf_lli                              0x00000000   Number         0  stubs.o ABSOLUTE
    _printf_llo                              0x00000000   Number         0  stubs.o ABSOLUTE
    _printf_llu                              0x00000000   Number         0  stubs.o ABSOLUTE
    _printf_llx                              0x00000000   Number         0  stubs.o ABSOLUTE
    _printf_longlong_dec                     0x00000000   Number         0  stubs.o ABSOLUTE
    _printf_longlong_hex                     0x00000000   Number         0  stubs.o ABSOLUTE
    _printf_longlong_oct                     0x00000000   Number         0  stubs.o ABSOLUTE
    _printf_ls                               0x00000000   Number         0  stubs.o ABSOLUTE
    _printf_mbtowc                           0x00000000   Number         0  stubs.o ABSOLUTE
    _printf_n                                0x00000000   Number         0  stubs.o ABSOLUTE
    _printf_o                                0x00000000   Number         0  stubs.o ABSOLUTE
    _printf_p                                0x00000000   Number         0  stubs.o ABSOLUTE
    _printf_percent                          0x00000000   Number         0  stubs.o ABSOLUTE
    _printf_pre_padding                      0x00000000   Number         0  stubs.o ABSOLUTE
    _printf_return_value                     0x00000000   Number         0  stubs.o ABSOLUTE
    _printf_s                                0x00000000   Number         0  stubs.o ABSOLUTE
    _printf_sizespec                         0x00000000   Number         0  stubs.o ABSOLUTE
    _printf_str                              0x00000000   Number         0  stubs.o ABSOLUTE
    _printf_truncate_signed                  0x00000000   Number         0  stubs.o ABSOLUTE
    _printf_truncate_unsigned                0x00000000   Number         0  stubs.o ABSOLUTE
    _printf_u                                0x00000000   Number         0  stubs.o ABSOLUTE
    _printf_wc                               0x00000000   Number         0  stubs.o ABSOLUTE
    _printf_wctomb                           0x00000000   Number         0  stubs.o ABSOLUTE
    _printf_widthprec                        0x00000000   Number         0  stubs.o ABSOLUTE
    _printf_x                                0x00000000   Number         0  stubs.o ABSOLUTE
    __cpp_initialize__aeabi_                  - Undefined Weak Reference
    __cxa_finalize                            - Undefined Weak Reference
    __decompress                              - Undefined Weak Reference
    _clock_init                               - Undefined Weak Reference
    _microlib_exit                            - Undefined Weak Reference
    __Vectors_End                            0x000000c0   Data           0  startup_mspm0g350x_uvision.o(RESET)
    __Vectors_Size                           0x000000c0   Number         0  startup_mspm0g350x_uvision.o ABSOLUTE
    __main                                   0x000000c1   Thumb Code     0  entry.o(.ARM.Collect$$$$00000000)
    _main_stk                                0x000000c1   Thumb Code     0  entry2.o(.ARM.Collect$$$$00000001)
    _main_scatterload                        0x000000c5   Thumb Code     0  entry5.o(.ARM.Collect$$$$00000004)
    __main_after_scatterload                 0x000000c9   Thumb Code     0  entry5.o(.ARM.Collect$$$$00000004)
    _main_clock                              0x000000c9   Thumb Code     0  entry7b.o(.ARM.Collect$$$$00000008)
    _main_cpp_init                           0x000000c9   Thumb Code     0  entry8b.o(.ARM.Collect$$$$0000000A)
    _main_init                               0x000000c9   Thumb Code     0  entry9a.o(.ARM.Collect$$$$0000000B)
    __rt_final_cpp                           0x000000d1   Thumb Code     0  entry10a.o(.ARM.Collect$$$$0000000D)
    __rt_final_exit                          0x000000d1   Thumb Code     0  entry11a.o(.ARM.Collect$$$$0000000F)
    Reset_Handler                            0x000000d5   Thumb Code     4  startup_mspm0g350x_uvision.o(.text)
    NMI_Handler                              0x000000d9   Thumb Code     2  startup_mspm0g350x_uvision.o(.text)
    HardFault_Handler                        0x000000db   Thumb Code     2  startup_mspm0g350x_uvision.o(.text)
    SVC_Handler                              0x000000dd   Thumb Code     2  startup_mspm0g350x_uvision.o(.text)
    PendSV_Handler                           0x000000df   Thumb Code     2  startup_mspm0g350x_uvision.o(.text)
    ADC0_IRQHandler                          0x000000e3   Thumb Code     0  startup_mspm0g350x_uvision.o(.text)
    ADC1_IRQHandler                          0x000000e3   Thumb Code     0  startup_mspm0g350x_uvision.o(.text)
    AES_IRQHandler                           0x000000e3   Thumb Code     0  startup_mspm0g350x_uvision.o(.text)
    CANFD0_IRQHandler                        0x000000e3   Thumb Code     0  startup_mspm0g350x_uvision.o(.text)
    DAC0_IRQHandler                          0x000000e3   Thumb Code     0  startup_mspm0g350x_uvision.o(.text)
    DMA_IRQHandler                           0x000000e3   Thumb Code     0  startup_mspm0g350x_uvision.o(.text)
    Default_Handler                          0x000000e3   Thumb Code     2  startup_mspm0g350x_uvision.o(.text)
    GROUP0_IRQHandler                        0x000000e3   Thumb Code     0  startup_mspm0g350x_uvision.o(.text)
    GROUP1_IRQHandler                        0x000000e3   Thumb Code     0  startup_mspm0g350x_uvision.o(.text)
    I2C0_IRQHandler                          0x000000e3   Thumb Code     0  startup_mspm0g350x_uvision.o(.text)
    I2C1_IRQHandler                          0x000000e3   Thumb Code     0  startup_mspm0g350x_uvision.o(.text)
    RTC_IRQHandler                           0x000000e3   Thumb Code     0  startup_mspm0g350x_uvision.o(.text)
    SPI0_IRQHandler                          0x000000e3   Thumb Code     0  startup_mspm0g350x_uvision.o(.text)
    SPI1_IRQHandler                          0x000000e3   Thumb Code     0  startup_mspm0g350x_uvision.o(.text)
    TIMA0_IRQHandler                         0x000000e3   Thumb Code     0  startup_mspm0g350x_uvision.o(.text)
    TIMA1_IRQHandler                         0x000000e3   Thumb Code     0  startup_mspm0g350x_uvision.o(.text)
    TIMG0_IRQHandler                         0x000000e3   Thumb Code     0  startup_mspm0g350x_uvision.o(.text)
    TIMG12_IRQHandler                        0x000000e3   Thumb Code     0  startup_mspm0g350x_uvision.o(.text)
    TIMG6_IRQHandler                         0x000000e3   Thumb Code     0  startup_mspm0g350x_uvision.o(.text)
    TIMG7_IRQHandler                         0x000000e3   Thumb Code     0  startup_mspm0g350x_uvision.o(.text)
    TIMG8_IRQHandler                         0x000000e3   Thumb Code     0  startup_mspm0g350x_uvision.o(.text)
    UART1_IRQHandler                         0x000000e3   Thumb Code     0  startup_mspm0g350x_uvision.o(.text)
    UART2_IRQHandler                         0x000000e3   Thumb Code     0  startup_mspm0g350x_uvision.o(.text)
    UART3_IRQHandler                         0x000000e3   Thumb Code     0  startup_mspm0g350x_uvision.o(.text)
    __aeabi_uidiv                            0x000000e9   Thumb Code     0  uidiv.o(.text)
    __aeabi_uidivmod                         0x000000e9   Thumb Code    44  uidiv.o(.text)
    __aeabi_memcpy                           0x00000115   Thumb Code    36  memcpya.o(.text)
    __aeabi_memcpy4                          0x00000115   Thumb Code     0  memcpya.o(.text)
    __aeabi_memcpy8                          0x00000115   Thumb Code     0  memcpya.o(.text)
    __aeabi_memset                           0x00000139   Thumb Code    14  memseta.o(.text)
    __aeabi_memset4                          0x00000139   Thumb Code     0  memseta.o(.text)
    __aeabi_memset8                          0x00000139   Thumb Code     0  memseta.o(.text)
    __aeabi_memclr                           0x00000147   Thumb Code     4  memseta.o(.text)
    __aeabi_memclr4                          0x00000147   Thumb Code     0  memseta.o(.text)
    __aeabi_memclr8                          0x00000147   Thumb Code     0  memseta.o(.text)
    _memset$wrapper                          0x0000014b   Thumb Code    18  memseta.o(.text)
    strcmp                                   0x0000015d   Thumb Code    28  strcmp.o(.text)
    strncmp                                  0x00000179   Thumb Code    30  strncmp.o(.text)
    strtol                                   0x00000199   Thumb Code   108  strtol.o(.text)
    __aeabi_fadd                             0x00000209   Thumb Code   162  fadd.o(.text)
    __aeabi_fsub                             0x000002ab   Thumb Code     8  fadd.o(.text)
    __aeabi_frsub                            0x000002b3   Thumb Code     8  fadd.o(.text)
    __aeabi_fmul                             0x000002bb   Thumb Code   122  fmul.o(.text)
    __aeabi_fdiv                             0x00000335   Thumb Code   124  fdiv.o(.text)
    __aeabi_fcmple                           0x000003b1   Thumb Code    28  fcmple.o(.text)
    __aeabi_fcmplt                           0x000003cd   Thumb Code    28  fcmplt.o(.text)
    __aeabi_fcmpge                           0x000003e9   Thumb Code    28  fcmpge.o(.text)
    __aeabi_fcmpgt                           0x00000405   Thumb Code    28  fcmpgt.o(.text)
    __aeabi_i2f                              0x00000421   Thumb Code    22  fflti.o(.text)
    __aeabi_ui2f                             0x00000437   Thumb Code    14  ffltui.o(.text)
    __aeabi_f2iz                             0x00000445   Thumb Code    50  ffixi.o(.text)
    __aeabi_uldivmod                         0x00000477   Thumb Code    96  uldiv.o(.text)
    __rt_ctype_table                         0x000004d9   Thumb Code     4  ctype_o.o(.text)
    isspace                                  0x000004e1   Thumb Code    18  isspace_o.o(.text)
    _strtoul                                 0x000004f3   Thumb Code   166  _strtoul.o(.text)
    __strtof_int                             0x00000599   Thumb Code    26  strtof.o(.text)
    __I$use$fp                               0x000005b3   Thumb Code     0  iusefp.o(.text)
    _float_round                             0x000005b3   Thumb Code    16  fepilogue.o(.text)
    _float_epilogue                          0x000005c3   Thumb Code   114  fepilogue.o(.text)
    __aeabi_dmul                             0x00000635   Thumb Code   202  dmul.o(.text)
    __aeabi_ddiv                             0x00000705   Thumb Code   234  ddiv.o(.text)
    __aeabi_cdrcmple                         0x000007f5   Thumb Code    38  cdrcmple.o(.text)
    __scatterload                            0x00000821   Thumb Code    28  init.o(.text)
    __scatterload_rt2                        0x00000821   Thumb Code     0  init.o(.text)
    __aeabi_llsl                             0x00000845   Thumb Code    32  llshl.o(.text)
    _ll_shift_l                              0x00000845   Thumb Code     0  llshl.o(.text)
    __aeabi_llsr                             0x00000865   Thumb Code    34  llushr.o(.text)
    _ll_ushift_r                             0x00000865   Thumb Code     0  llushr.o(.text)
    _chval                                   0x00000887   Thumb Code    30  _chval.o(.text)
    __strtod_int                             0x000008db   Thumb Code    92  strtod.o(.text)
    _double_round                            0x00000949   Thumb Code    26  depilogue.o(.text)
    _double_epilogue                         0x00000963   Thumb Code   164  depilogue.o(.text)
    _scanf_real                              0x00000b27   Thumb Code     0  scanf_fp.o(.text)
    _scanf_really_real                       0x00000b27   Thumb Code   586  scanf_fp.o(.text)
    _sgetc                                   0x00000d7d   Thumb Code    32  _sgetc.o(.text)
    _sbackspace                              0x00000d9d   Thumb Code    36  _sgetc.o(.text)
    __aeabi_cdcmpeq                          0x00000dc1   Thumb Code     0  cdcmple.o(.text)
    __aeabi_cdcmple                          0x00000dc1   Thumb Code    38  cdcmple.o(.text)
    __aeabi_d2f                              0x00000de9   Thumb Code    56  d2f.o(.text)
    __fp_status                              0x00000e21   Thumb Code     4  fpstat.o(.text)
    __ieee_status                            0x00000e21   Thumb Code     0  fpstat.o(.text)
    __aeabi_lmul                             0x00000e25   Thumb Code   122  llmul.o(.text)
    _ll_mul                                  0x00000e25   Thumb Code     0  llmul.o(.text)
    __ARM_scalbn                             0x00000e9f   Thumb Code    44  dscalb.o(.text)
    scalbn                                   0x00000e9f   Thumb Code     0  dscalb.o(.text)
    __aeabi_ul2d                             0x00000ecd   Thumb Code    22  dfltul.o(.text)
    DL_Common_delayCycles                    0x00000ee9   Thumb Code    10  dl_common.o(.text.DL_Common_delayCycles)
    DL_SYSCTL_configSYSPLL                   0x00000fbd   Thumb Code   200  dl_sysctl_mspm0g1x0x_g3x0x.o(.text.DL_SYSCTL_configSYSPLL)
    DL_SYSCTL_switchMCLKfromSYSOSCtoHSCLK    0x000010d5   Thumb Code    40  dl_sysctl_mspm0g1x0x_g3x0x.o(.text.DL_SYSCTL_switchMCLKfromSYSOSCtoHSCLK)
    DL_Timer_initFourCCPWMMode               0x00001111   Thumb Code   272  dl_timer.o(.text.DL_Timer_initFourCCPWMMode)
    DL_Timer_setCaptCompUpdateMethod         0x00001231   Thumb Code    28  dl_timer.o(.text.DL_Timer_setCaptCompUpdateMethod)
    DL_Timer_setCaptureCompareOutCtl         0x0000124d   Thumb Code    24  dl_timer.o(.text.DL_Timer_setCaptureCompareOutCtl)
    DL_Timer_setCaptureCompareValue          0x00001265   Thumb Code    16  dl_timer.o(.text.DL_Timer_setCaptureCompareValue)
    DL_Timer_setClockConfig                  0x00001275   Thumb Code    28  dl_timer.o(.text.DL_Timer_setClockConfig)
    DL_UART_init                             0x000012f5   Thumb Code    72  dl_uart.o(.text.DL_UART_init)
    DL_UART_setClockConfig                   0x00001399   Thumb Code    18  dl_uart.o(.text.DL_UART_setClockConfig)
    DL_UART_transmitDataBlocking             0x000013c1   Thumb Code    20  dl_uart.o(.text.DL_UART_transmitDataBlocking)
    SYSCFG_DL_GPIO_init                      0x000013d5   Thumb Code   148  ti_msp_dl_config.o(.text.SYSCFG_DL_GPIO_init)
    SYSCFG_DL_Motor_init                     0x00001469   Thumb Code   140  ti_msp_dl_config.o(.text.SYSCFG_DL_Motor_init)
    SYSCFG_DL_SYSCTL_init                    0x000014f5   Thumb Code    40  ti_msp_dl_config.o(.text.SYSCFG_DL_SYSCTL_init)
    SYSCFG_DL_UART_K230_init                 0x0000151d   Thumb Code    52  ti_msp_dl_config.o(.text.SYSCFG_DL_UART_K230_init)
    SYSCFG_DL_init                           0x00001551   Thumb Code    36  ti_msp_dl_config.o(.text.SYSCFG_DL_init)
    SYSCFG_DL_initPower                      0x00001575   Thumb Code    64  ti_msp_dl_config.o(.text.SYSCFG_DL_initPower)
    SysTick_Handler                          0x000015d5   Thumb Code    16  hal_ti_mspm0.o(.text.SysTick_Handler)
    UART0_IRQHandler                         0x000015e5   Thumb Code    72  hal_ti_mspm0.o(.text.UART0_IRQHandler)
    display_init                             0x000017b9   Thumb Code    32  display.o(.text.display_init)
    display_update                           0x000017d9   Thumb Code   156  display.o(.text.display_update)
    hal_delay_ms                             0x000019b1   Thumb Code    22  hal_ti_mspm0.o(.text.hal_delay_ms)
    hal_gpio_read                            0x000019c9   Thumb Code    96  hal_ti_mspm0.o(.text.hal_gpio_read)
    hal_gpio_write                           0x00001a25   Thumb Code    56  hal_ti_mspm0.o(.text.hal_gpio_write)
    hal_i2c_write                            0x00001a5d   Thumb Code    84  hal_ti_mspm0.o(.text.hal_i2c_write)
    hal_i2c_write_read                       0x00001ab1   Thumb Code   180  hal_ti_mspm0.o(.text.hal_i2c_write_read)
    hal_init                                 0x00001b65   Thumb Code    56  hal_ti_mspm0.o(.text.hal_init)
    hal_millis                               0x00001b91   Thumb Code    12  hal_ti_mspm0.o(.text.hal_millis)
    hal_pwm_set_duty_permille                0x00001b9d   Thumb Code    64  hal_ti_mspm0.o(.text.hal_pwm_set_duty_permille)
    hal_uart_debug_write                     0x00001bdd   Thumb Code     2  hal_ti_mspm0.o(.text.hal_uart_debug_write)
    hal_uart_k230_read_byte                  0x00001be1   Thumb Code    48  hal_ti_mspm0.o(.text.hal_uart_k230_read_byte)
    hal_uart_k230_write                      0x00001c11   Thumb Code    40  hal_ti_mspm0.o(.text.hal_uart_k230_write)
    k230_protocol_get                        0x00001e95   Thumb Code    24  k230_protocol.o(.text.k230_protocol_get)
    k230_protocol_init                       0x00001ea9   Thumb Code    40  k230_protocol.o(.text.k230_protocol_init)
    k230_protocol_poll                       0x00001ec5   Thumb Code   120  k230_protocol.o(.text.k230_protocol_poll)
    k230_protocol_send_q3_abort              0x00001f39   Thumb Code    48  k230_protocol.o(.text.k230_protocol_send_q3_abort)
    k230_protocol_send_q3_keepalive          0x00001f69   Thumb Code    48  k230_protocol.o(.text.k230_protocol_send_q3_keepalive)
    k230_protocol_send_q3_neutral            0x00001f99   Thumb Code    48  k230_protocol.o(.text.k230_protocol_send_q3_neutral)
    k230_protocol_send_q3_start              0x00001fc9   Thumb Code    56  k230_protocol.o(.text.k230_protocol_send_q3_start)
    line_sensor_init                         0x00002001   Thumb Code    20  line_sensor.o(.text.line_sensor_init)
    line_sensor_read                         0x0000200d   Thumb Code   224  line_sensor.o(.text.line_sensor_read)
    main                                     0x000020ed   Thumb Code    20  main.o(.text.main)
    motor_brake                              0x00002145   Thumb Code   100  motor.o(.text.motor_brake)
    motor_get_left                           0x000021a1   Thumb Code    12  motor.o(.text.motor_get_left)
    motor_get_right                          0x000021a9   Thumb Code    12  motor.o(.text.motor_get_right)
    motor_init                               0x000021b1   Thumb Code    28  motor.o(.text.motor_init)
    motor_set_raw                            0x000021c5   Thumb Code    96  motor.o(.text.motor_set_raw)
    motor_stop                               0x0000221d   Thumb Code    80  motor.o(.text.motor_stop)
    mpu6050_calibrate_gyro                   0x0000226d   Thumb Code   116  mpu6050.o(.text.mpu6050_calibrate_gyro)
    mpu6050_get_state                        0x000022d9   Thumb Code    20  mpu6050.o(.text.mpu6050_get_state)
    mpu6050_init                             0x000022e9   Thumb Code   112  mpu6050.o(.text.mpu6050_init)
    mpu6050_update                           0x00002355   Thumb Code   156  mpu6050.o(.text.mpu6050_update)
    mpu6050_zero_yaw                         0x000023ed   Thumb Code    12  mpu6050.o(.text.mpu6050_zero_yaw)
    oled_clear                               0x000023f9   Thumb Code    20  oled.o(.text.oled_clear)
    oled_draw_char                           0x00002409   Thumb Code    84  oled.o(.text.oled_draw_char)
    oled_draw_string                         0x0000245d   Thumb Code    44  oled.o(.text.oled_draw_string)
    oled_flush                               0x00002489   Thumb Code    68  oled.o(.text.oled_flush)
    oled_init                                0x000024c9   Thumb Code    60  oled.o(.text.oled_init)
    pid_init                                 0x0000292d   Thumb Code    20  pid.o(.text.pid_init)
    pid_reset                                0x00002941   Thumb Code    10  pid.o(.text.pid_reset)
    pid_update                               0x0000294d   Thumb Code   160  pid.o(.text.pid_update)
    robot_app_init                           0x00002fe9   Thumb Code   152  robot_app.o(.text.robot_app_init)
    robot_app_tick                           0x00003071   Thumb Code   348  robot_app.o(.text.robot_app_tick)
    __0snprintf$8                            0x00003a55   Thumb Code    46  printf8.o(i.__0snprintf$8)
    __1snprintf$8                            0x00003a55   Thumb Code     0  printf8.o(i.__0snprintf$8)
    __2snprintf                              0x00003a55   Thumb Code     0  printf8.o(i.__0snprintf$8)
    __ARM_clz                                0x00003a89   Thumb Code    46  depilogue.o(i.__ARM_clz)
    __aeabi_errno_addr                       0x00003ab9   Thumb Code     4  errno.o(i.__aeabi_errno_addr)
    __rt_errno_addr                          0x00003ab9   Thumb Code     0  errno.o(i.__aeabi_errno_addr)
    __mathlib_narrow                         0x00003ac1   Thumb Code    16  narrow.o(i.__mathlib_narrow)
    __mathlib_tofloat                        0x00003ad1   Thumb Code   190  narrow.o(i.__mathlib_tofloat)
    __scatterload_copy                       0x00003b99   Thumb Code    14  handlers.o(i.__scatterload_copy)
    __scatterload_null                       0x00003ba9   Thumb Code     2  handlers.o(i.__scatterload_null)
    __scatterload_zeroinit                   0x00003bb1   Thumb Code    14  handlers.o(i.__scatterload_zeroinit)
    __set_errno                              0x00003bc1   Thumb Code     6  errno.o(i.__set_errno)
    _is_digit                                0x00003bcd   Thumb Code    14  scanf_fp.o(i._is_digit)
    frexp                                    0x00004069   Thumb Code    72  frexp.o(i.frexp)
    strtof                                   0x000040c1   Thumb Code    20  strtof.o(i.strtof)
    __ctype_table                            0x000040d4   Data         129  ctype_o.o(.constdata)
    Region$$Table$$Base                      0x000045d8   Number         0  anon$$obj.o(Region$$Table)
    Region$$Table$$Limit                     0x000045f8   Number         0  anon$$obj.o(Region$$Table)
    gMotorBackup                             0x20200014   Data         188  ti_msp_dl_config.o(.bss.gMotorBackup)
    g_systick_ms                             0x202000d0   Data           4  hal_ti_mspm0.o(.bss.g_systick_ms)
    __initial_sp                             0x202016f8   Data           0  startup_mspm0g350x_uvision.o(STACK)



==============================================================================

Memory Map of the image

  Image Entry point : 0x000000c1

  Load Region LR_IROM1 (Base: 0x00000000, Size: 0x00004600, Max: 0x00020000, ABSOLUTE)

    Execution Region ER_IROM1 (Exec base: 0x00000000, Load base: 0x00000000, Size: 0x000045f8, Max: 0x00020000, ABSOLUTE)

    Exec Addr    Load Addr    Size         Type   Attr      Idx    E Section Name        Object

    0x00000000   0x00000000   0x000000c0   Data   RO            3    RESET               startup_mspm0g350x_uvision.o
    0x000000c0   0x000000c0   0x00000000   Code   RO          733  * .ARM.Collect$$$$00000000  mc_p.l(entry.o)
    0x000000c0   0x000000c0   0x00000004   Code   RO         1031    .ARM.Collect$$$$00000001  mc_p.l(entry2.o)
    0x000000c4   0x000000c4   0x00000004   Code   RO         1034    .ARM.Collect$$$$00000004  mc_p.l(entry5.o)
    0x000000c8   0x000000c8   0x00000000   Code   RO         1036    .ARM.Collect$$$$00000008  mc_p.l(entry7b.o)
    0x000000c8   0x000000c8   0x00000000   Code   RO         1038    .ARM.Collect$$$$0000000A  mc_p.l(entry8b.o)
    0x000000c8   0x000000c8   0x00000008   Code   RO         1039    .ARM.Collect$$$$0000000B  mc_p.l(entry9a.o)
    0x000000d0   0x000000d0   0x00000000   Code   RO         1041    .ARM.Collect$$$$0000000D  mc_p.l(entry10a.o)
    0x000000d0   0x000000d0   0x00000000   Code   RO         1043    .ARM.Collect$$$$0000000F  mc_p.l(entry11a.o)
    0x000000d0   0x000000d0   0x00000004   Code   RO         1032    .ARM.Collect$$$$00002712  mc_p.l(entry2.o)
    0x000000d4   0x000000d4   0x00000014   Code   RO            4    .text               startup_mspm0g350x_uvision.o
    0x000000e8   0x000000e8   0x0000002c   Code   RO          736    .text               mc_p.l(uidiv.o)
    0x00000114   0x00000114   0x00000024   Code   RO          738    .text               mc_p.l(memcpya.o)
    0x00000138   0x00000138   0x00000024   Code   RO          740    .text               mc_p.l(memseta.o)
    0x0000015c   0x0000015c   0x0000001c   Code   RO          742    .text               mc_p.l(strcmp.o)
    0x00000178   0x00000178   0x0000001e   Code   RO          744    .text               mc_p.l(strncmp.o)
    0x00000196   0x00000196   0x00000002   PAD
    0x00000198   0x00000198   0x00000070   Code   RO         1009    .text               mc_p.l(strtol.o)
    0x00000208   0x00000208   0x000000b2   Code   RO         1011    .text               mf_p.l(fadd.o)
    0x000002ba   0x000002ba   0x0000007a   Code   RO         1013    .text               mf_p.l(fmul.o)
    0x00000334   0x00000334   0x0000007c   Code   RO         1015    .text               mf_p.l(fdiv.o)
    0x000003b0   0x000003b0   0x0000001c   Code   RO         1017    .text               mf_p.l(fcmple.o)
    0x000003cc   0x000003cc   0x0000001c   Code   RO         1019    .text               mf_p.l(fcmplt.o)
    0x000003e8   0x000003e8   0x0000001c   Code   RO         1021    .text               mf_p.l(fcmpge.o)
    0x00000404   0x00000404   0x0000001c   Code   RO         1023    .text               mf_p.l(fcmpgt.o)
    0x00000420   0x00000420   0x00000016   Code   RO         1025    .text               mf_p.l(fflti.o)
    0x00000436   0x00000436   0x0000000e   Code   RO         1027    .text               mf_p.l(ffltui.o)
    0x00000444   0x00000444   0x00000032   Code   RO         1029    .text               mf_p.l(ffixi.o)
    0x00000476   0x00000476   0x00000060   Code   RO         1050    .text               mc_p.l(uldiv.o)
    0x000004d6   0x000004d6   0x00000002   PAD
    0x000004d8   0x000004d8   0x00000008   Code   RO         1052    .text               mc_p.l(ctype_o.o)
    0x000004e0   0x000004e0   0x00000012   Code   RO         1074    .text               mc_p.l(isspace_o.o)
    0x000004f2   0x000004f2   0x000000a6   Code   RO         1087    .text               mc_p.l(_strtoul.o)
    0x00000598   0x00000598   0x0000001a   Code   RO         1089    .text               mc_p.l(strtof.o)
    0x000005b2   0x000005b2   0x00000000   Code   RO         1091    .text               mc_p.l(iusefp.o)
    0x000005b2   0x000005b2   0x00000082   Code   RO         1092    .text               mf_p.l(fepilogue.o)
    0x00000634   0x00000634   0x000000d0   Code   RO         1096    .text               mf_p.l(dmul.o)
    0x00000704   0x00000704   0x000000f0   Code   RO         1098    .text               mf_p.l(ddiv.o)
    0x000007f4   0x000007f4   0x00000028   Code   RO         1102    .text               mf_p.l(cdrcmple.o)
    0x0000081c   0x0000081c   0x00000004   PAD
    0x00000820   0x00000820   0x00000024   Code   RO         1110    .text               mc_p.l(init.o)
    0x00000844   0x00000844   0x00000020   Code   RO         1113    .text               mc_p.l(llshl.o)
    0x00000864   0x00000864   0x00000022   Code   RO         1115    .text               mc_p.l(llushr.o)
    0x00000886   0x00000886   0x0000001e   Code   RO         1119    .text               mc_p.l(_chval.o)
    0x000008a4   0x000008a4   0x000000a4   Code   RO         1121    .text               mc_p.l(strtod.o)
    0x00000948   0x00000948   0x000000be   Code   RO         1124    .text               mf_p.l(depilogue.o)
    0x00000a06   0x00000a06   0x00000002   PAD
    0x00000a08   0x00000a08   0x00000374   Code   RO         1134    .text               mc_p.l(scanf_fp.o)
    0x00000d7c   0x00000d7c   0x00000044   Code   RO         1138    .text               mc_p.l(_sgetc.o)
    0x00000dc0   0x00000dc0   0x00000028   Code   RO         1140    .text               mf_p.l(cdcmple.o)
    0x00000de8   0x00000de8   0x00000038   Code   RO         1142    .text               mf_p.l(d2f.o)
    0x00000e20   0x00000e20   0x00000004   Code   RO         1144    .text               mf_p.l(fpstat.o)
    0x00000e24   0x00000e24   0x0000007a   Code   RO         1146    .text               mc_p.l(llmul.o)
    0x00000e9e   0x00000e9e   0x0000002c   Code   RO         1151    .text               mf_p.l(dscalb.o)
    0x00000eca   0x00000eca   0x00000002   PAD
    0x00000ecc   0x00000ecc   0x0000001c   Code   RO         1153    .text               mf_p.l(dfltul.o)
    0x00000ee8   0x00000ee8   0x0000000a   Code   RO          548    .text.DL_Common_delayCycles  driverlib.a(dl_common.o)
    0x00000ef2   0x00000ef2   0x0000000c   Code   RO           77    .text.DL_Common_updateReg  ti_msp_dl_config.o
    0x00000efe   0x00000efe   0x00000002   PAD
    0x00000f00   0x00000f00   0x0000000c   Code   RO           47    .text.DL_GPIO_clearPins  ti_msp_dl_config.o
    0x00000f0c   0x00000f0c   0x0000000c   Code   RO          481    .text.DL_GPIO_clearPins  hal_ti_mspm0.o
    0x00000f18   0x00000f18   0x0000000c   Code   RO          523    .text.DL_GPIO_disableOutput  hal_ti_mspm0.o
    0x00000f24   0x00000f24   0x00000008   Code   RO           41    .text.DL_GPIO_enableOutput  ti_msp_dl_config.o
    0x00000f2c   0x00000f2c   0x0000000c   Code   RO          531    .text.DL_GPIO_enableOutput  hal_ti_mspm0.o
    0x00000f38   0x00000f38   0x0000000c   Code   RO           33    .text.DL_GPIO_enablePower  ti_msp_dl_config.o
    0x00000f44   0x00000f44   0x0000000c   Code   RO           49    .text.DL_GPIO_initDigitalInputFeatures  ti_msp_dl_config.o
    0x00000f50   0x00000f50   0x00000010   Code   RO          525    .text.DL_GPIO_initDigitalInputFeatures  hal_ti_mspm0.o
    0x00000f60   0x00000f60   0x0000000c   Code   RO           45    .text.DL_GPIO_initDigitalOutput  ti_msp_dl_config.o
    0x00000f6c   0x00000f6c   0x0000000c   Code   RO          529    .text.DL_GPIO_initDigitalOutput  hal_ti_mspm0.o
    0x00000f78   0x00000f78   0x00000010   Code   RO           43    .text.DL_GPIO_initPeripheralInputFunction  ti_msp_dl_config.o
    0x00000f88   0x00000f88   0x00000010   Code   RO           39    .text.DL_GPIO_initPeripheralOutputFunction  ti_msp_dl_config.o
    0x00000f98   0x00000f98   0x0000000a   Code   RO          485    .text.DL_GPIO_readPins  hal_ti_mspm0.o
    0x00000fa2   0x00000fa2   0x00000002   PAD
    0x00000fa4   0x00000fa4   0x0000000c   Code   RO           27    .text.DL_GPIO_reset  ti_msp_dl_config.o
    0x00000fb0   0x00000fb0   0x0000000c   Code   RO          479    .text.DL_GPIO_setPins  hal_ti_mspm0.o
    0x00000fbc   0x00000fbc   0x000000c4   Code   RO          694    .text.DL_SYSCTL_configSYSPLL  driverlib.a(dl_sysctl_mspm0g1x0x_g3x0x.o)
    0x00001080   0x00001080   0x00000010   Code   RO           59    .text.DL_SYSCTL_enableMFCLK  ti_msp_dl_config.o
    0x00001090   0x00001090   0x0000000c   Code   RO           51    .text.DL_SYSCTL_setBORThreshold  ti_msp_dl_config.o
    0x0000109c   0x0000109c   0x00000014   Code   RO           53    .text.DL_SYSCTL_setFlashWaitState  ti_msp_dl_config.o
    0x000010b0   0x000010b0   0x00000014   Code   RO           55    .text.DL_SYSCTL_setSYSOSCFreq  ti_msp_dl_config.o
    0x000010c4   0x000010c4   0x00000010   Code   RO           57    .text.DL_SYSCTL_setULPCLKDivider  ti_msp_dl_config.o
    0x000010d4   0x000010d4   0x00000028   Code   RO          702    .text.DL_SYSCTL_switchMCLKfromSYSOSCtoHSCLK  driverlib.a(dl_sysctl_mspm0g1x0x_g3x0x.o)
    0x000010fc   0x000010fc   0x00000008   Code   RO           63    .text.DL_Timer_enableClock  ti_msp_dl_config.o
    0x00001104   0x00001104   0x0000000c   Code   RO           35    .text.DL_Timer_enablePower  ti_msp_dl_config.o
    0x00001110   0x00001110   0x0000010c   Code   RO          633    .text.DL_Timer_initFourCCPWMMode  driverlib.a(dl_timer.o)
    0x0000121c   0x0000121c   0x0000000c   Code   RO           29    .text.DL_Timer_reset  ti_msp_dl_config.o
    0x00001228   0x00001228   0x00000008   Code   RO           65    .text.DL_Timer_setCCPDirection  ti_msp_dl_config.o
    0x00001230   0x00001230   0x0000001c   Code   RO          603    .text.DL_Timer_setCaptCompUpdateMethod  driverlib.a(dl_timer.o)
    0x0000124c   0x0000124c   0x00000018   Code   RO          607    .text.DL_Timer_setCaptureCompareOutCtl  driverlib.a(dl_timer.o)
    0x00001264   0x00001264   0x00000010   Code   RO          563    .text.DL_Timer_setCaptureCompareValue  driverlib.a(dl_timer.o)
    0x00001274   0x00001274   0x0000001c   Code   RO          557    .text.DL_Timer_setClockConfig  driverlib.a(dl_timer.o)
    0x00001290   0x00001290   0x00000018   Code   RO           61    .text.DL_Timer_setCounterControl  ti_msp_dl_config.o
    0x000012a8   0x000012a8   0x00000010   Code   RO          463    .text.DL_Timer_startCounter  hal_ti_mspm0.o
    0x000012b8   0x000012b8   0x0000000c   Code   RO           75    .text.DL_UART_enable  ti_msp_dl_config.o
    0x000012c4   0x000012c4   0x00000014   Code   RO           73    .text.DL_UART_enableInterrupt  ti_msp_dl_config.o
    0x000012d8   0x000012d8   0x00000010   Code   RO           37    .text.DL_UART_enablePower  ti_msp_dl_config.o
    0x000012e8   0x000012e8   0x0000000c   Code   RO          455    .text.DL_UART_getPendingInterrupt  hal_ti_mspm0.o
    0x000012f4   0x000012f4   0x00000048   Code   RO          654    .text.DL_UART_init  driverlib.a(dl_uart.o)
    0x0000133c   0x0000133c   0x00000010   Code   RO          457    .text.DL_UART_isRXFIFOEmpty  hal_ti_mspm0.o
    0x0000134c   0x0000134c   0x0000000c   Code   RO          459    .text.DL_UART_receiveData  hal_ti_mspm0.o
    0x00001358   0x00001358   0x00000010   Code   RO           31    .text.DL_UART_reset  ti_msp_dl_config.o
    0x00001368   0x00001368   0x00000030   Code   RO           71    .text.DL_UART_setBaudRateDivisor  ti_msp_dl_config.o
    0x00001398   0x00001398   0x00000012   Code   RO          656    .text.DL_UART_setClockConfig  driverlib.a(dl_uart.o)
    0x000013aa   0x000013aa   0x00000002   PAD
    0x000013ac   0x000013ac   0x00000014   Code   RO           69    .text.DL_UART_setOversampling  ti_msp_dl_config.o
    0x000013c0   0x000013c0   0x00000014   Code   RO          668    .text.DL_UART_transmitDataBlocking  driverlib.a(dl_uart.o)
    0x000013d4   0x000013d4   0x00000094   Code   RO           15    .text.SYSCFG_DL_GPIO_init  ti_msp_dl_config.o
    0x00001468   0x00001468   0x0000008c   Code   RO           19    .text.SYSCFG_DL_Motor_init  ti_msp_dl_config.o
    0x000014f4   0x000014f4   0x00000028   Code   RO           17    .text.SYSCFG_DL_SYSCTL_init  ti_msp_dl_config.o
    0x0000151c   0x0000151c   0x00000034   Code   RO           21    .text.SYSCFG_DL_UART_K230_init  ti_msp_dl_config.o
    0x00001550   0x00001550   0x00000024   Code   RO           11    .text.SYSCFG_DL_init  ti_msp_dl_config.o
    0x00001574   0x00001574   0x00000040   Code   RO           13    .text.SYSCFG_DL_initPower  ti_msp_dl_config.o
    0x000015b4   0x000015b4   0x00000020   Code   RO          469    .text.SysTick_Config  hal_ti_mspm0.o
    0x000015d4   0x000015d4   0x00000010   Code   RO          451    .text.SysTick_Handler  hal_ti_mspm0.o
    0x000015e4   0x000015e4   0x00000048   Code   RO          453    .text.UART0_IRQHandler  hal_ti_mspm0.o
    0x0000162c   0x0000162c   0x0000000e   Code   RO          333    .text.__ARM_isfinitef  k230_protocol.o
    0x0000163a   0x0000163a   0x00000002   PAD
    0x0000163c   0x0000163c   0x00000010   Code   RO          465    .text.__NVIC_ClearPendingIRQ  hal_ti_mspm0.o
    0x0000164c   0x0000164c   0x00000010   Code   RO          467    .text.__NVIC_EnableIRQ  hal_ti_mspm0.o
    0x0000165c   0x0000165c   0x00000018   Code   RO          471    .text.__NVIC_SetPriority  hal_ti_mspm0.o
    0x00001674   0x00001674   0x00000008   Code   RO          154    .text.absf_local    robot_app.o
    0x0000167c   0x0000167c   0x00000064   Code   RO          378    .text.apply_one_motor  motor.o
    0x000016e0   0x000016e0   0x0000000c   Code   RO          409    .text.be16          mpu6050.o
    0x000016ec   0x000016ec   0x0000002c   Code   RO          142    .text.begin_q2_brake  robot_app.o
    0x00001718   0x00001718   0x0000003c   Code   RO          170    .text.clamp_motor_command  robot_app.o
    0x00001754   0x00001754   0x00000018   Code   RO          374    .text.clamp_pwm     motor.o
    0x0000176c   0x0000176c   0x0000002a   Code   RO          225    .text.clampf        pid.o
    0x00001796   0x00001796   0x00000002   PAD
    0x00001798   0x00001798   0x00000020   Code   RO          116    .text.copy_k230_telemetry  robot_app.o
    0x000017b8   0x000017b8   0x00000020   Code   RO          238    .text.display_init  display.o
    0x000017d8   0x000017d8   0x0000009c   Code   RO          240    .text.display_update  display.o
    0x00001874   0x00001874   0x00000040   Code   RO          248    .text.draw_time     display.o
    0x000018b4   0x000018b4   0x00000044   Code   RO          134    .text.enter_ready   robot_app.o
    0x000018f8   0x000018f8   0x00000008   Code   RO          335    .text.fabsf         k230_protocol.o
    0x00001900   0x00001900   0x00000034   Code   RO          172    .text.fail_q3       robot_app.o
    0x00001934   0x00001934   0x00000028   Code   RO          178    .text.fail_q3_hold  robot_app.o
    0x0000195c   0x0000195c   0x00000024   Code   RO          250    .text.fault_text    display.o
    0x00001980   0x00001980   0x00000030   Code   RO          174    .text.finish_q3     robot_app.o
    0x000019b0   0x000019b0   0x00000016   Code   RO          475    .text.hal_delay_ms  hal_ti_mspm0.o
    0x000019c6   0x000019c6   0x00000002   PAD
    0x000019c8   0x000019c8   0x0000005c   Code   RO          483    .text.hal_gpio_read  hal_ti_mspm0.o
    0x00001a24   0x00001a24   0x00000038   Code   RO          477    .text.hal_gpio_write  hal_ti_mspm0.o
    0x00001a5c   0x00001a5c   0x00000054   Code   RO          491    .text.hal_i2c_write  hal_ti_mspm0.o
    0x00001ab0   0x00001ab0   0x000000b4   Code   RO          499    .text.hal_i2c_write_read  hal_ti_mspm0.o
    0x00001b64   0x00001b64   0x0000002c   Code   RO          461    .text.hal_init      hal_ti_mspm0.o
    0x00001b90   0x00001b90   0x0000000c   Code   RO          473    .text.hal_millis    hal_ti_mspm0.o
    0x00001b9c   0x00001b9c   0x00000040   Code   RO          487    .text.hal_pwm_set_duty_permille  hal_ti_mspm0.o
    0x00001bdc   0x00001bdc   0x00000002   Code   RO          507    .text.hal_uart_debug_write  hal_ti_mspm0.o
    0x00001bde   0x00001bde   0x00000002   PAD
    0x00001be0   0x00001be0   0x00000030   Code   RO          503    .text.hal_uart_k230_read_byte  hal_ti_mspm0.o
    0x00001c10   0x00001c10   0x00000028   Code   RO          505    .text.hal_uart_k230_write  hal_ti_mspm0.o
    0x00001c38   0x00001c38   0x0000008c   Code   RO          122    .text.handle_button_events  robot_app.o
    0x00001cc4   0x00001cc4   0x0000000a   Code   RO          513    .text.i2c_delay     hal_ti_mspm0.o
    0x00001cce   0x00001cce   0x0000001a   Code   RO          527    .text.i2c_drive_low  hal_ti_mspm0.o
    0x00001ce8   0x00001ce8   0x00000076   Code   RO          501    .text.i2c_read_byte  hal_ti_mspm0.o
    0x00001d5e   0x00001d5e   0x00000012   Code   RO          521    .text.i2c_release   hal_ti_mspm0.o
    0x00001d70   0x00001d70   0x0000000e   Code   RO          519    .text.i2c_scl_low   hal_ti_mspm0.o
    0x00001d7e   0x00001d7e   0x00000002   PAD
    0x00001d80   0x00001d80   0x00000030   Code   RO          511    .text.i2c_scl_release_and_wait  hal_ti_mspm0.o
    0x00001db0   0x00001db0   0x00000018   Code   RO          515    .text.i2c_sda_is_high  hal_ti_mspm0.o
    0x00001dc8   0x00001dc8   0x0000000e   Code   RO          517    .text.i2c_sda_low   hal_ti_mspm0.o
    0x00001dd6   0x00001dd6   0x0000000e   Code   RO          509    .text.i2c_sda_release  hal_ti_mspm0.o
    0x00001de4   0x00001de4   0x00000032   Code   RO          493    .text.i2c_start     hal_ti_mspm0.o
    0x00001e16   0x00001e16   0x0000001c   Code   RO          497    .text.i2c_stop      hal_ti_mspm0.o
    0x00001e32   0x00001e32   0x00000060   Code   RO          495    .text.i2c_write_byte  hal_ti_mspm0.o
    0x00001e92   0x00001e92   0x00000002   PAD
    0x00001e94   0x00001e94   0x00000014   Code   RO          307    .text.k230_protocol_get  k230_protocol.o
    0x00001ea8   0x00001ea8   0x0000001c   Code   RO          301    .text.k230_protocol_init  k230_protocol.o
    0x00001ec4   0x00001ec4   0x00000074   Code   RO          303    .text.k230_protocol_poll  k230_protocol.o
    0x00001f38   0x00001f38   0x00000030   Code   RO          311    .text.k230_protocol_send_q3_abort  k230_protocol.o
    0x00001f68   0x00001f68   0x00000030   Code   RO          315    .text.k230_protocol_send_q3_keepalive  k230_protocol.o
    0x00001f98   0x00001f98   0x00000030   Code   RO          313    .text.k230_protocol_send_q3_neutral  k230_protocol.o
    0x00001fc8   0x00001fc8   0x00000038   Code   RO          309    .text.k230_protocol_send_q3_start  k230_protocol.o
    0x00002000   0x00002000   0x0000000c   Code   RO          351    .text.line_sensor_init  line_sensor.o
    0x0000200c   0x0000200c   0x000000e0   Code   RO          353    .text.line_sensor_read  line_sensor.o
    0x000020ec   0x000020ec   0x00000014   Code   RO           98    .text.main          main.o
    0x00002100   0x00002100   0x00000014   Code   RO          176    .text.map_q3_phase  robot_app.o
    0x00002114   0x00002114   0x00000014   Code   RO          329    .text.mark_frame    k230_protocol.o
    0x00002128   0x00002128   0x0000001a   Code   RO          152    .text.mask_bit_count  robot_app.o
    0x00002142   0x00002142   0x00000002   PAD
    0x00002144   0x00002144   0x0000005c   Code   RO          380    .text.motor_brake   motor.o
    0x000021a0   0x000021a0   0x00000008   Code   RO          382    .text.motor_get_left  motor.o
    0x000021a8   0x000021a8   0x00000008   Code   RO          384    .text.motor_get_right  motor.o
    0x000021b0   0x000021b0   0x00000014   Code   RO          368    .text.motor_init    motor.o
    0x000021c4   0x000021c4   0x00000058   Code   RO          372    .text.motor_set_raw  motor.o
    0x0000221c   0x0000221c   0x00000050   Code   RO          370    .text.motor_stop    motor.o
    0x0000226c   0x0000226c   0x0000006c   Code   RO          403    .text.mpu6050_calibrate_gyro  mpu6050.o
    0x000022d8   0x000022d8   0x00000010   Code   RO          413    .text.mpu6050_get_state  mpu6050.o
    0x000022e8   0x000022e8   0x0000006c   Code   RO          399    .text.mpu6050_init  mpu6050.o
    0x00002354   0x00002354   0x00000098   Code   RO          411    .text.mpu6050_update  mpu6050.o
    0x000023ec   0x000023ec   0x0000000c   Code   RO          405    .text.mpu6050_zero_yaw  mpu6050.o
    0x000023f8   0x000023f8   0x00000010   Code   RO          275    .text.oled_clear    oled.o
    0x00002408   0x00002408   0x00000054   Code   RO          279    .text.oled_draw_char  oled.o
    0x0000245c   0x0000245c   0x0000002c   Code   RO          283    .text.oled_draw_string  oled.o
    0x00002488   0x00002488   0x00000040   Code   RO          277    .text.oled_flush    oled.o
    0x000024c8   0x000024c8   0x0000003c   Code   RO          271    .text.oled_init     oled.o
    0x00002504   0x00002504   0x0000002c   Code   RO          281    .text.oled_set_pixel  oled.o
    0x00002530   0x00002530   0x00000018   Code   RO          273    .text.oled_write_cmd  oled.o
    0x00002548   0x00002548   0x00000088   Code   RO          317    .text.parse_ack     k230_protocol.o
    0x000025d0   0x000025d0   0x00000084   Code   RO          321    .text.parse_done    k230_protocol.o
    0x00002654   0x00002654   0x00000058   Code   RO          323    .text.parse_fault   k230_protocol.o
    0x000026ac   0x000026ac   0x00000130   Code   RO          319    .text.parse_h3      k230_protocol.o
    0x000027dc   0x000027dc   0x00000074   Code   RO          325    .text.parse_legacy_ball  k230_protocol.o
    0x00002850   0x00002850   0x000000bc   Code   RO          305    .text.parse_line    k230_protocol.o
    0x0000290c   0x0000290c   0x00000020   Code   RO          246    .text.phase_text    display.o
    0x0000292c   0x0000292c   0x00000014   Code   RO          219    .text.pid_init      pid.o
    0x00002940   0x00002940   0x0000000a   Code   RO          221    .text.pid_reset     pid.o
    0x0000294a   0x0000294a   0x00000002   PAD
    0x0000294c   0x0000294c   0x000000a0   Code   RO          223    .text.pid_update    pid.o
    0x000029ec   0x000029ec   0x00000030   Code   RO          120    .text.poll_buttons  robot_app.o
    0x00002a1c   0x00002a1c   0x0000000e   Code   RO          164    .text.q2_black_marker  robot_app.o
    0x00002a2a   0x00002a2a   0x00000002   PAD
    0x00002a2c   0x00002a2c   0x00000018   Code   RO          140    .text.q2_clear_start_samples  robot_app.o
    0x00002a44   0x00002a44   0x00000090   Code   RO          150    .text.q2_detect_start_marker  robot_app.o
    0x00002ad4   0x00002ad4   0x000000cc   Code   RO          166    .text.q2_finish_marker_candidate  robot_app.o
    0x00002ba0   0x00002ba0   0x00000020   Code   RO          162    .text.q2_raw_marker  robot_app.o
    0x00002bc0   0x00002bc0   0x0000002c   Code   RO          118    .text.q2_record_start_sample  robot_app.o
    0x00002bec   0x00002bec   0x00000018   Code   RO          376    .text.ramp_to       motor.o
    0x00002c04   0x00002c04   0x0000001e   Code   RO          407    .text.read_regs     mpu6050.o
    0x00002c22   0x00002c22   0x00000002   PAD
    0x00002c24   0x00002c24   0x000001d8   Code   RO          242    .text.render_q2     display.o
    0x00002dfc   0x00002dfc   0x00000198   Code   RO          244    .text.render_q3     display.o
    0x00002f94   0x00002f94   0x00000054   Code   RO          148    .text.reset_task_runtime  robot_app.o
    0x00002fe8   0x00002fe8   0x00000088   Code   RO          112    .text.robot_app_init  robot_app.o
    0x00003070   0x00003070   0x0000014c   Code   RO          114    .text.robot_app_tick  robot_app.o
    0x000031bc   0x000031bc   0x00000114   Code   RO          168    .text.run_line_control  robot_app.o
    0x000032d0   0x000032d0   0x0000009c   Code   RO          144    .text.start_q2      robot_app.o
    0x0000336c   0x0000336c   0x000000b8   Code   RO          146    .text.start_q3      robot_app.o
    0x00003424   0x00003424   0x0000001c   Code   RO          138    .text.start_selected_task  robot_app.o
    0x00003440   0x00003440   0x00000030   Code   RO          136    .text.stop_running_task  robot_app.o
    0x00003470   0x00003470   0x00000120   Code   RO          128    .text.supervise_q3_hold  robot_app.o
    0x00003590   0x00003590   0x0000003e   Code   RO          331    .text.take_float    k230_protocol.o
    0x000035ce   0x000035ce   0x00000040   Code   RO          327    .text.take_long     k230_protocol.o
    0x0000360e   0x0000360e   0x00000038   Code   RO          132    .text.update_button  robot_app.o
    0x00003646   0x00003646   0x00000002   PAD
    0x00003648   0x00003648   0x0000007c   Code   RO          124    .text.update_q2     robot_app.o
    0x000036c4   0x000036c4   0x00000070   Code   RO          160    .text.update_q2_brake  robot_app.o
    0x00003734   0x00003734   0x000000a4   Code   RO          158    .text.update_q2_follow  robot_app.o
    0x000037d8   0x000037d8   0x00000090   Code   RO          156    .text.update_q2_leave  robot_app.o
    0x00003868   0x00003868   0x000001d4   Code   RO          126    .text.update_q3     robot_app.o
    0x00003a3c   0x00003a3c   0x00000018   Code   RO          401    .text.write_reg     mpu6050.o
    0x00003a54   0x00003a54   0x00000034   Code   RO          956    i.__0snprintf$8     mc_p.l(printf8.o)
    0x00003a88   0x00003a88   0x0000002e   Code   RO         1126    i.__ARM_clz         mf_p.l(depilogue.o)
    0x00003ab6   0x00003ab6   0x00000002   PAD
    0x00003ab8   0x00003ab8   0x00000008   Code   RO         1080    i.__aeabi_errno_addr  mc_p.l(errno.o)
    0x00003ac0   0x00003ac0   0x00000010   Code   RO         1104    i.__mathlib_narrow  m_ps.l(narrow.o)
    0x00003ad0   0x00003ad0   0x000000c8   Code   RO         1105    i.__mathlib_tofloat  m_ps.l(narrow.o)
    0x00003b98   0x00003b98   0x0000000e   Code   RO         1157    i.__scatterload_copy  mc_p.l(handlers.o)
    0x00003ba6   0x00003ba6   0x00000002   PAD
    0x00003ba8   0x00003ba8   0x00000002   Code   RO         1158    i.__scatterload_null  mc_p.l(handlers.o)
    0x00003baa   0x00003baa   0x00000006   PAD
    0x00003bb0   0x00003bb0   0x0000000e   Code   RO         1159    i.__scatterload_zeroinit  mc_p.l(handlers.o)
    0x00003bbe   0x00003bbe   0x00000002   PAD
    0x00003bc0   0x00003bc0   0x0000000c   Code   RO         1082    i.__set_errno       mc_p.l(errno.o)
    0x00003bcc   0x00003bcc   0x0000000e   Code   RO         1136    i._is_digit         mc_p.l(scanf_fp.o)
    0x00003bda   0x00003bda   0x00000002   PAD
    0x00003bdc   0x00003bdc   0x00000428   Code   RO          962    i._printf_core      mc_p.l(printf8.o)
    0x00004004   0x00004004   0x00000020   Code   RO          963    i._printf_post_padding  mc_p.l(printf8.o)
    0x00004024   0x00004024   0x0000002c   Code   RO          964    i._printf_pre_padding  mc_p.l(printf8.o)
    0x00004050   0x00004050   0x00000016   Code   RO          965    i._snputc           mc_p.l(printf8.o)
    0x00004066   0x00004066   0x00000002   PAD
    0x00004068   0x00004068   0x00000058   Code   RO         1129    i.frexp             m_ps.l(frexp.o)
    0x000040c0   0x000040c0   0x00000014   Code   RO          730    i.strtof            m_ps.l(strtof.o)
    0x000040d4   0x000040d4   0x00000081   Data   RO         1053    .constdata          mc_p.l(ctype_o.o)
    0x00004155   0x00004155   0x00000003   PAD
    0x00004158   0x00004158   0x00000004   Data   RO         1054    .constdata          mc_p.l(ctype_o.o)
    0x0000415c   0x0000415c   0x00000004   PAD
    0x00004160   0x00004160   0x00000028   Data   RO          258    .rodata..Lswitch.table  display.o
    0x00004188   0x00004188   0x00000008   PAD
    0x00004190   0x00004190   0x00000028   Data   RO          259    .rodata..Lswitch.table.44  display.o
    0x000041b8   0x000041b8   0x00000003   Data   RO           81    .rodata.gMotorClockConfig  ti_msp_dl_config.o
    0x000041bb   0x000041bb   0x00000001   PAD
    0x000041bc   0x000041bc   0x00000008   Data   RO           82    .rodata.gMotorConfig  ti_msp_dl_config.o
    0x000041c4   0x000041c4   0x00000028   Data   RO           80    .rodata.gSYSPLLConfig  ti_msp_dl_config.o
    0x000041ec   0x000041ec   0x00000002   Data   RO           85    .rodata.gUARTK230ClockConfig  ti_msp_dl_config.o
    0x000041ee   0x000041ee   0x0000000a   Data   RO           86    .rodata.gUARTK230Config  ti_msp_dl_config.o
    0x000041f8   0x000041f8   0x00000007   Data   RO          289    .rodata.oled_flush.addr_window  oled.o
    0x000041ff   0x000041ff   0x000002f8   Data   RO          288    .rodata.s_font8x8   oled.o
    0x000044f7   0x000044f7   0x000000e0   Data   RO          257    .rodata.str1.1      display.o
    0x000045d7   0x000045d7   0x00000001   PAD
    0x000045d8   0x000045d8   0x00000020   Data   RO         1155    Region$$Table       anon$$obj.o


    Execution Region RW_IRAM2 (Exec base: 0x20200000, Load base: 0x000045f8, Size: 0x000016f8, Max: 0x00008000, ABSOLUTE)

    Exec Addr    Load Addr    Size         Type   Attr      Idx    E Section Name        Object

    0x20200000   0x000045f8   0x00000004   Data   RW         1083    .data               mc_p.l(errno.o)
    0x20200004   0x000045fc   0x00000004   PAD
    0x20200008        -       0x00000001   Zero   RW          256    .bss.display_update.s_have_last_frame  display.o
    0x20200009        -       0x00000001   Zero   RW          253    .bss.display_update.s_last_mode  display.o
    0x2020000a        -       0x00000001   Zero   RW          255    .bss.display_update.s_last_phase  display.o
    0x2020000b   0x000045fc   0x00000001   PAD
    0x2020000c        -       0x00000004   Zero   RW          252    .bss.display_update.s_last_refresh_ms  display.o
    0x20200010        -       0x00000001   Zero   RW          254    .bss.display_update.s_last_state  display.o
    0x20200011   0x000045fc   0x00000003   PAD
    0x20200014        -       0x000000bc   Zero   RW           79    .bss.gMotorBackup   ti_msp_dl_config.o
    0x202000d0        -       0x00000004   Zero   RW          533    .bss.g_systick_ms   hal_ti_mspm0.o
    0x202000d4        -       0x00000004   Zero   RW          356    .bss.s_black_history  line_sensor.o
    0x202000d8        -       0x00000004   Zero   RW          199    .bss.s_brake_start_ms  robot_app.o
    0x202000dc        -       0x00000400   Zero   RW          287    .bss.s_fb           oled.o
    0x202004dc        -       0x00000001   Zero   RW          187    .bss.s_have_previous_yaw  robot_app.o
    0x202004dd        -       0x00000001   Zero   RW          185    .bss.s_imu_online   robot_app.o
    0x202004de   0x000045fc   0x00000002   PAD
    0x202004e0        -       0x00000008   Zero   RW          183    .bss.s_key_calib    robot_app.o
    0x202004e8        -       0x00000008   Zero   RW          181    .bss.s_key_mode     robot_app.o
    0x202004f0        -       0x00000008   Zero   RW          182    .bss.s_key_start    robot_app.o
    0x202004f8        -       0x00000004   Zero   RW          355    .bss.s_last_error   line_sensor.o
    0x202004fc        -       0x00000004   Zero   RW          189    .bss.s_last_line_seen_ms  robot_app.o
    0x20200500        -       0x00000004   Zero   RW          186    .bss.s_last_tick_ms  robot_app.o
    0x20200504        -       0x00000004   Zero   RW          190    .bss.s_last_valid_line_error  robot_app.o
    0x20200508        -       0x00000002   Zero   RW          386    .bss.s_left_pwm     motor.o
    0x2020050a   0x000045fc   0x00000002   PAD
    0x2020050c        -       0x00000080   Zero   RW          337    .bss.s_line_buf     k230_protocol.o
    0x2020058c        -       0x00000001   Zero   RW          339    .bss.s_line_len     k230_protocol.o
    0x2020058d   0x000045fc   0x00000003   PAD
    0x20200590        -       0x00000004   Zero   RW          197    .bss.s_line_lost_since_ms  robot_app.o
    0x20200594        -       0x00000020   Zero   RW          184    .bss.s_line_pid     robot_app.o
    0x202005b4        -       0x00000004   Zero   RW          196    .bss.s_marker_clear_since_ms  robot_app.o
    0x202005b8        -       0x00000004   Zero   RW          195    .bss.s_marker_since_ms  robot_app.o
    0x202005bc        -       0x00000018   Zero   RW          415    .bss.s_mpu          mpu6050.o
    0x202005d4        -       0x00000004   Zero   RW          188    .bss.s_previous_yaw_deg  robot_app.o
    0x202005d8        -       0x00000001   Zero   RW          198    .bss.s_q2_brake_reason  robot_app.o
    0x202005d9        -       0x00000001   Zero   RW          205    .bss.s_q2_finish_armed  robot_app.o
    0x202005da        -       0x00000001   Zero   RW          200    .bss.s_q2_marker    robot_app.o
    0x202005db        -       0x00000001   Zero   RW          193    .bss.s_q2_start_mask_count  robot_app.o
    0x202005dc        -       0x00000001   Zero   RW          192    .bss.s_q2_start_mask_index  robot_app.o
    0x202005dd   0x000045fc   0x00000003   PAD
    0x202005e0        -       0x00000010   Zero   RW          191    .bss.s_q2_start_masks  robot_app.o
    0x202005f0        -       0x00000001   Zero   RW          206    .bss.s_q3_attempts  robot_app.o
    0x202005f1   0x000045fc   0x00000003   PAD
    0x202005f4        -       0x00000004   Zero   RW          204    .bss.s_q3_hold_bad_since_ms  robot_app.o
    0x202005f8        -       0x00000004   Zero   RW          207    .bss.s_q3_last_command_ms  robot_app.o
    0x202005fc        -       0x00000004   Zero   RW          203    .bss.s_q3_last_keepalive_ms  robot_app.o
    0x20200600        -       0x00000004   Zero   RW          202    .bss.s_q3_last_status_ms  robot_app.o
    0x20200604        -       0x00000002   Zero   RW          194    .bss.s_q3_seq       robot_app.o
    0x20200606        -       0x00000002   Zero   RW          387    .bss.s_right_pwm    motor.o
    0x20200608        -       0x0000002c   Zero   RW          338    .bss.s_status       k230_protocol.o
    0x20200634        -       0x00000004   Zero   RW          201    .bss.s_task_start_ms  robot_app.o
    0x20200638        -       0x00000038   Zero   RW          180    .bss.s_tel          robot_app.o
    0x20200670        -       0x00000080   Zero   RW          536    .bss.s_uart_rx_buffer  hal_ti_mspm0.o
    0x202006f0        -       0x00000001   Zero   RW          534    .bss.s_uart_rx_head  hal_ti_mspm0.o
    0x202006f1        -       0x00000001   Zero   RW          535    .bss.s_uart_rx_tail  hal_ti_mspm0.o
    0x202006f2   0x000045fc   0x00000006   PAD
    0x202006f8        -       0x00001000   Zero   RW            1    STACK               startup_mspm0g350x_uvision.o



  Load Region LR_BCR (Base: 0x41c00000, Size: 0x00000000, Max: 0x00000100, ABSOLUTE)

    Execution Region BCR_CONFIG (Exec base: 0x41c00000, Load base: 0x41c00000, Size: 0x00000000, Max: 0x00000080, ABSOLUTE)

    **** No section assigned to this execution region ****



  Load Region LR_BSL (Base: 0x41c00100, Size: 0x00000000, Max: 0x00000100, ABSOLUTE)

    Execution Region BSL_CONFIG (Exec base: 0x41c00100, Load base: 0x41c00100, Size: 0x00000000, Max: 0x00000080, ABSOLUTE)

    **** No section assigned to this execution region ****


==============================================================================

Image component sizes


      Code (inc. data)   RO Data    RW Data    ZI Data      Debug   Object Name

      1200        312        304          0          8       4714   display.o
      1422        144          0          0        134      20791   hal_ti_mspm0.o
      1496        180          0          0        173       8693   k230_protocol.o
       236         24          0          0          8       2143   line_sensor.o
        20          0          0          0          0        450   main.o
       444         16          0          0          4       2815   motor.o
       462         20          0          0         24       2969   mpu6050.o
       336         40        767          0       1024       2947   oled.o
       232          4          0          0          0       1873   pid.o
      3648        412          0          0        190      15983   robot_app.o
        20          4        192          0       4096        632   startup_mspm0g350x_uvision.o
       872        116         63          0        188      31275   ti_msp_dl_config.o

    ----------------------------------------------------------------------
     10414       1272       1368          0       5872      95285   Object Totals
         0          0         32          0          0          0   (incl. Generated)
        26          0         10          0         23          0   (incl. Padding)

    ----------------------------------------------------------------------

      Code (inc. data)   RO Data    RW Data    ZI Data      Debug   Library Member Name

        10          0          0          0          0        803   dl_common.o
       236         24          0          0          0      12867   dl_sysctl_mspm0g1x0x_g3x0x.o
       364         40          0          0          0      39888   dl_timer.o
       110         12          0          0          0      14127   dl_uart.o
        88         16          0          0          0         72   frexp.o
       216         10          0          0          0        144   narrow.o
        20          0          0          0          0         68   strtof.o
        30          0          0          0          0         60   _chval.o
        68          0          0          0          0         76   _sgetc.o
       166          0          0          0          0         84   _strtoul.o
         8          4        133          0          0         60   ctype_o.o
         0          0          0          0          0          0   entry.o
         0          0          0          0          0          0   entry10a.o
         0          0          0          0          0          0   entry11a.o
         8          4          0          0          0          0   entry2.o
         4          0          0          0          0          0   entry5.o
         0          0          0          0          0          0   entry7b.o
         0          0          0          0          0          0   entry8b.o
         8          4          0          0          0          0   entry9a.o
        20         10          0          4          0        120   errno.o
        30          0          0          0          0          0   handlers.o
        36          8          0          0          0         68   init.o
        18          0          0          0          0         68   isspace_o.o
         0          0          0          0          0          0   iusefp.o
       122          0          0          0          0         84   llmul.o
        32          0          0          0          0         68   llshl.o
        34          0          0          0          0         68   llushr.o
        36          0          0          0          0         60   memcpya.o
        36          0          0          0          0        100   memseta.o
      1214         50          0          0          0        384   printf8.o
       898         12          0          0          0        184   scanf_fp.o
        28          0          0          0          0         68   strcmp.o
        30          0          0          0          0         72   strncmp.o
       164         18          0          0          0        120   strtod.o
        26          0          0          0          0         72   strtof.o
       112          4          0          0          0         76   strtol.o
        44          0          0          0          0         72   uidiv.o
        96          0          0          0          0         84   uldiv.o
        40          2          0          0          0         68   cdcmple.o
        40          2          0          0          0         68   cdrcmple.o
        56          0          0          0          0         68   d2f.o
       240          6          0          0          0         84   ddiv.o
       236          0          0          0          0        216   depilogue.o
        28          6          0          0          0         68   dfltul.o
       208          6          0          0          0         88   dmul.o
        44          0          0          0          0         72   dscalb.o
       178          0          0          0          0        108   fadd.o
        28          0          0          0          0         60   fcmpge.o
        28          0          0          0          0         60   fcmpgt.o
        28          0          0          0          0         60   fcmple.o
        28          0          0          0          0         60   fcmplt.o
       124          0          0          0          0         72   fdiv.o
       130          0          0          0          0        144   fepilogue.o
        50          0          0          0          0         60   ffixi.o
        22          0          0          0          0         68   fflti.o
        14          0          0          0          0         68   ffltui.o
       122          0          0          0          0         72   fmul.o
         4          0          0          0          0         60   fpstat.o

    ----------------------------------------------------------------------
      5990        242        140          4          4      71641   Library Totals
        30          4          7          0          4          0   (incl. Padding)

    ----------------------------------------------------------------------

      Code (inc. data)   RO Data    RW Data    ZI Data      Debug   Library Name

       720         76          0          0          0      67685   driverlib.a
       324         26          0          0          0        284   m_ps.l
      3268        114        133          4          0       2048   mc_p.l
      1648         22          0          0          0       1624   mf_p.l

    ----------------------------------------------------------------------
      5990        242        140          4          4      71641   Library Totals

    ----------------------------------------------------------------------

==============================================================================


      Code (inc. data)   RO Data    RW Data    ZI Data      Debug   

     16404       1514       1508          4       5876     164730   Grand Totals
     16404       1514       1508          4       5876     164730   ELF Image Totals
     16404       1514       1508          4          0          0   ROM Totals

==============================================================================

    Total RO  Size (Code + RO Data)                17912 (  17.49kB)
    Total RW  Size (RW Data + ZI Data)              5880 (   5.74kB)
    Total ROM Size (Code + RO Data + RW Data)      17916 (  17.50kB)

==============================================================================

